Archive member included to satisfy reference by file (symbol)

/home/yusaku/eclipse/gcc-arm-none-eabi-6-2017-q2-update/bin/../lib/gcc/arm-none-eabi/6.3.1/../../../../arm-none-eabi/lib/thumb/v7-m/libstdc++_nano.a(new_op.o)
                              ./src/UartWithBuffer.o (operator new(unsigned int))
/home/yusaku/eclipse/gcc-arm-none-eabi-6-2017-q2-update/bin/../lib/gcc/arm-none-eabi/6.3.1/../../../../arm-none-eabi/lib/thumb/v7-m/libstdc++_nano.a(new_opv.o)
                              ./src/UartWithBuffer.o (operator new[](unsigned int))
/home/yusaku/eclipse/gcc-arm-none-eabi-6-2017-q2-update/bin/../lib/gcc/arm-none-eabi/6.3.1/../../../../arm-none-eabi/lib/thumb/v7-m/libstdc++_nano.a(new_handler.o)
                              /home/yusaku/eclipse/gcc-arm-none-eabi-6-2017-q2-update/bin/../lib/gcc/arm-none-eabi/6.3.1/../../../../arm-none-eabi/lib/thumb/v7-m/libstdc++_nano.a(new_op.o) (std::get_new_handler())
/home/yusaku/eclipse/gcc-arm-none-eabi-6-2017-q2-update/bin/../lib/gcc/arm-none-eabi/6.3.1/../../../../arm-none-eabi/lib/thumb/v7-m/libm.a(lib_a-s_cos.o)
                              ./src/main.o (cos)
/home/yusaku/eclipse/gcc-arm-none-eabi-6-2017-q2-update/bin/../lib/gcc/arm-none-eabi/6.3.1/../../../../arm-none-eabi/lib/thumb/v7-m/libm.a(lib_a-s_sin.o)
                              ./src/main.o (sin)
/home/yusaku/eclipse/gcc-arm-none-eabi-6-2017-q2-update/bin/../lib/gcc/arm-none-eabi/6.3.1/../../../../arm-none-eabi/lib/thumb/v7-m/libm.a(lib_a-e_rem_pio2.o)
                              /home/yusaku/eclipse/gcc-arm-none-eabi-6-2017-q2-update/bin/../lib/gcc/arm-none-eabi/6.3.1/../../../../arm-none-eabi/lib/thumb/v7-m/libm.a(lib_a-s_cos.o) (__ieee754_rem_pio2)
/home/yusaku/eclipse/gcc-arm-none-eabi-6-2017-q2-update/bin/../lib/gcc/arm-none-eabi/6.3.1/../../../../arm-none-eabi/lib/thumb/v7-m/libm.a(lib_a-k_cos.o)
                              /home/yusaku/eclipse/gcc-arm-none-eabi-6-2017-q2-update/bin/../lib/gcc/arm-none-eabi/6.3.1/../../../../arm-none-eabi/lib/thumb/v7-m/libm.a(lib_a-s_cos.o) (__kernel_cos)
/home/yusaku/eclipse/gcc-arm-none-eabi-6-2017-q2-update/bin/../lib/gcc/arm-none-eabi/6.3.1/../../../../arm-none-eabi/lib/thumb/v7-m/libm.a(lib_a-k_rem_pio2.o)
                              /home/yusaku/eclipse/gcc-arm-none-eabi-6-2017-q2-update/bin/../lib/gcc/arm-none-eabi/6.3.1/../../../../arm-none-eabi/lib/thumb/v7-m/libm.a(lib_a-e_rem_pio2.o) (__kernel_rem_pio2)
/home/yusaku/eclipse/gcc-arm-none-eabi-6-2017-q2-update/bin/../lib/gcc/arm-none-eabi/6.3.1/../../../../arm-none-eabi/lib/thumb/v7-m/libm.a(lib_a-k_sin.o)
                              /home/yusaku/eclipse/gcc-arm-none-eabi-6-2017-q2-update/bin/../lib/gcc/arm-none-eabi/6.3.1/../../../../arm-none-eabi/lib/thumb/v7-m/libm.a(lib_a-s_cos.o) (__kernel_sin)
/home/yusaku/eclipse/gcc-arm-none-eabi-6-2017-q2-update/bin/../lib/gcc/arm-none-eabi/6.3.1/../../../../arm-none-eabi/lib/thumb/v7-m/libm.a(lib_a-s_fabs.o)
                              /home/yusaku/eclipse/gcc-arm-none-eabi-6-2017-q2-update/bin/../lib/gcc/arm-none-eabi/6.3.1/../../../../arm-none-eabi/lib/thumb/v7-m/libm.a(lib_a-e_rem_pio2.o) (fabs)
/home/yusaku/eclipse/gcc-arm-none-eabi-6-2017-q2-update/bin/../lib/gcc/arm-none-eabi/6.3.1/../../../../arm-none-eabi/lib/thumb/v7-m/libm.a(lib_a-s_floor.o)
                              /home/yusaku/eclipse/gcc-arm-none-eabi-6-2017-q2-update/bin/../lib/gcc/arm-none-eabi/6.3.1/../../../../arm-none-eabi/lib/thumb/v7-m/libm.a(lib_a-k_rem_pio2.o) (floor)
/home/yusaku/eclipse/gcc-arm-none-eabi-6-2017-q2-update/bin/../lib/gcc/arm-none-eabi/6.3.1/../../../../arm-none-eabi/lib/thumb/v7-m/libm.a(lib_a-s_scalbn.o)
                              /home/yusaku/eclipse/gcc-arm-none-eabi-6-2017-q2-update/bin/../lib/gcc/arm-none-eabi/6.3.1/../../../../arm-none-eabi/lib/thumb/v7-m/libm.a(lib_a-k_rem_pio2.o) (scalbn)
/home/yusaku/eclipse/gcc-arm-none-eabi-6-2017-q2-update/bin/../lib/gcc/arm-none-eabi/6.3.1/../../../../arm-none-eabi/lib/thumb/v7-m/libm.a(lib_a-s_copysign.o)
                              /home/yusaku/eclipse/gcc-arm-none-eabi-6-2017-q2-update/bin/../lib/gcc/arm-none-eabi/6.3.1/../../../../arm-none-eabi/lib/thumb/v7-m/libm.a(lib_a-s_scalbn.o) (copysign)
/home/yusaku/eclipse/gcc-arm-none-eabi-6-2017-q2-update/bin/../lib/gcc/arm-none-eabi/6.3.1/thumb/v7-m/libgcc.a(_arm_addsubdf3.o)
                              ./src/main.o (__aeabi_dsub)
/home/yusaku/eclipse/gcc-arm-none-eabi-6-2017-q2-update/bin/../lib/gcc/arm-none-eabi/6.3.1/thumb/v7-m/libgcc.a(_arm_muldivdf3.o)
                              ./src/ros_lib/duration.o (__aeabi_dmul)
/home/yusaku/eclipse/gcc-arm-none-eabi-6-2017-q2-update/bin/../lib/gcc/arm-none-eabi/6.3.1/thumb/v7-m/libgcc.a(_arm_cmpdf2.o)
                              /home/yusaku/eclipse/gcc-arm-none-eabi-6-2017-q2-update/bin/../lib/gcc/arm-none-eabi/6.3.1/../../../../arm-none-eabi/lib/thumb/v7-m/libm.a(lib_a-e_rem_pio2.o) (__aeabi_dcmpeq)
[...]
Memory Configuration

Name             Origin             Length             Attributes
RAM              0x0000000020000000 0x0000000000005000 xrw
CCMRAM           0x0000000000000000 0x0000000000000000 xrw
FLASH            0x0000000008000000 0x0000000000010000 xr
FLASHB1          0x0000000000000000 0x0000000000000000 xr
EXTMEMB0         0x0000000000000000 0x0000000000000000 xr
EXTMEMB1         0x0000000000000000 0x0000000000000000 xr
EXTMEMB2         0x0000000000000000 0x0000000000000000 xr
EXTMEMB3         0x0000000000000000 0x0000000000000000 xr
MEMORY_ARRAY     0x0000000000000000 0x0000000000000000 xrw
*default*        0x0000000000000000 0xffffffffffffffff

Linker script and memory map

LOAD ./system/src/stm32f1-stdperiph/misc.o
LOAD ./system/src/stm32f1-stdperiph/stm32f10x_adc.o
LOAD ./system/src/stm32f1-stdperiph/stm32f10x_bkp.o
LOAD ./system/src/stm32f1-stdperiph/stm32f10x_can.o
LOAD ./system/src/stm32f1-stdperiph/stm32f10x_cec.o
LOAD ./system/src/stm32f1-stdperiph/stm32f10x_crc.o
LOAD ./system/src/stm32f1-stdperiph/stm32f10x_dac.o
LOAD ./system/src/stm32f1-stdperiph/stm32f10x_dbgmcu.o
LOAD ./system/src/stm32f1-stdperiph/stm32f10x_dma.o
LOAD ./system/src/stm32f1-stdperiph/stm32f10x_exti.o
LOAD ./system/src/stm32f1-stdperiph/stm32f10x_flash.o
LOAD ./system/src/stm32f1-stdperiph/stm32f10x_fsmc.o
LOAD ./system/src/stm32f1-stdperiph/stm32f10x_gpio.o
LOAD ./system/src/stm32f1-stdperiph/stm32f10x_i2c.o
LOAD ./system/src/stm32f1-stdperiph/stm32f10x_iwdg.o
LOAD ./system/src/stm32f1-stdperiph/stm32f10x_pwr.o
LOAD ./system/src/stm32f1-stdperiph/stm32f10x_rcc.o
LOAD ./system/src/stm32f1-stdperiph/stm32f10x_rtc.o
LOAD ./system/src/stm32f1-stdperiph/stm32f10x_sdio.o
LOAD ./system/src/stm32f1-stdperiph/stm32f10x_spi.o
LOAD ./system/src/stm32f1-stdperiph/stm32f10x_tim.o
LOAD ./system/src/stm32f1-stdperiph/stm32f10x_usart.o
LOAD ./system/src/stm32f1-stdperiph/stm32f10x_wwdg.o
LOAD ./system/src/newlib/_cxx.o
LOAD ./system/src/newlib/_exit.o
LOAD ./system/src/newlib/_sbrk.o
LOAD ./system/src/newlib/_startup.o
LOAD ./system/src/newlib/_syscalls.o
LOAD ./system/src/newlib/assert.o
LOAD ./system/src/diag/Trace.o
LOAD ./system/src/diag/trace_impl.o
LOAD ./system/src/cortexm/_initialize_hardware.o
LOAD ./system/src/cortexm/_reset_hardware.o
LOAD ./system/src/cortexm/exception_handlers.o
LOAD ./system/src/cmsis/system_stm32f10x.o
LOAD ./system/src/cmsis/vectors_stm32f10x.o
LOAD ./src/ros_lib/duration.o
LOAD ./src/ros_lib/time.o
LOAD ./src/BlinkLed.o
LOAD ./src/Init.o
LOAD ./src/MPU9250.o
LOAD ./src/Timer.o
LOAD ./src/UartWithBuffer.o
LOAD ./src/_write.o
LOAD ./src/main.o
LOAD /home/yusaku/eclipse/gcc-arm-none-eabi-6-2017-q2-update/bin/../lib/gcc/arm-none-eabi/6.3.1/../../../../arm-none-eabi/lib/thumb/v7-m/libstdc++_nano.a
LOAD /home/yusaku/eclipse/gcc-arm-none-eabi-6-2017-q2-update/bin/../lib/gcc/arm-none-eabi/6.3.1/../../../../arm-none-eabi/lib/thumb/v7-m/libm.a
START GROUP
LOAD /home/yusaku/eclipse/gcc-arm-none-eabi-6-2017-q2-update/bin/../lib/gcc/arm-none-eabi/6.3.1/thumb/v7-m/libgcc.a
LOAD /home/yusaku/eclipse/gcc-arm-none-eabi-6-2017-q2-update/bin/../lib/gcc/arm-none-eabi/6.3.1/../../../../arm-none-eabi/lib/thumb/v7-m/libg_nano.a
LOAD /home/yusaku/eclipse/gcc-arm-none-eabi-6-2017-q2-update/bin/../lib/gcc/arm-none-eabi/6.3.1/../../../../arm-none-eabi/lib/thumb/v7-m/libc_nano.a
END GROUP
START GROUP
LOAD /home/yusaku/eclipse/gcc-arm-none-eabi-6-2017-q2-update/bin/../lib/gcc/arm-none-eabi/6.3.1/thumb/v7-m/libgcc.a
LOAD /home/yusaku/eclipse/gcc-arm-none-eabi-6-2017-q2-update/bin/../lib/gcc/arm-none-eabi/6.3.1/../../../../arm-none-eabi/lib/thumb/v7-m/libc_nano.a
END GROUP
                0x0000000020005000                __stack = (ORIGIN (RAM) + LENGTH (RAM))
                0x0000000020005000                _estack = __stack
                0x0000000000000400                __Main_Stack_Size = 0x400
                [!provide]                        PROVIDE (_Main_Stack_Size, __Main_Stack_Size)
                0x0000000020004c00                __Main_Stack_Limit = (__stack - __Main_Stack_Size)
                [!provide]                        PROVIDE (_Main_Stack_Limit, __Main_Stack_Limit)
                0x0000000000000100                _Minimum_Stack_Size = 0x100
                0x0000000020000b38                PROVIDE (_Heap_Begin, _end_noinit)
                0x0000000020004c00                PROVIDE (_Heap_Limit, (__stack - __Main_Stack_Size))

.isr_vector     0x0000000008000000      0x350
 FILL mask 0xff
                0x0000000008000000                __vectors_start = ABSOLUTE (.)
                0x0000000008000000                __vectors_start__ = ABSOLUTE (.)
 *(.isr_vector)
 .isr_vector    0x0000000008000000      0x10c ./system/src/cmsis/vectors_stm32f10x.o
                0x0000000008000000                __isr_vectors
 *(.cfmconfig)
 *(.after_vectors .after_vectors.*)
 .after_vectors
                0x000000000800010c      0x114 ./system/src/newlib/_startup.o
                0x000000000800010c                _start
 .after_vectors
                0x0000000008000220      0x12c ./system/src/cortexm/exception_handlers.o
                0x0000000008000220                Reset_Handler
                0x0000000008000226                NMI_Handler
                0x000000000800022a                HardFault_Handler
                0x000000000800023e                HardFault_Handler_C
                0x000000000800029c                MemManage_Handler
                0x00000000080002a0                BusFault_Handler
                0x00000000080002b4                BusFault_Handler_C
                0x00000000080002e8                UsageFault_Handler
                0x00000000080002fc                UsageFault_Handler_C
                0x0000000008000330                SVC_Handler
                0x0000000008000334                DebugMon_Handler
                0x0000000008000338                PendSV_Handler
 .after_vectors
                0x000000000800034c        0x4 ./system/src/cmsis/vectors_stm32f10x.o
                0x000000000800034c                EXTI2_IRQHandler
                0x000000000800034c                TIM8_TRG_COM_IRQHandler
                0x000000000800034c                TIM8_CC_IRQHandler
                0x000000000800034c                TIM1_CC_IRQHandler
                0x000000000800034c                TIM6_IRQHandler
                0x000000000800034c                PVD_IRQHandler
                0x000000000800034c                SDIO_IRQHandler
                0x000000000800034c                CAN2_RX1_IRQHandler
                0x000000000800034c                EXTI3_IRQHandler
                0x000000000800034c                TIM8_TRG_COM_TIM14_IRQHandler
                0x000000000800034c                TIM1_UP_TIM10_IRQHandler
                0x000000000800034c                TIM8_UP_TIM13_IRQHandler
                0x000000000800034c                EXTI0_IRQHandler
                0x000000000800034c                I2C2_EV_IRQHandler
                0x000000000800034c                CAN1_RX0_IRQHandler
                0x000000000800034c                TIM1_UP_TIM16_IRQHandler
                0x000000000800034c                CAN2_SCE_IRQHandler
                0x000000000800034c                ADC1_2_IRQHandler
                0x000000000800034c                SPI1_IRQHandler
                0x000000000800034c                TAMPER_IRQHandler
                0x000000000800034c                TIM6_DAC_IRQHandler
                0x000000000800034c                TIM1_BRK_TIM9_IRQHandler
                0x000000000800034c                CAN2_RX0_IRQHandler
                0x000000000800034c                TIM8_UP_IRQHandler
                0x000000000800034c                DMA2_Channel2_IRQHandler
                0x000000000800034c                DMA1_Channel4_IRQHandler
                0x000000000800034c                USART3_IRQHandler
                0x000000000800034c                RTC_IRQHandler
                0x000000000800034c                DMA1_Channel7_IRQHandler
                0x000000000800034c                CAN1_RX1_IRQHandler
                0x000000000800034c                UART5_IRQHandler
                0x000000000800034c                ADC3_IRQHandler
                0x000000000800034c                DMA2_Channel1_IRQHandler
                0x000000000800034c                I2C1_EV_IRQHandler
                0x000000000800034c                DMA1_Channel6_IRQHandler
                0x000000000800034c                UART4_IRQHandler
                0x000000000800034c                DMA2_Channel4_IRQHandler
                0x000000000800034c                TIM3_IRQHandler
                0x000000000800034c                RCC_IRQHandler
                0x000000000800034c                TIM8_BRK_TIM12_IRQHandler
                0x000000000800034c                TIM1_TRG_COM_IRQHandler
                0x000000000800034c                DMA1_Channel1_IRQHandler
                0x000000000800034c                Default_Handler
                0x000000000800034c                CEC_IRQHandler
                0x000000000800034c                EXTI15_10_IRQHandler
                0x000000000800034c                TIM14_IRQHandler
                0x000000000800034c                TIM13_IRQHandler
                0x000000000800034c                TIM12_IRQHandler
                0x000000000800034c                TIM7_IRQHandler
                0x000000000800034c                CAN2_TX_IRQHandler
                0x000000000800034c                TIM5_IRQHandler
                0x000000000800034c                EXTI9_5_IRQHandler
                0x000000000800034c                ETH_WKUP_IRQHandler
                0x000000000800034c                SPI2_IRQHandler
                0x000000000800034c                CAN1_TX_IRQHandler
                0x000000000800034c                DMA2_Channel5_IRQHandler
                0x000000000800034c                DMA1_Channel5_IRQHandler
                0x000000000800034c                EXTI4_IRQHandler
                0x000000000800034c                USB_LP_CAN1_RX0_IRQHandler
                0x000000000800034c                TIM1_TRG_COM_TIM17_IRQHandler
                0x000000000800034c                USB_HP_CAN1_TX_IRQHandler
                0x000000000800034c                DMA1_Channel3_IRQHandler
                0x000000000800034c                FSMC_IRQHandler
                0x000000000800034c                ETH_IRQHandler
                0x000000000800034c                TIM1_UP_IRQHandler
                0x000000000800034c                WWDG_IRQHandler
                0x000000000800034c                TIM2_IRQHandler
                0x000000000800034c                OTG_FS_WKUP_IRQHandler
                0x000000000800034c                TIM1_TRG_COM_TIM11_IRQHandler
                0x000000000800034c                TIM1_BRK_IRQHandler
                0x000000000800034c                EXTI1_IRQHandler
                0x000000000800034c                RTCAlarm_IRQHandler
                0x000000000800034c                DMA2_Channel4_5_IRQHandler
                0x000000000800034c                USART2_IRQHandler
                0x000000000800034c                I2C2_ER_IRQHandler
                0x000000000800034c                DMA1_Channel2_IRQHandler
                0x000000000800034c                TIM8_BRK_IRQHandler
                0x000000000800034c                CAN1_SCE_IRQHandler
                0x000000000800034c                FLASH_IRQHandler
                0x000000000800034c                OTG_FS_IRQHandler
                0x000000000800034c                SPI3_IRQHandler
                0x000000000800034c                I2C1_ER_IRQHandler
                0x000000000800034c                USBWakeUp_IRQHandler
                0x000000000800034c                DMA2_Channel3_IRQHandler
                0x000000000800034c                TIM1_BRK_TIM15_IRQHandler

.inits          0x0000000008000350       0x30
                0x0000000008000350                __data_regions_array_start = .
                0x0000000008000350        0x4 LONG 0x800744c LOADADDR (.data)
                0x0000000008000354        0x4 LONG 0x20000000 ADDR (.data)
                0x0000000008000358        0x4 LONG 0x2000009c (ADDR (.data) + SIZEOF (.data))
                0x000000000800035c        0x4 LONG 0x800744c LOADADDR (.data_CCMRAM)
                0x0000000008000360        0x4 LONG 0x0 ADDR (.data_CCMRAM)
                0x0000000008000364        0x4 LONG 0x0 (ADDR (.data_CCMRAM) + SIZEOF (.data_CCMRAM))
                0x0000000008000368                __data_regions_array_end = .
                0x0000000008000368                __bss_regions_array_start = .
                0x0000000008000368        0x4 LONG 0x200000a0 ADDR (.bss)
                0x000000000800036c        0x4 LONG 0x20000b38 (ADDR (.bss) + SIZEOF (.bss))
                0x0000000008000370        0x4 LONG 0x0 ADDR (.bss_CCMRAM)
                0x0000000008000374        0x4 LONG 0x0 (ADDR (.bss_CCMRAM) + SIZEOF (.bss_CCMRAM))
                0x0000000008000378                __bss_regions_array_end = .
 *(.init)
 *(.fini)
                0x0000000008000378                . = ALIGN (0x4)
                0x0000000008000378                PROVIDE (__preinit_array_start, .)
 *(.preinit_array_sysinit .preinit_array_sysinit.*)
 *(.preinit_array_platform .preinit_array_platform.*)
 *(.preinit_array .preinit_array.*)
                0x0000000008000378                PROVIDE (__preinit_array_end, .)
                0x0000000008000378                . = ALIGN (0x4)
                0x0000000008000378                PROVIDE (__init_array_start, .)
 *(SORT(.init_array.*))
 *(.init_array)
 .init_array    0x0000000008000378        0x4 ./src/UartWithBuffer.o
 .init_array    0x000000000800037c        0x4 ./src/main.o
                0x0000000008000380                PROVIDE (__init_array_end, .)
                0x0000000008000380                . = ALIGN (0x4)
                0x0000000008000380                PROVIDE (__fini_array_start, .)
 *(SORT(.fini_array.*))
 *(.fini_array)
                0x0000000008000380                PROVIDE (__fini_array_end, .)

.flashtext
 *(.flashtext .flashtext.*)

.text           0x0000000008000380     0x70cb
 *(.text .text.*)
 .text.GPIO_Init
                0x0000000008000380      0x130 ./system/src/stm32f1-stdperiph/stm32f10x_gpio.o
                0x0000000008000380                GPIO_Init
 .text.GPIO_StructInit
                0x00000000080004b0       0x10 ./system/src/stm32f1-stdperiph/stm32f10x_gpio.o
                0x00000000080004b0                GPIO_StructInit
 .text.GPIO_SetBits
                0x00000000080004c0       0x60 ./system/src/stm32f1-stdperiph/stm32f10x_gpio.o
                0x00000000080004c0                GPIO_SetBits
 .text.RCC_GetClocksFreq
                0x0000000008000520       0xbc ./system/src/stm32f1-stdperiph/stm32f10x_rcc.o
                0x0000000008000520                RCC_GetClocksFreq
 .text.RCC_APB2PeriphClockCmd
                0x00000000080005dc       0x4c ./system/src/stm32f1-stdperiph/stm32f10x_rcc.o
                0x00000000080005dc                RCC_APB2PeriphClockCmd
 .text.RCC_APB1PeriphClockCmd
                0x0000000008000628       0x4c ./system/src/stm32f1-stdperiph/stm32f10x_rcc.o
                0x0000000008000628                RCC_APB1PeriphClockCmd
 .text.SPI_Init
                0x0000000008000674      0x13c ./system/src/stm32f1-stdperiph/stm32f10x_spi.o
                0x0000000008000674                SPI_Init
 .text.SPI_Cmd  0x00000000080007b0       0x58 ./system/src/stm32f1-stdperiph/stm32f10x_spi.o
                0x00000000080007b0                SPI_Cmd
 .text.TIM_TimeBaseInit
                0x0000000008000808      0x15c ./system/src/stm32f1-stdperiph/stm32f10x_tim.o
                0x0000000008000808                TIM_TimeBaseInit
 .text.TIM_TimeBaseStructInit
                0x0000000008000964       0x12 ./system/src/stm32f1-stdperiph/stm32f10x_tim.o
                0x0000000008000964                TIM_TimeBaseStructInit
 *fill*         0x0000000008000976        0x2 
 .text.TIM_Cmd  0x0000000008000978       0xc8 ./system/src/stm32f1-stdperiph/stm32f10x_tim.o
                0x0000000008000978                TIM_Cmd
 .text.TIM_ITConfig
                0x0000000008000a40       0xd8 ./system/src/stm32f1-stdperiph/stm32f10x_tim.o
                0x0000000008000a40                TIM_ITConfig
 .text.TIM_EncoderInterfaceConfig
                0x0000000008000b18       0xbc ./system/src/stm32f1-stdperiph/stm32f10x_tim.o
                0x0000000008000b18                TIM_EncoderInterfaceConfig
 .text.USART_Init
                0x0000000008000bd4      0x1b0 ./system/src/stm32f1-stdperiph/stm32f10x_usart.o
                0x0000000008000bd4                USART_Init
 .text.USART_StructInit
                0x0000000008000d84       0x16 ./system/src/stm32f1-stdperiph/stm32f10x_usart.o
                0x0000000008000d84                USART_StructInit
 *fill*         0x0000000008000d9a        0x2 
 .text.USART_Cmd
                0x0000000008000d9c       0x68 ./system/src/stm32f1-stdperiph/stm32f10x_usart.o
                0x0000000008000d9c                USART_Cmd
 .text.USART_ITConfig
                0x0000000008000e04       0xf0 ./system/src/stm32f1-stdperiph/stm32f10x_usart.o
                0x0000000008000e04                USART_ITConfig
 .text.USART_GetITStatus
                0x0000000008000ef4      0x100 ./system/src/stm32f1-stdperiph/stm32f10x_usart.o
                0x0000000008000ef4                USART_GetITStatus
 .text.USART_ClearITPendingBit
                0x0000000008000ff4       0xa4 ./system/src/stm32f1-stdperiph/stm32f10x_usart.o
                0x0000000008000ff4                USART_ClearITPendingBit
 .text._exit    0x0000000008001098        0x2 ./system/src/newlib/_exit.o
                0x0000000008001098                _exit
 *fill*         0x000000000800109a        0x2 
 .text.abort    0x000000000800109c       0x14 ./system/src/newlib/_exit.o
                0x000000000800109c                abort
 .text._sbrk    0x00000000080010b0       0x44 ./system/src/newlib/_sbrk.o
                0x00000000080010b0                _sbrk
 .text.__initialize_args
                0x00000000080010f4       0x10 ./system/src/newlib/_syscalls.o
                0x00000000080010f4                __initialize_args
 .text.assert_failed
                0x0000000008001104       0x14 ./system/src/newlib/assert.o
                0x0000000008001104                assert_failed
 .text.trace_printf
                0x0000000008001118       0x30 ./system/src/diag/Trace.o
                0x0000000008001118                trace_printf
 .text.trace_puts
                0x0000000008001148       0x20 ./system/src/diag/Trace.o
                0x0000000008001148                trace_puts
 .text._trace_write_semihosting_debug
                0x0000000008001168       0x60 ./system/src/diag/trace_impl.o
 .text.trace_write
                0x00000000080011c8        0x8 ./system/src/diag/trace_impl.o
                0x00000000080011c8                trace_write
 .text.__initialize_hardware_early
                0x00000000080011d0       0x18 ./system/src/cortexm/_initialize_hardware.o
                0x00000000080011d0                __initialize_hardware_early
 .text.__initialize_hardware
                0x00000000080011e8        0x8 ./system/src/cortexm/_initialize_hardware.o
                0x00000000080011e8                __initialize_hardware
 .text.dumpExceptionStack
                0x00000000080011f0       0xf4 ./system/src/cortexm/exception_handlers.o
                0x00000000080011f0                dumpExceptionStack
 .text.isSemihosting
                0x00000000080012e4       0x20 ./system/src/cortexm/exception_handlers.o
                0x00000000080012e4                isSemihosting
 .text.SetSysClockTo72
                0x0000000008001304       0xc4 ./system/src/cmsis/system_stm32f10x.o
 .text.SetSysClock
                0x00000000080013c8        0x8 ./system/src/cmsis/system_stm32f10x.o
 .text.SystemInit
                0x00000000080013d0       0x50 ./system/src/cmsis/system_stm32f10x.o
                0x00000000080013d0                SystemInit
 .text.SystemCoreClockUpdate
                0x0000000008001420       0x94 ./system/src/cmsis/system_stm32f10x.o
                0x0000000008001420                SystemCoreClockUpdate
 .text._ZN3ros16normalizeSecNSecERmS0_
                0x00000000080014b4       0x2c ./src/ros_lib/time.o
                0x00000000080014b4                ros::normalizeSecNSec(unsigned long&, unsigned long&)
 .text._ZN4Init8InitGPIOEv
                0x00000000080014e0       0x34 ./src/Init.o
                0x00000000080014e0                Init::InitGPIO()
 .text._ZN4Init7InitTIMEv
                0x0000000008001514       0xd0 ./src/Init.o
                0x0000000008001514                Init::InitTIM()
 .text._ZN4Init7InitSPIEv
                0x00000000080015e4       0xbc ./src/Init.o
                0x00000000080015e4                Init::InitSPI()
 .text._ZN7MPU9250C2EP11SPI_TypeDefP12GPIO_TypeDefm
                0x00000000080016a0       0x10 ./src/MPU9250.o
                0x00000000080016a0                MPU9250::MPU9250(SPI_TypeDef*, GPIO_TypeDef*, unsigned long)
                0x00000000080016a0                MPU9250::MPU9250(SPI_TypeDef*, GPIO_TypeDef*, unsigned long)
 .text._ZNK7MPU92509_spiWriteEh
                0x00000000080016b0       0x1e ./src/MPU9250.o
                0x00000000080016b0                MPU9250::_spiWrite(unsigned char) const
 .text._ZNK7MPU92509WriteByteEhh
                0x00000000080016ce       0x34 ./src/MPU9250.o
                0x00000000080016ce                MPU9250::WriteByte(unsigned char, unsigned char) const
 .text._ZNK7MPU92509WriteWordEht
                0x0000000008001702       0x52 ./src/MPU9250.o
                0x0000000008001702                MPU9250::WriteWord(unsigned char, unsigned short) const
 .text._ZN5Timer5sleepEy
                0x0000000008001754       0x20 ./src/Timer.o
                0x0000000008001754                Timer::sleep(unsigned long long)
 .text.SysTick_Handler
                0x0000000008001774       0x18 ./src/Timer.o
                0x0000000008001774                SysTick_Handler
 .text._ZN14FIFORingBufferIhE5pow2_Et
                0x000000000800178c       0x20 ./src/UartWithBuffer.o
                0x000000000800178c                FIFORingBuffer<unsigned char>::pow2_(unsigned short)
 .text._ZN14FIFORingBufferIhEC2Et
                0x00000000080017ac       0x22 ./src/UartWithBuffer.o
                0x00000000080017ac                FIFORingBuffer<unsigned char>::FIFORingBuffer(unsigned short)
                0x00000000080017ac                FIFORingBuffer<unsigned char>::FIFORingBuffer(unsigned short)
 *fill*         0x00000000080017ce        0x2 
 .text._Z41__static_initialization_and_destruction_0ii
                0x00000000080017d0       0x58 ./src/UartWithBuffer.o
 .text._GLOBAL__sub_I__ZN4Uart5Uart1E
                0x0000000008001828        0xe ./src/UartWithBuffer.o
 .text._ZNK8std_msgs4Time9serializeEPh
                0x0000000008001836       0x24 ./src/main.o
                0x0000000008001836                std_msgs::Time::serialize(unsigned char*) const
 .text._ZN8std_msgs4Time11deserializeEPh
                0x000000000800185a       0x3c ./src/main.o
                0x000000000800185a                std_msgs::Time::deserialize(unsigned char*)
 *fill*         0x0000000008001896        0x2 
 .text._ZN8std_msgs4Time7getTypeEv
                0x0000000008001898        0x8 ./src/main.o
                0x0000000008001898                std_msgs::Time::getType()
 .text._ZN8std_msgs4Time6getMD5Ev
                0x00000000080018a0        0x8 ./src/main.o
                0x00000000080018a0                std_msgs::Time::getMD5()
 .text._ZN14rosserial_msgs9TopicInfo11deserializeEPh
                0x00000000080018a8       0xca ./src/main.o
                0x00000000080018a8                rosserial_msgs::TopicInfo::deserialize(unsigned char*)
 *fill*         0x0000000008001972        0x2 
 .text._ZN14rosserial_msgs9TopicInfo7getTypeEv
                0x0000000008001974        0x8 ./src/main.o
                0x0000000008001974                rosserial_msgs::TopicInfo::getType()
 .text._ZN14rosserial_msgs9TopicInfo6getMD5Ev
                0x000000000800197c        0x8 ./src/main.o
                0x000000000800197c                rosserial_msgs::TopicInfo::getMD5()
 .text._ZN14rosserial_msgs3Log11deserializeEPh
                0x0000000008001984       0x40 ./src/main.o
                0x0000000008001984                rosserial_msgs::Log::deserialize(unsigned char*)
 .text._ZN14rosserial_msgs3Log7getTypeEv
                0x00000000080019c4        0x8 ./src/main.o
                0x00000000080019c4                rosserial_msgs::Log::getType()
 .text._ZN14rosserial_msgs3Log6getMD5Ev
                0x00000000080019cc        0x8 ./src/main.o
                0x00000000080019cc                rosserial_msgs::Log::getMD5()
 .text._ZN14rosserial_msgs20RequestParamResponse7getTypeEv
                0x00000000080019d4        0x8 ./src/main.o
                0x00000000080019d4                rosserial_msgs::RequestParamResponse::getType()
 .text._ZN14rosserial_msgs20RequestParamResponse6getMD5Ev
                0x00000000080019dc        0x8 ./src/main.o
                0x00000000080019dc                rosserial_msgs::RequestParamResponse::getMD5()
 .text._ZNK8std_msgs6UInt329serializeEPh
                0x00000000080019e4       0x14 ./src/main.o
                0x00000000080019e4                std_msgs::UInt32::serialize(unsigned char*) const
 .text._ZN8std_msgs6UInt3211deserializeEPh
                0x00000000080019f8       0x20 ./src/main.o
                0x00000000080019f8                std_msgs::UInt32::deserialize(unsigned char*)
 .text._ZN8std_msgs6UInt327getTypeEv
                0x0000000008001a18        0x8 ./src/main.o
                0x0000000008001a18                std_msgs::UInt32::getType()
 .text._ZN8std_msgs6UInt326getMD5Ev
                0x0000000008001a20        0x8 ./src/main.o
                0x0000000008001a20                std_msgs::UInt32::getMD5()
 .text._ZN8std_msgs6Header11deserializeEPh
                0x0000000008001a28       0x90 ./src/main.o
                0x0000000008001a28                std_msgs::Header::deserialize(unsigned char*)
 .text._ZN8std_msgs6Header7getTypeEv
                0x0000000008001ab8        0x8 ./src/main.o
                0x0000000008001ab8                std_msgs::Header::getType()
 .text._ZN8std_msgs6Header6getMD5Ev
                0x0000000008001ac0        0x8 ./src/main.o
                0x0000000008001ac0                std_msgs::Header::getMD5()
 .text._ZNK13geometry_msgs5Point9serializeEPh
                0x0000000008001ac8       0x80 ./src/main.o
                0x0000000008001ac8                geometry_msgs::Point::serialize(unsigned char*) const
 .text._ZN13geometry_msgs5Point11deserializeEPh
                0x0000000008001b48      0x11e ./src/main.o
                0x0000000008001b48                geometry_msgs::Point::deserialize(unsigned char*)
 *fill*         0x0000000008001c66        0x2 
 .text._ZN13geometry_msgs5Point7getTypeEv
                0x0000000008001c68        0x8 ./src/main.o
                0x0000000008001c68                geometry_msgs::Point::getType()
 .text._ZN13geometry_msgs5Point6getMD5Ev
                0x0000000008001c70        0x8 ./src/main.o
                0x0000000008001c70                geometry_msgs::Point::getMD5()
 .text._ZNK13geometry_msgs10Quaternion9serializeEPh
                0x0000000008001c78       0xa8 ./src/main.o
                0x0000000008001c78                geometry_msgs::Quaternion::serialize(unsigned char*) const
 .text._ZN13geometry_msgs10Quaternion11deserializeEPh
                0x0000000008001d20      0x17e ./src/main.o
                0x0000000008001d20                geometry_msgs::Quaternion::deserialize(unsigned char*)
 *fill*         0x0000000008001e9e        0x2 
 .text._ZN13geometry_msgs10Quaternion7getTypeEv
                0x0000000008001ea0        0x8 ./src/main.o
                0x0000000008001ea0                geometry_msgs::Quaternion::getType()
 .text._ZN13geometry_msgs10Quaternion6getMD5Ev
                0x0000000008001ea8        0x8 ./src/main.o
                0x0000000008001ea8                geometry_msgs::Quaternion::getMD5()
 .text._ZN13geometry_msgs4Pose7getTypeEv
                0x0000000008001eb0        0x8 ./src/main.o
                0x0000000008001eb0                geometry_msgs::Pose::getType()
 .text._ZN13geometry_msgs4Pose6getMD5Ev
                0x0000000008001eb8        0x8 ./src/main.o
                0x0000000008001eb8                geometry_msgs::Pose::getMD5()
 .text._ZN13geometry_msgs11PoseStamped7getTypeEv
                0x0000000008001ec0        0x8 ./src/main.o
                0x0000000008001ec0                geometry_msgs::PoseStamped::getType()
 .text._ZN13geometry_msgs11PoseStamped6getMD5Ev
                0x0000000008001ec8        0x8 ./src/main.o
                0x0000000008001ec8                geometry_msgs::PoseStamped::getMD5()
 .text._ZN3ros11NodeHandle_I13STM32HardwareLi25ELi25ELi1024ELi1024EE9connectedEv
                0x0000000008001ed0        0x6 ./src/main.o
                0x0000000008001ed0                ros::NodeHandle_<STM32Hardware, 25, 25, 1024, 1024>::connected()
 .text._ZNK14rosserial_msgs9TopicInfo9serializeEPh
                0x0000000008001ed6       0xaa ./src/main.o
                0x0000000008001ed6                rosserial_msgs::TopicInfo::serialize(unsigned char*) const
 .text._ZNK14rosserial_msgs3Log9serializeEPh
                0x0000000008001f80       0x34 ./src/main.o
                0x0000000008001f80                rosserial_msgs::Log::serialize(unsigned char*) const
 .text._ZNK14rosserial_msgs20RequestParamResponse9serializeEPh
                0x0000000008001fb4       0xf0 ./src/main.o
                0x0000000008001fb4                rosserial_msgs::RequestParamResponse::serialize(unsigned char*) const
 .text._ZNK8std_msgs6Header9serializeEPh
                0x00000000080020a4       0x66 ./src/main.o
                0x00000000080020a4                std_msgs::Header::serialize(unsigned char*) const
 .text._ZN14rosserial_msgs20RequestParamResponse11deserializeEPh
                0x000000000800210a      0x172 ./src/main.o
                0x000000000800210a                rosserial_msgs::RequestParamResponse::deserialize(unsigned char*)
 .text._ZN12_GLOBAL__N_110initUSART1Ev
                0x000000000800227c       0xa4 ./src/main.o
 .text._Z41__static_initialization_and_destruction_0ii
                0x0000000008002320      0x148 ./src/main.o
 .text._ZNK13geometry_msgs4Pose9serializeEPh
                0x0000000008002468      0x124 ./src/main.o
                0x0000000008002468                geometry_msgs::Pose::serialize(unsigned char*) const
 .text._ZNK13geometry_msgs11PoseStamped9serializeEPh
                0x000000000800258c      0x18a ./src/main.o
                0x000000000800258c                geometry_msgs::PoseStamped::serialize(unsigned char*) const
 .text._ZN13geometry_msgs11PoseStamped11deserializeEPh
                0x0000000008002716      0x3b4 ./src/main.o
                0x0000000008002716                geometry_msgs::PoseStamped::deserialize(unsigned char*)
 .text._ZN13geometry_msgs4Pose11deserializeEPh
                0x0000000008002aca      0x2ae ./src/main.o
                0x0000000008002aca                geometry_msgs::Pose::deserialize(unsigned char*)
 .text._Z8InitGyrov
                0x0000000008002d78       0xb8 ./src/main.o
                0x0000000008002d78                InitGyro()
 .text._Z12ReadEncodersv
                0x0000000008002e30      0x110 ./src/main.o
                0x0000000008002e30                ReadEncoders()
 .text._Z8ReadGyrov
                0x0000000008002f40       0xb0 ./src/main.o
                0x0000000008002f40                ReadGyro()
 .text.TIM4_IRQHandler
                0x0000000008002ff0       0x3c ./src/main.o
                0x0000000008002ff0                TIM4_IRQHandler
 .text._ZN14FIFORingBufferIhE12GetItemCountEv
                0x000000000800302c       0x12 ./src/main.o
                0x000000000800302c                FIFORingBuffer<unsigned char>::GetItemCount()
 .text._ZN14FIFORingBufferIhE7EnqueueEh
                0x000000000800303e       0x32 ./src/main.o
                0x000000000800303e                FIFORingBuffer<unsigned char>::Enqueue(unsigned char)
 .text._ZN14FIFORingBufferIhE7DequeueEv
                0x0000000008003070       0x16 ./src/main.o
                0x0000000008003070                FIFORingBuffer<unsigned char>::Dequeue()
 *fill*         0x0000000008003086        0x2 
 .text._ZN3ros11NodeHandle_I13STM32HardwareLi25ELi25ELi1024ELi1024EE8spinOnceEv
                0x0000000008003088      0x5d4 ./src/main.o
                0x0000000008003088                ros::NodeHandle_<STM32Hardware, 25, 25, 1024, 1024>::spinOnce()
 *fill*         0x000000000800365c        0x4 
 .text.main     0x0000000008003660      0x93c ./src/main.o
                0x0000000008003660                main
 .text._ZN14FIFORingBufferIhE5ClearEv
                0x0000000008003f9c        0x8 ./src/main.o
                0x0000000008003f9c                FIFORingBuffer<unsigned char>::Clear()
 .text.USART1_IRQHandler
                0x0000000008003fa4       0x8c ./src/main.o
                0x0000000008003fa4                USART1_IRQHandler
 .text._ZN3ros11NodeHandle_I13STM32HardwareLi25ELi25ELi1024ELi1024EE7publishEiPKNS_3MsgE
                0x0000000008004030      0x118 ./src/main.o
                0x0000000008004030                ros::NodeHandle_<STM32Hardware, 25, 25, 1024, 1024>::publish(int, ros::Msg const*)
 .text._GLOBAL__sub_I_USART1_IRQHandler
                0x0000000008004148        0xe ./src/main.o
 .text._Znwj    0x0000000008004156       0x22 /home/yusaku/eclipse/gcc-arm-none-eabi-6-2017-q2-update/bin/../lib/gcc/arm-none-eabi/6.3.1/../../../../arm-none-eabi/lib/thumb/v7-m/libstdc++_nano.a(new_op.o)
                0x0000000008004156                operator new(unsigned int)
 .text._Znaj    0x0000000008004178        0x4 /home/yusaku/eclipse/gcc-arm-none-eabi-6-2017-q2-update/bin/../lib/gcc/arm-none-eabi/6.3.1/../../../../arm-none-eabi/lib/thumb/v7-m/libstdc++_nano.a(new_opv.o)
                0x0000000008004178                operator new[](unsigned int)
 .text._ZSt15get_new_handlerv
                0x000000000800417c       0x10 /home/yusaku/eclipse/gcc-arm-none-eabi-6-2017-q2-update/bin/../lib/gcc/arm-none-eabi/6.3.1/../../../../arm-none-eabi/lib/thumb/v7-m/libstdc++_nano.a(new_handler.o)
                0x000000000800417c                std::get_new_handler()
 .text.cos      0x000000000800418c       0x90 /home/yusaku/eclipse/gcc-arm-none-eabi-6-2017-q2-update/bin/../lib/gcc/arm-none-eabi/6.3.1/../../../../arm-none-eabi/lib/thumb/v7-m/libm.a(lib_a-s_cos.o)
                0x000000000800418c                cos
 .text.sin      0x000000000800421c       0x90 /home/yusaku/eclipse/gcc-arm-none-eabi-6-2017-q2-update/bin/../lib/gcc/arm-none-eabi/6.3.1/../../../../arm-none-eabi/lib/thumb/v7-m/libm.a(lib_a-s_sin.o)
                0x000000000800421c                sin
 *fill*         0x00000000080042ac        0x4 
 .text.__ieee754_rem_pio2
                0x00000000080042b0      0x42c /home/yusaku/eclipse/gcc-arm-none-eabi-6-2017-q2-update/bin/../lib/gcc/arm-none-eabi/6.3.1/../../../../arm-none-eabi/lib/thumb/v7-m/libm.a(lib_a-e_rem_pio2.o)
                0x00000000080042b0                __ieee754_rem_pio2
 *fill*         0x00000000080046dc        0x4 
 .text.__kernel_cos
                0x00000000080046e0      0x248 /home/yusaku/eclipse/gcc-arm-none-eabi-6-2017-q2-update/bin/../lib/gcc/arm-none-eabi/6.3.1/../../../../arm-none-eabi/lib/thumb/v7-m/libm.a(lib_a-k_cos.o)
                0x00000000080046e0                __kernel_cos
 .text.__kernel_rem_pio2
                0x0000000008004928      0x88c /home/yusaku/eclipse/gcc-arm-none-eabi-6-2017-q2-update/bin/../lib/gcc/arm-none-eabi/6.3.1/../../../../arm-none-eabi/lib/thumb/v7-m/libm.a(lib_a-k_rem_pio2.o)
                0x0000000008004928                __kernel_rem_pio2
 *fill*         0x00000000080051b4        0x4 
 .text.__kernel_sin
                0x00000000080051b8      0x16c /home/yusaku/eclipse/gcc-arm-none-eabi-6-2017-q2-update/bin/../lib/gcc/arm-none-eabi/6.3.1/../../../../arm-none-eabi/lib/thumb/v7-m/libm.a(lib_a-k_sin.o)
                0x00000000080051b8                __kernel_sin
 .text.fabs     0x0000000008005324        0x8 /home/yusaku/eclipse/gcc-arm-none-eabi-6-2017-q2-update/bin/../lib/gcc/arm-none-eabi/6.3.1/../../../../arm-none-eabi/lib/thumb/v7-m/libm.a(lib_a-s_fabs.o)
                0x0000000008005324                fabs
 *fill*         0x000000000800532c        0x4 
 .text.floor    0x0000000008005330      0x118 /home/yusaku/eclipse/gcc-arm-none-eabi-6-2017-q2-update/bin/../lib/gcc/arm-none-eabi/6.3.1/../../../../arm-none-eabi/lib/thumb/v7-m/libm.a(lib_a-s_floor.o)
                0x0000000008005330                floor
 .text.scalbn   0x0000000008005448       0xe4 /home/yusaku/eclipse/gcc-arm-none-eabi-6-2017-q2-update/bin/../lib/gcc/arm-none-eabi/6.3.1/../../../../arm-none-eabi/lib/thumb/v7-m/libm.a(lib_a-s_scalbn.o)
                0x0000000008005448                scalbn
 .text.copysign
                0x000000000800552c       0x10 /home/yusaku/eclipse/gcc-arm-none-eabi-6-2017-q2-update/bin/../lib/gcc/arm-none-eabi/6.3.1/../../../../arm-none-eabi/lib/thumb/v7-m/libm.a(lib_a-s_copysign.o)
                0x000000000800552c                copysign
 .text          0x000000000800553c      0x370 /home/yusaku/eclipse/gcc-arm-none-eabi-6-2017-q2-update/bin/../lib/gcc/arm-none-eabi/6.3.1/thumb/v7-m/libgcc.a(_arm_addsubdf3.o)
                0x000000000800553c                __aeabi_drsub
                0x0000000008005544                __aeabi_dsub
                0x0000000008005544                __subdf3
                0x0000000008005548                __adddf3
                0x0000000008005548                __aeabi_dadd
                0x00000000080057c0                __aeabi_ui2d
                0x00000000080057c0                __floatunsidf
                0x00000000080057e0                __floatsidf
                0x00000000080057e0                __aeabi_i2d
                0x0000000008005804                __extendsfdf2
                0x0000000008005804                __aeabi_f2d
                0x0000000008005840                __aeabi_ul2d
                0x0000000008005840                __floatundidf
                0x0000000008005850                __floatdidf
                0x0000000008005850                __aeabi_l2d
 .text          0x00000000080058ac      0x424 /home/yusaku/eclipse/gcc-arm-none-eabi-6-2017-q2-update/bin/../lib/gcc/arm-none-eabi/6.3.1/thumb/v7-m/libgcc.a(_arm_muldivdf3.o)
                0x00000000080058ac                __aeabi_dmul
                0x00000000080058ac                __muldf3
                0x0000000008005b00                __aeabi_ddiv
                0x0000000008005b00                __divdf3
 .text          0x0000000008005cd0      0x110 /home/yusaku/eclipse/gcc-arm-none-eabi-6-2017-q2-update/bin/../lib/gcc/arm-none-eabi/6.3.1/thumb/v7-m/libgcc.a(_arm_cmpdf2.o)
                0x0000000008005cd0                __gtdf2
                0x0000000008005cd0                __gedf2
                0x0000000008005cd8                __ltdf2
                0x0000000008005cd8                __ledf2
                0x0000000008005ce0                __cmpdf2
                0x0000000008005ce0                __eqdf2
                0x0000000008005ce0                __nedf2
                0x0000000008005d5c                __aeabi_cdrcmple
                0x0000000008005d6c                __aeabi_cdcmple
                0x0000000008005d6c                __aeabi_cdcmpeq
                0x0000000008005d7c                __aeabi_dcmpeq
                0x0000000008005d90                __aeabi_dcmplt
                0x0000000008005da4                __aeabi_dcmple
                0x0000000008005db8                __aeabi_dcmpge
                0x0000000008005dcc                __aeabi_dcmpgt
 .text          0x0000000008005de0       0x50 /home/yusaku/eclipse/gcc-arm-none-eabi-6-2017-q2-update/bin/../lib/gcc/arm-none-eabi/6.3.1/thumb/v7-m/libgcc.a(_arm_fixdfsi.o)
                0x0000000008005de0                __fixdfsi
                0x0000000008005de0                __aeabi_d2iz
 .text          0x0000000008005e30      0x21c /home/yusaku/eclipse/gcc-arm-none-eabi-6-2017-q2-update/bin/../lib/gcc/arm-none-eabi/6.3.1/thumb/v7-m/libgcc.a(_arm_addsubsf3.o)
                0x0000000008005e30                __aeabi_frsub
                0x0000000008005e38                __subsf3
                0x0000000008005e38                __aeabi_fsub
                0x0000000008005e3c                __aeabi_fadd
                0x0000000008005e3c                __addsf3
                0x0000000008005f9c                __aeabi_ui2f
                0x0000000008005f9c                __floatunsisf
                0x0000000008005fa4                __aeabi_i2f
                0x0000000008005fa4                __floatsisf
                0x0000000008005fc0                __floatundisf
                0x0000000008005fc0                __aeabi_ul2f
                0x0000000008005fd0                __floatdisf
                0x0000000008005fd0                __aeabi_l2f
 .text          0x000000000800604c      0x2a0 /home/yusaku/eclipse/gcc-arm-none-eabi-6-2017-q2-update/bin/../lib/gcc/arm-none-eabi/6.3.1/thumb/v7-m/libgcc.a(_arm_muldivsf3.o)
                0x000000000800604c                __mulsf3
                0x000000000800604c                __aeabi_fmul
                0x00000000080061b4                __divsf3
                0x00000000080061b4                __aeabi_fdiv
 .text          0x00000000080062ec       0x4c /home/yusaku/eclipse/gcc-arm-none-eabi-6-2017-q2-update/bin/../lib/gcc/arm-none-eabi/6.3.1/thumb/v7-m/libgcc.a(_arm_fixsfsi.o)
                0x00000000080062ec                __fixsfsi
                0x00000000080062ec                __aeabi_f2iz
 .text.__errno  0x0000000008006338        0xc /home/yusaku/eclipse/gcc-arm-none-eabi-6-2017-q2-update/bin/../lib/gcc/arm-none-eabi/6.3.1/../../../../arm-none-eabi/lib/thumb/v7-m/libg_nano.a(lib_a-errno.o)
                0x0000000008006338                __errno
 .text.malloc   0x0000000008006344       0x10 /home/yusaku/eclipse/gcc-arm-none-eabi-6-2017-q2-update/bin/../lib/gcc/arm-none-eabi/6.3.1/../../../../arm-none-eabi/lib/thumb/v7-m/libg_nano.a(lib_a-malloc.o)
                0x0000000008006344                malloc
 .text.memcpy   0x0000000008006354       0x16 /home/yusaku/eclipse/gcc-arm-none-eabi-6-2017-q2-update/bin/../lib/gcc/arm-none-eabi/6.3.1/../../../../arm-none-eabi/lib/thumb/v7-m/libg_nano.a(lib_a-memcpy-stub.o)
                0x0000000008006354                memcpy
 *fill*         0x000000000800636a        0x2 
 .text._free_r  0x000000000800636c       0x98 /home/yusaku/eclipse/gcc-arm-none-eabi-6-2017-q2-update/bin/../lib/gcc/arm-none-eabi/6.3.1/../../../../arm-none-eabi/lib/thumb/v7-m/libg_nano.a(lib_a-nano-freer.o)
                0x000000000800636c                _free_r
 .text._malloc_r
                0x0000000008006404       0xbc /home/yusaku/eclipse/gcc-arm-none-eabi-6-2017-q2-update/bin/../lib/gcc/arm-none-eabi/6.3.1/../../../../arm-none-eabi/lib/thumb/v7-m/libg_nano.a(lib_a-nano-mallocr.o)
                0x0000000008006404                _malloc_r
 .text.realloc  0x00000000080064c0       0x10 /home/yusaku/eclipse/gcc-arm-none-eabi-6-2017-q2-update/bin/../lib/gcc/arm-none-eabi/6.3.1/../../../../arm-none-eabi/lib/thumb/v7-m/libg_nano.a(lib_a-realloc.o)
                0x00000000080064c0                realloc
 .text._sbrk_r  0x00000000080064d0       0x20 /home/yusaku/eclipse/gcc-arm-none-eabi-6-2017-q2-update/bin/../lib/gcc/arm-none-eabi/6.3.1/../../../../arm-none-eabi/lib/thumb/v7-m/libg_nano.a(lib_a-sbrkr.o)
                0x00000000080064d0                _sbrk_r
 .text          0x00000000080064f0       0x10 /home/yusaku/eclipse/gcc-arm-none-eabi-6-2017-q2-update/bin/../lib/gcc/arm-none-eabi/6.3.1/../../../../arm-none-eabi/lib/thumb/v7-m/libg_nano.a(lib_a-strlen.o)
                0x00000000080064f0                strlen
 .text._vsnprintf_r
                0x0000000008006500       0x58 /home/yusaku/eclipse/gcc-arm-none-eabi-6-2017-q2-update/bin/../lib/gcc/arm-none-eabi/6.3.1/../../../../arm-none-eabi/lib/thumb/v7-m/libg_nano.a(lib_a-vsnprintf.o)
                0x0000000008006500                _vsnprintf_r
                0x0000000008006500                _vsniprintf_r
 .text.vsnprintf
                0x0000000008006558       0x1c /home/yusaku/eclipse/gcc-arm-none-eabi-6-2017-q2-update/bin/../lib/gcc/arm-none-eabi/6.3.1/../../../../arm-none-eabi/lib/thumb/v7-m/libg_nano.a(lib_a-vsnprintf.o)
                0x0000000008006558                vsnprintf
                0x0000000008006558                vsniprintf
 .text.__malloc_lock
                0x0000000008006574        0x2 /home/yusaku/eclipse/gcc-arm-none-eabi-6-2017-q2-update/bin/../lib/gcc/arm-none-eabi/6.3.1/../../../../arm-none-eabi/lib/thumb/v7-m/libg_nano.a(lib_a-mlock.o)
                0x0000000008006574                __malloc_lock
 .text.__malloc_unlock
                0x0000000008006576        0x2 /home/yusaku/eclipse/gcc-arm-none-eabi-6-2017-q2-update/bin/../lib/gcc/arm-none-eabi/6.3.1/../../../../arm-none-eabi/lib/thumb/v7-m/libg_nano.a(lib_a-mlock.o)
                0x0000000008006576                __malloc_unlock
 .text._realloc_r
                0x0000000008006578       0x4c /home/yusaku/eclipse/gcc-arm-none-eabi-6-2017-q2-update/bin/../lib/gcc/arm-none-eabi/6.3.1/../../../../arm-none-eabi/lib/thumb/v7-m/libg_nano.a(lib_a-nano-reallocr.o)
                0x0000000008006578                _realloc_r
 .text.__ssputs_r
                0x00000000080065c4       0xb6 /home/yusaku/eclipse/gcc-arm-none-eabi-6-2017-q2-update/bin/../lib/gcc/arm-none-eabi/6.3.1/../../../../arm-none-eabi/lib/thumb/v7-m/libg_nano.a(lib_a-nano-svfprintf.o)
                0x00000000080065c4                __ssputs_r
 *fill*         0x000000000800667a        0x2 
 .text._svfprintf_r
                0x000000000800667c      0x1e8 /home/yusaku/eclipse/gcc-arm-none-eabi-6-2017-q2-update/bin/../lib/gcc/arm-none-eabi/6.3.1/../../../../arm-none-eabi/lib/thumb/v7-m/libg_nano.a(lib_a-nano-svfprintf.o)
                0x000000000800667c                _svfprintf_r
                0x000000000800667c                _svfiprintf_r
 .text._printf_common
                0x0000000008006864       0xee /home/yusaku/eclipse/gcc-arm-none-eabi-6-2017-q2-update/bin/../lib/gcc/arm-none-eabi/6.3.1/../../../../arm-none-eabi/lib/thumb/v7-m/libg_nano.a(lib_a-nano-vfprintf_i.o)
                0x0000000008006864                _printf_common
 *fill*         0x0000000008006952        0x2 
 .text._printf_i
                0x0000000008006954      0x240 /home/yusaku/eclipse/gcc-arm-none-eabi-6-2017-q2-update/bin/../lib/gcc/arm-none-eabi/6.3.1/../../../../arm-none-eabi/lib/thumb/v7-m/libg_nano.a(lib_a-nano-vfprintf_i.o)
                0x0000000008006954                _printf_i
 .text.memchr   0x0000000008006b94       0x1c /home/yusaku/eclipse/gcc-arm-none-eabi-6-2017-q2-update/bin/../lib/gcc/arm-none-eabi/6.3.1/../../../../arm-none-eabi/lib/thumb/v7-m/libg_nano.a(lib_a-memchr-stub.o)
                0x0000000008006b94                memchr
 .text.memmove  0x0000000008006bb0       0x34 /home/yusaku/eclipse/gcc-arm-none-eabi-6-2017-q2-update/bin/../lib/gcc/arm-none-eabi/6.3.1/../../../../arm-none-eabi/lib/thumb/v7-m/libg_nano.a(lib_a-memmove.o)
                0x0000000008006bb0                memmove
 .text._malloc_usable_size_r
                0x0000000008006be4       0x12 /home/yusaku/eclipse/gcc-arm-none-eabi-6-2017-q2-update/bin/../lib/gcc/arm-none-eabi/6.3.1/../../../../arm-none-eabi/lib/thumb/v7-m/libg_nano.a(lib_a-nano-msizer.o)
                0x0000000008006be4                _malloc_usable_size_r
 *(.rodata .rodata.* .constdata .constdata.*)
 *fill*         0x0000000008006bf6        0x2 
 .rodata.GPIO_DeInit.str1.4
                0x0000000008006bf8       0x31 ./system/src/stm32f1-stdperiph/stm32f10x_gpio.o
 *fill*         0x0000000008006c29        0x3 
 .rodata.RCC_HSEConfig.str1.4
                0x0000000008006c2c       0x30 ./system/src/stm32f1-stdperiph/stm32f10x_rcc.o
 .rodata.SPI_I2S_DeInit.str1.4
                0x0000000008006c5c       0x30 ./system/src/stm32f1-stdperiph/stm32f10x_spi.o
 .rodata.TIM_DeInit.str1.4
                0x0000000008006c8c       0x30 ./system/src/stm32f1-stdperiph/stm32f10x_tim.o
 .rodata.USART_DeInit.str1.4
                0x0000000008006cbc       0x32 ./system/src/stm32f1-stdperiph/stm32f10x_usart.o
 *fill*         0x0000000008006cee        0x2 
 .rodata.abort.str1.4
                0x0000000008006cf0       0x14 ./system/src/newlib/_exit.o
 .rodata.assert_failed.str1.4
                0x0000000008006d04       0x2b ./system/src/newlib/assert.o
 .rodata.trace_puts.str1.4
                0x0000000008006d2f       0x2b ./system/src/diag/Trace.o
                                          0x2 (size before relaxing)
 *fill*         0x0000000008006d2f        0x1 
 .rodata.dumpExceptionStack.str1.4
                0x0000000008006d30      0x11a ./system/src/cortexm/exception_handlers.o
 *fill*         0x0000000008006e4a        0x2 
 .rodata.str1.4
                0x0000000008006e4c       0x2a ./system/src/cortexm/exception_handlers.o
 *fill*         0x0000000008006e76        0x2 
 .rodata._ZTVN8std_msgs4TimeE
                0x0000000008006e78       0x18 ./src/main.o
                0x0000000008006e78                vtable for std_msgs::Time
 .rodata._ZTVN14rosserial_msgs9TopicInfoE
                0x0000000008006e90       0x18 ./src/main.o
                0x0000000008006e90                vtable for rosserial_msgs::TopicInfo
 .rodata._ZTVN14rosserial_msgs3LogE
                0x0000000008006ea8       0x18 ./src/main.o
                0x0000000008006ea8                vtable for rosserial_msgs::Log
 .rodata._ZTVN14rosserial_msgs20RequestParamResponseE
                0x0000000008006ec0       0x18 ./src/main.o
                0x0000000008006ec0                vtable for rosserial_msgs::RequestParamResponse
 .rodata._ZTVN8std_msgs6UInt32E
                0x0000000008006ed8       0x18 ./src/main.o
                0x0000000008006ed8                vtable for std_msgs::UInt32
 .rodata._ZTVN8std_msgs6HeaderE
                0x0000000008006ef0       0x18 ./src/main.o
                0x0000000008006ef0                vtable for std_msgs::Header
 .rodata._ZTVN13geometry_msgs5PointE
                0x0000000008006f08       0x18 ./src/main.o
                0x0000000008006f08                vtable for geometry_msgs::Point
 .rodata._ZTVN13geometry_msgs10QuaternionE
                0x0000000008006f20       0x18 ./src/main.o
                0x0000000008006f20                vtable for geometry_msgs::Quaternion
 .rodata._ZTVN13geometry_msgs4PoseE
                0x0000000008006f38       0x18 ./src/main.o
                0x0000000008006f38                vtable for geometry_msgs::Pose
 .rodata._ZTVN13geometry_msgs11PoseStampedE
                0x0000000008006f50       0x18 ./src/main.o
                0x0000000008006f50                vtable for geometry_msgs::PoseStamped
 .rodata._ZTVN3ros11NodeHandle_I13STM32HardwareLi25ELi25ELi1024ELi1024EEE
                0x0000000008006f68       0x14 ./src/main.o
                0x0000000008006f68                vtable for ros::NodeHandle_<STM32Hardware, 25, 25, 1024, 1024>
 .rodata.USART1_IRQHandler.str1.4
                0x0000000008006f7c        0xc ./src/main.o
 .rodata._Z41__static_initialization_and_destruction_0ii.str1.4
                0x0000000008006f88       0x1d ./src/main.o
                                         0x21 (size before relaxing)
 *fill*         0x0000000008006fa5        0x3 
 .rodata._ZN13geometry_msgs10Quaternion6getMD5Ev.str1.4
                0x0000000008006fa8       0x21 ./src/main.o
 *fill*         0x0000000008006fc9        0x3 
 .rodata._ZN13geometry_msgs10Quaternion7getTypeEv.str1.4
                0x0000000008006fcc       0x19 ./src/main.o
 *fill*         0x0000000008006fe5        0x3 
 .rodata._ZN13geometry_msgs11PoseStamped6getMD5Ev.str1.4
                0x0000000008006fe8       0x21 ./src/main.o
 *fill*         0x0000000008007009        0x3 
 .rodata._ZN13geometry_msgs11PoseStamped7getTypeEv.str1.4
                0x000000000800700c       0x1a ./src/main.o
 *fill*         0x0000000008007026        0x2 
 .rodata._ZN13geometry_msgs4Pose6getMD5Ev.str1.4
                0x0000000008007028       0x21 ./src/main.o
 *fill*         0x0000000008007049        0x3 
 .rodata._ZN13geometry_msgs4Pose7getTypeEv.str1.4
                0x000000000800704c       0x13 ./src/main.o
 *fill*         0x000000000800705f        0x1 
 .rodata._ZN13geometry_msgs5Point6getMD5Ev.str1.4
                0x0000000008007060       0x21 ./src/main.o
 *fill*         0x0000000008007081        0x3 
 .rodata._ZN13geometry_msgs5Point7getTypeEv.str1.4
                0x0000000008007084       0x14 ./src/main.o
 .rodata._ZN14rosserial_msgs20RequestParamResponse6getMD5Ev.str1.4
                0x0000000008007098       0x21 ./src/main.o
 *fill*         0x00000000080070b9        0x3 
 .rodata._ZN14rosserial_msgs3Log6getMD5Ev.str1.4
                0x00000000080070bc       0x21 ./src/main.o
 *fill*         0x00000000080070dd        0x3 
 .rodata._ZN14rosserial_msgs3Log7getTypeEv.str1.4
                0x00000000080070e0       0x13 ./src/main.o
 *fill*         0x00000000080070f3        0x1 
 .rodata._ZN14rosserial_msgs9TopicInfo6getMD5Ev.str1.4
                0x00000000080070f4       0x21 ./src/main.o
 *fill*         0x0000000008007115        0x3 
 .rodata._ZN14rosserial_msgs9TopicInfo7getTypeEv.str1.4
                0x0000000008007118       0x19 ./src/main.o
 *fill*         0x0000000008007131        0x3 
 .rodata._ZN14rosserial_msgsL12REQUESTPARAME
                0x0000000008007134       0x1c ./src/main.o
 .rodata._ZN3ros11NodeHandle_I13STM32HardwareLi25ELi25ELi1024ELi1024EE7publishEiPKNS_3MsgE.str1.4
                0x0000000008007150       0x45 ./src/main.o
 *fill*         0x0000000008007195        0x3 
 .rodata._ZN8std_msgs4Time6getMD5Ev.str1.4
                0x0000000008007198       0x21 ./src/main.o
 *fill*         0x00000000080071b9        0x3 
 .rodata._ZN8std_msgs4Time7getTypeEv.str1.4
                0x00000000080071bc        0xe ./src/main.o
 *fill*         0x00000000080071ca        0x2 
 .rodata._ZN8std_msgs6Header6getMD5Ev.str1.4
                0x00000000080071cc       0x21 ./src/main.o
 *fill*         0x00000000080071ed        0x3 
 .rodata._ZN8std_msgs6Header7getTypeEv.str1.4
                0x00000000080071f0       0x10 ./src/main.o
 .rodata._ZN8std_msgs6UInt326getMD5Ev.str1.4
                0x0000000008007200       0x21 ./src/main.o
 *fill*         0x0000000008007221        0x3 
 .rodata._ZN8std_msgs6UInt327getTypeEv.str1.4
                0x0000000008007224       0x10 ./src/main.o
 .rodata.main.str1.4
                0x0000000008007234        0x8 ./src/main.o
                                          0x5 (size before relaxing)
 .rodata.npio2_hw
                0x000000000800723c       0x80 /home/yusaku/eclipse/gcc-arm-none-eabi-6-2017-q2-update/bin/../lib/gcc/arm-none-eabi/6.3.1/../../../../arm-none-eabi/lib/thumb/v7-m/libm.a(lib_a-e_rem_pio2.o)
 .rodata.two_over_pi
                0x00000000080072bc      0x108 /home/yusaku/eclipse/gcc-arm-none-eabi-6-2017-q2-update/bin/../lib/gcc/arm-none-eabi/6.3.1/../../../../arm-none-eabi/lib/thumb/v7-m/libm.a(lib_a-e_rem_pio2.o)
 *fill*         0x00000000080073c4        0x4 
 .rodata.PIo2   0x00000000080073c8       0x40 /home/yusaku/eclipse/gcc-arm-none-eabi-6-2017-q2-update/bin/../lib/gcc/arm-none-eabi/6.3.1/../../../../arm-none-eabi/lib/thumb/v7-m/libm.a(lib_a-k_rem_pio2.o)
 .rodata.init_jk
                0x0000000008007408       0x10 /home/yusaku/eclipse/gcc-arm-none-eabi-6-2017-q2-update/bin/../lib/gcc/arm-none-eabi/6.3.1/../../../../arm-none-eabi/lib/thumb/v7-m/libm.a(lib_a-k_rem_pio2.o)
 .rodata._svfprintf_r.str1.1
                0x0000000008007418       0x11 /home/yusaku/eclipse/gcc-arm-none-eabi-6-2017-q2-update/bin/../lib/gcc/arm-none-eabi/6.3.1/../../../../arm-none-eabi/lib/thumb/v7-m/libg_nano.a(lib_a-nano-svfprintf.o)
 .rodata._printf_i.str1.1
                0x0000000008007429       0x22 /home/yusaku/eclipse/gcc-arm-none-eabi-6-2017-q2-update/bin/../lib/gcc/arm-none-eabi/6.3.1/../../../../arm-none-eabi/lib/thumb/v7-m/libg_nano.a(lib_a-nano-vfprintf_i.o)
 *(vtable)
 *(.eh_frame*)
 *(.glue_7)
 .glue_7        0x000000000800744b        0x0 linker stubs
 *(.glue_7t)
 .glue_7t       0x000000000800744b        0x0 linker stubs

.vfp11_veneer   0x000000000800744c        0x0
 .vfp11_veneer  0x000000000800744c        0x0 linker stubs

.v4_bx          0x000000000800744c        0x0
 .v4_bx         0x000000000800744c        0x0 linker stubs

.iplt           0x000000000800744c        0x0
 .iplt          0x000000000800744c        0x0 ./system/src/stm32f1-stdperiph/misc.o

.rel.dyn        0x000000000800744c        0x0
 .rel.iplt      0x000000000800744c        0x0 ./system/src/stm32f1-stdperiph/misc.o

.ARM.extab
 *(.ARM.extab* .gnu.linkonce.armextab.*)
                0x000000000800744c                . = ALIGN (0x4)
                0x000000000800744c                __exidx_start = .

.ARM.exidx
 *(.ARM.exidx* .gnu.linkonce.armexidx.*)
                0x000000000800744c                __exidx_end = .
                0x000000000800744c                . = ALIGN (0x4)
                0x000000000800744c                _etext = .
                0x000000000800744c                __etext = .

.data_CCMRAM    0x0000000000000000        0x0 load address 0x000000000800744c
 FILL mask 0xff
 *(.data.CCMRAM .data.CCMRAM.*)
                0x0000000000000000                . = ALIGN (0x4)
                0x000000000800744c                _sidata = LOADADDR (.data)

.data           0x0000000020000000       0x9c load address 0x000000000800744c
 FILL mask 0xff
                0x0000000020000000                _sdata = .
                0x0000000020000000                __data_start__ = .
 *(.data_begin .data_begin.*)
 .data_begin    0x0000000020000000        0x4 ./system/src/newlib/_startup.o
 *(.data .data.*)
 .data.ADCPrescTable
                0x0000000020000004        0x4 ./system/src/stm32f1-stdperiph/stm32f10x_rcc.o
 .data.APBAHBPrescTable
                0x0000000020000008       0x10 ./system/src/stm32f1-stdperiph/stm32f10x_rcc.o
 .data.argv.4263
                0x0000000020000018        0x8 ./system/src/newlib/_syscalls.o
 .data.AHBPrescTable
                0x0000000020000020       0x10 ./system/src/cmsis/system_stm32f10x.o
                0x0000000020000020                AHBPrescTable
 .data.SystemCoreClock
                0x0000000020000030        0x4 ./system/src/cmsis/system_stm32f10x.o
                0x0000000020000030                SystemCoreClock
 .data._impure_ptr
                0x0000000020000034        0x4 /home/yusaku/eclipse/gcc-arm-none-eabi-6-2017-q2-update/bin/../lib/gcc/arm-none-eabi/6.3.1/../../../../arm-none-eabi/lib/thumb/v7-m/libg_nano.a(lib_a-impure.o)
                0x0000000020000034                _impure_ptr
 .data.impure_data
                0x0000000020000038       0x60 /home/yusaku/eclipse/gcc-arm-none-eabi-6-2017-q2-update/bin/../lib/gcc/arm-none-eabi/6.3.1/../../../../arm-none-eabi/lib/thumb/v7-m/libg_nano.a(lib_a-impure.o)
 *(.data_end .data_end.*)
 .data_end      0x0000000020000098        0x4 ./system/src/newlib/_startup.o
                0x000000002000009c                . = ALIGN (0x4)
                0x000000002000009c                _edata = .
                0x000000002000009c                __data_end__ = .

.igot.plt       0x000000002000009c        0x0 load address 0x00000000080074e8
 .igot.plt      0x000000002000009c        0x0 ./system/src/stm32f1-stdperiph/misc.o

.bss_CCMRAM     0x0000000000000000        0x0
 *(.bss.CCMRAM .bss.CCMRAM.*)

.bss            0x00000000200000a0      0xa98
                0x00000000200000a0                __bss_start__ = .
                0x00000000200000a0                _sbss = .
 *(.bss_begin .bss_begin.*)
 .bss_begin     0x00000000200000a0        0x4 ./system/src/newlib/_startup.o
 *(.bss .bss.*)
 .bss.current_heap_end.3947
                0x00000000200000a4        0x4 ./system/src/newlib/_sbrk.o
 .bss.name.4262
                0x00000000200000a8        0x1 ./system/src/newlib/_syscalls.o
 *fill*         0x00000000200000a9        0x3 
 .bss.buf.5152  0x00000000200000ac       0x80 ./system/src/diag/Trace.o
 *fill*         0x000000002000012c        0x4 
 .bss._ZN5Timer12currentTicksE
                0x0000000020000130        0x8 ./src/Timer.o
                0x0000000020000130                Timer::currentTicks
 .bss._ZN4Uart5Uart1E
                0x0000000020000138        0x4 ./src/UartWithBuffer.o
                0x0000000020000138                Uart::Uart1
 .bss._ZL6movavg
                0x000000002000013c        0x4 ./src/main.o
 .bss.mpu9250   0x0000000020000140        0x4 ./src/main.o
                0x0000000020000140                mpu9250
 .bss.nh        0x0000000020000144      0x930 ./src/main.o
                0x0000000020000144                nh
 *fill*         0x0000000020000a74        0x4 
 .bss.pose_msg  0x0000000020000a78       0x68 ./src/main.o
                0x0000000020000a78                pose_msg
 .bss.pose_pub  0x0000000020000ae0       0x14 ./src/main.o
                0x0000000020000ae0                pose_pub
 .bss.txbufcnt_msg
                0x0000000020000af4        0x8 ./src/main.o
                0x0000000020000af4                txbufcnt_msg
 .bss.txbufcnt_pub
                0x0000000020000afc       0x14 ./src/main.o
                0x0000000020000afc                txbufcnt_pub
 .bss.x         0x0000000020000b10        0x8 ./src/main.o
                0x0000000020000b10                x
 .bss.y         0x0000000020000b18        0x8 ./src/main.o
                0x0000000020000b18                y
 .bss.yaw       0x0000000020000b20        0x4 ./src/main.o
                0x0000000020000b20                yaw
 .bss._ZN12_GLOBAL__N_113__new_handlerE
                0x0000000020000b24        0x4 /home/yusaku/eclipse/gcc-arm-none-eabi-6-2017-q2-update/bin/../lib/gcc/arm-none-eabi/6.3.1/../../../../arm-none-eabi/lib/thumb/v7-m/libstdc++_nano.a(new_handler.o)
 .bss.__malloc_free_list
                0x0000000020000b28        0x4 /home/yusaku/eclipse/gcc-arm-none-eabi-6-2017-q2-update/bin/../lib/gcc/arm-none-eabi/6.3.1/../../../../arm-none-eabi/lib/thumb/v7-m/libg_nano.a(lib_a-nano-mallocr.o)
                0x0000000020000b28                __malloc_free_list
 .bss.__malloc_sbrk_start
                0x0000000020000b2c        0x4 /home/yusaku/eclipse/gcc-arm-none-eabi-6-2017-q2-update/bin/../lib/gcc/arm-none-eabi/6.3.1/../../../../arm-none-eabi/lib/thumb/v7-m/libg_nano.a(lib_a-nano-mallocr.o)
                0x0000000020000b2c                __malloc_sbrk_start
 *(COMMON)
 COMMON         0x0000000020000b30        0x4 ./system/src/newlib/_syscalls.o
                0x0000000020000b30                errno
 *(.bss_end .bss_end.*)
 .bss_end       0x0000000020000b34        0x4 ./system/src/newlib/_startup.o
                0x0000000020000b38                . = ALIGN (0x4)
                0x0000000020000b38                __bss_end__ = .
                0x0000000020000b38                _ebss = .

.noinit_CCMRAM
 *(.noinit.CCMRAM .noinit.CCMRAM.*)

.noinit         0x0000000020000b38        0x0
                0x0000000020000b38                _noinit = .
 *(.noinit .noinit.*)
                0x0000000020000b38                . = ALIGN (0x4)
                0x0000000020000b38                _end_noinit = .
                [!provide]                        PROVIDE (end, _end_noinit)
                [!provide]                        PROVIDE (_end, _end_noinit)
                [!provide]                        PROVIDE (__end, _end_noinit)
                [!provide]                        PROVIDE (__end__, _end_noinit)

._check_stack   0x0000000020000b38      0x100
                0x0000000020000c38                . = (. + _Minimum_Stack_Size)
 *fill*         0x0000000020000b38      0x100 

.b1text
 *(.b1text)
 *(.b1rodata)
 *(.b1rodata.*)

.eb0text
 *(.eb0text)
 *(.eb0rodata)
 *(.eb0rodata.*)

.eb1text
 *(.eb1text)
 *(.eb1rodata)
 *(.eb1rodata.*)

.eb2text
 *(.eb2text)
 *(.eb2rodata)
 *(.eb2rodata.*)

.eb3text
 *(.eb3text)
 *(.eb3rodata)
 *(.eb3rodata.*)

.stab
 *(.stab)

.stabstr
 *(.stabstr)

.stab.excl
 *(.stab.excl)

.stab.exclstr
 *(.stab.exclstr)

.stab.index
 *(.stab.index)

.stab.indexstr
 *(.stab.indexstr)

.comment        0x0000000000000000       0x7f
 *(.comment)
 .comment       0x0000000000000000       0x7f ./system/src/stm32f1-stdperiph/stm32f10x_gpio.o
                                         0x80 (size before relaxing)
 .comment       0x000000000000007f       0x80 ./system/src/stm32f1-stdperiph/stm32f10x_rcc.o
 .comment       0x000000000000007f       0x80 ./system/src/stm32f1-stdperiph/stm32f10x_spi.o
 .comment       0x000000000000007f       0x80 ./system/src/stm32f1-stdperiph/stm32f10x_tim.o
 .comment       0x000000000000007f       0x80 ./system/src/stm32f1-stdperiph/stm32f10x_usart.o
 .comment       0x000000000000007f       0x80 ./system/src/newlib/_exit.o
 .comment       0x000000000000007f       0x80 ./system/src/newlib/_sbrk.o
 .comment       0x000000000000007f       0x80 ./system/src/newlib/_startup.o
 .comment       0x000000000000007f       0x80 ./system/src/newlib/_syscalls.o
 .comment       0x000000000000007f       0x80 ./system/src/newlib/assert.o
 .comment       0x000000000000007f       0x80 ./system/src/diag/Trace.o
 .comment       0x000000000000007f       0x80 ./system/src/diag/trace_impl.o
 .comment       0x000000000000007f       0x80 ./system/src/cortexm/_initialize_hardware.o
 .comment       0x000000000000007f       0x80 ./system/src/cortexm/exception_handlers.o
 .comment       0x000000000000007f       0x80 ./system/src/cmsis/system_stm32f10x.o
 .comment       0x000000000000007f       0x80 ./system/src/cmsis/vectors_stm32f10x.o
 .comment       0x000000000000007f       0x80 ./src/ros_lib/time.o
 .comment       0x000000000000007f       0x80 ./src/Init.o
 .comment       0x000000000000007f       0x80 ./src/MPU9250.o
 .comment       0x000000000000007f       0x80 ./src/Timer.o
 .comment       0x000000000000007f       0x80 ./src/UartWithBuffer.o
 .comment       0x000000000000007f       0x80 ./src/main.o

.ARM.attributes
                0x0000000000000000       0x31
 .ARM.attributes
                0x0000000000000000       0x33 ./system/src/stm32f1-stdperiph/stm32f10x_gpio.o
 .ARM.attributes
                0x0000000000000033       0x33 ./system/src/stm32f1-stdperiph/stm32f10x_rcc.o
 .ARM.attributes
                0x0000000000000066       0x33 ./system/src/stm32f1-stdperiph/stm32f10x_spi.o
 .ARM.attributes
                0x0000000000000099       0x33 ./system/src/stm32f1-stdperiph/stm32f10x_tim.o
 .ARM.attributes
                0x00000000000000cc       0x33 ./system/src/stm32f1-stdperiph/stm32f10x_usart.o
 .ARM.attributes
                0x00000000000000ff       0x33 ./system/src/newlib/_exit.o
 .ARM.attributes
                0x0000000000000132       0x33 ./system/src/newlib/_sbrk.o
 .ARM.attributes
                0x0000000000000165       0x33 ./system/src/newlib/_startup.o
 .ARM.attributes
                0x0000000000000198       0x33 ./system/src/newlib/_syscalls.o
 .ARM.attributes
                0x00000000000001cb       0x33 ./system/src/newlib/assert.o
 .ARM.attributes
                0x00000000000001fe       0x33 ./system/src/diag/Trace.o
 .ARM.attributes
                0x0000000000000231       0x33 ./system/src/diag/trace_impl.o
 .ARM.attributes
                0x0000000000000264       0x33 ./system/src/cortexm/_initialize_hardware.o
 .ARM.attributes
                0x0000000000000297       0x33 ./system/src/cortexm/exception_handlers.o
 .ARM.attributes
                0x00000000000002ca       0x33 ./system/src/cmsis/system_stm32f10x.o
 .ARM.attributes
                0x00000000000002fd       0x33 ./system/src/cmsis/vectors_stm32f10x.o
 .ARM.attributes
                0x0000000000000330       0x33 ./src/ros_lib/time.o
 .ARM.attributes
                0x0000000000000363       0x33 ./src/Init.o
 .ARM.attributes
                0x0000000000000396       0x33 ./src/MPU9250.o
 .ARM.attributes
                0x00000000000003c9       0x33 ./src/Timer.o
 .ARM.attributes
                0x00000000000003fc       0x33 ./src/UartWithBuffer.o
 .ARM.attributes
                0x000000000000042f       0x33 ./src/main.o
 .ARM.attributes
                0x0000000000000462       0x2d /home/yusaku/eclipse/gcc-arm-none-eabi-6-2017-q2-update/bin/../lib/gcc/arm-none-eabi/6.3.1/../../../../arm-none-eabi/lib/thumb/v7-m/libstdc++_nano.a(new_op.o)
 .ARM.attributes
                0x000000000000048f       0x2d /home/yusaku/eclipse/gcc-arm-none-eabi-6-2017-q2-update/bin/../lib/gcc/arm-none-eabi/6.3.1/../../../../arm-none-eabi/lib/thumb/v7-m/libstdc++_nano.a(new_opv.o)
 .ARM.attributes
                0x00000000000004bc       0x2d /home/yusaku/eclipse/gcc-arm-none-eabi-6-2017-q2-update/bin/../lib/gcc/arm-none-eabi/6.3.1/../../../../arm-none-eabi/lib/thumb/v7-m/libstdc++_nano.a(new_handler.o)
 .ARM.attributes
                0x00000000000004e9       0x2d /home/yusaku/eclipse/gcc-arm-none-eabi-6-2017-q2-update/bin/../lib/gcc/arm-none-eabi/6.3.1/../../../../arm-none-eabi/lib/thumb/v7-m/libm.a(lib_a-s_cos.o)
 .ARM.attributes
                0x0000000000000516       0x2d /home/yusaku/eclipse/gcc-arm-none-eabi-6-2017-q2-update/bin/../lib/gcc/arm-none-eabi/6.3.1/../../../../arm-none-eabi/lib/thumb/v7-m/libm.a(lib_a-s_sin.o)
 .ARM.attributes
                0x0000000000000543       0x2d /home/yusaku/eclipse/gcc-arm-none-eabi-6-2017-q2-update/bin/../lib/gcc/arm-none-eabi/6.3.1/../../../../arm-none-eabi/lib/thumb/v7-m/libm.a(lib_a-e_rem_pio2.o)
 .ARM.attributes
                0x0000000000000570       0x2d /home/yusaku/eclipse/gcc-arm-none-eabi-6-2017-q2-update/bin/../lib/gcc/arm-none-eabi/6.3.1/../../../../arm-none-eabi/lib/thumb/v7-m/libm.a(lib_a-k_cos.o)
 .ARM.attributes
                0x000000000000059d       0x2d /home/yusaku/eclipse/gcc-arm-none-eabi-6-2017-q2-update/bin/../lib/gcc/arm-none-eabi/6.3.1/../../../../arm-none-eabi/lib/thumb/v7-m/libm.a(lib_a-k_rem_pio2.o)
 .ARM.attributes
                0x00000000000005ca       0x2d /home/yusaku/eclipse/gcc-arm-none-eabi-6-2017-q2-update/bin/../lib/gcc/arm-none-eabi/6.3.1/../../../../arm-none-eabi/lib/thumb/v7-m/libm.a(lib_a-k_sin.o)
 .ARM.attributes
                0x00000000000005f7       0x2d /home/yusaku/eclipse/gcc-arm-none-eabi-6-2017-q2-update/bin/../lib/gcc/arm-none-eabi/6.3.1/../../../../arm-none-eabi/lib/thumb/v7-m/libm.a(lib_a-s_fabs.o)
 .ARM.attributes
                0x0000000000000624       0x2d /home/yusaku/eclipse/gcc-arm-none-eabi-6-2017-q2-update/bin/../lib/gcc/arm-none-eabi/6.3.1/../../../../arm-none-eabi/lib/thumb/v7-m/libm.a(lib_a-s_floor.o)
 .ARM.attributes
                0x0000000000000651       0x2d /home/yusaku/eclipse/gcc-arm-none-eabi-6-2017-q2-update/bin/../lib/gcc/arm-none-eabi/6.3.1/../../../../arm-none-eabi/lib/thumb/v7-m/libm.a(lib_a-s_scalbn.o)
 .ARM.attributes
                0x000000000000067e       0x2d /home/yusaku/eclipse/gcc-arm-none-eabi-6-2017-q2-update/bin/../lib/gcc/arm-none-eabi/6.3.1/../../../../arm-none-eabi/lib/thumb/v7-m/libm.a(lib_a-s_copysign.o)
 .ARM.attributes
                0x00000000000006ab       0x1d /home/yusaku/eclipse/gcc-arm-none-eabi-6-2017-q2-update/bin/../lib/gcc/arm-none-eabi/6.3.1/thumb/v7-m/libgcc.a(_arm_addsubdf3.o)
 .ARM.attributes
                0x00000000000006c8       0x1d /home/yusaku/eclipse/gcc-arm-none-eabi-6-2017-q2-update/bin/../lib/gcc/arm-none-eabi/6.3.1/thumb/v7-m/libgcc.a(_arm_muldivdf3.o)
 .ARM.attributes
                0x00000000000006e5       0x1d /home/yusaku/eclipse/gcc-arm-none-eabi-6-2017-q2-update/bin/../lib/gcc/arm-none-eabi/6.3.1/thumb/v7-m/libgcc.a(_arm_cmpdf2.o)
 .ARM.attributes
                0x0000000000000702       0x1d /home/yusaku/eclipse/gcc-arm-none-eabi-6-2017-q2-update/bin/../lib/gcc/arm-none-eabi/6.3.1/thumb/v7-m/libgcc.a(_arm_fixdfsi.o)
 .ARM.attributes
                0x000000000000071f       0x1d /home/yusaku/eclipse/gcc-arm-none-eabi-6-2017-q2-update/bin/../lib/gcc/arm-none-eabi/6.3.1/thumb/v7-m/libgcc.a(_arm_addsubsf3.o)
 .ARM.attributes
                0x000000000000073c       0x1d /home/yusaku/eclipse/gcc-arm-none-eabi-6-2017-q2-update/bin/../lib/gcc/arm-none-eabi/6.3.1/thumb/v7-m/libgcc.a(_arm_muldivsf3.o)
 .ARM.attributes
                0x0000000000000759       0x1d /home/yusaku/eclipse/gcc-arm-none-eabi-6-2017-q2-update/bin/../lib/gcc/arm-none-eabi/6.3.1/thumb/v7-m/libgcc.a(_arm_fixsfsi.o)
 .ARM.attributes
                0x0000000000000776       0x2d /home/yusaku/eclipse/gcc-arm-none-eabi-6-2017-q2-update/bin/../lib/gcc/arm-none-eabi/6.3.1/../../../../arm-none-eabi/lib/thumb/v7-m/libg_nano.a(lib_a-errno.o)
 .ARM.attributes
                0x00000000000007a3       0x2d /home/yusaku/eclipse/gcc-arm-none-eabi-6-2017-q2-update/bin/../lib/gcc/arm-none-eabi/6.3.1/../../../../arm-none-eabi/lib/thumb/v7-m/libg_nano.a(lib_a-impure.o)
 .ARM.attributes
                0x00000000000007d0       0x2d /home/yusaku/eclipse/gcc-arm-none-eabi-6-2017-q2-update/bin/../lib/gcc/arm-none-eabi/6.3.1/../../../../arm-none-eabi/lib/thumb/v7-m/libg_nano.a(lib_a-malloc.o)
 .ARM.attributes
                0x00000000000007fd       0x2d /home/yusaku/eclipse/gcc-arm-none-eabi-6-2017-q2-update/bin/../lib/gcc/arm-none-eabi/6.3.1/../../../../arm-none-eabi/lib/thumb/v7-m/libg_nano.a(lib_a-memcpy-stub.o)
 .ARM.attributes
                0x000000000000082a       0x2d /home/yusaku/eclipse/gcc-arm-none-eabi-6-2017-q2-update/bin/../lib/gcc/arm-none-eabi/6.3.1/../../../../arm-none-eabi/lib/thumb/v7-m/libg_nano.a(lib_a-nano-freer.o)
 .ARM.attributes
                0x0000000000000857       0x2d /home/yusaku/eclipse/gcc-arm-none-eabi-6-2017-q2-update/bin/../lib/gcc/arm-none-eabi/6.3.1/../../../../arm-none-eabi/lib/thumb/v7-m/libg_nano.a(lib_a-nano-mallocr.o)
 .ARM.attributes
                0x0000000000000884       0x2d /home/yusaku/eclipse/gcc-arm-none-eabi-6-2017-q2-update/bin/../lib/gcc/arm-none-eabi/6.3.1/../../../../arm-none-eabi/lib/thumb/v7-m/libg_nano.a(lib_a-realloc.o)
 .ARM.attributes
                0x00000000000008b1       0x2d /home/yusaku/eclipse/gcc-arm-none-eabi-6-2017-q2-update/bin/../lib/gcc/arm-none-eabi/6.3.1/../../../../arm-none-eabi/lib/thumb/v7-m/libg_nano.a(lib_a-sbrkr.o)
 .ARM.attributes
                0x00000000000008de       0x17 /home/yusaku/eclipse/gcc-arm-none-eabi-6-2017-q2-update/bin/../lib/gcc/arm-none-eabi/6.3.1/../../../../arm-none-eabi/lib/thumb/v7-m/libg_nano.a(lib_a-strlen.o)
 .ARM.attributes
                0x00000000000008f5       0x2d /home/yusaku/eclipse/gcc-arm-none-eabi-6-2017-q2-update/bin/../lib/gcc/arm-none-eabi/6.3.1/../../../../arm-none-eabi/lib/thumb/v7-m/libg_nano.a(lib_a-vsnprintf.o)
 .ARM.attributes
                0x0000000000000922       0x2d /home/yusaku/eclipse/gcc-arm-none-eabi-6-2017-q2-update/bin/../lib/gcc/arm-none-eabi/6.3.1/../../../../arm-none-eabi/lib/thumb/v7-m/libg_nano.a(lib_a-mlock.o)
 .ARM.attributes
                0x000000000000094f       0x2d /home/yusaku/eclipse/gcc-arm-none-eabi-6-2017-q2-update/bin/../lib/gcc/arm-none-eabi/6.3.1/../../../../arm-none-eabi/lib/thumb/v7-m/libg_nano.a(lib_a-nano-reallocr.o)
 .ARM.attributes
                0x000000000000097c       0x2d /home/yusaku/eclipse/gcc-arm-none-eabi-6-2017-q2-update/bin/../lib/gcc/arm-none-eabi/6.3.1/../../../../arm-none-eabi/lib/thumb/v7-m/libg_nano.a(lib_a-nano-svfprintf.o)
 .ARM.attributes
                0x00000000000009a9       0x2d /home/yusaku/eclipse/gcc-arm-none-eabi-6-2017-q2-update/bin/../lib/gcc/arm-none-eabi/6.3.1/../../../../arm-none-eabi/lib/thumb/v7-m/libg_nano.a(lib_a-nano-vfprintf_i.o)
 .ARM.attributes
                0x00000000000009d6       0x2d /home/yusaku/eclipse/gcc-arm-none-eabi-6-2017-q2-update/bin/../lib/gcc/arm-none-eabi/6.3.1/../../../../arm-none-eabi/lib/thumb/v7-m/libg_nano.a(lib_a-memchr-stub.o)
 .ARM.attributes
                0x0000000000000a03       0x2d /home/yusaku/eclipse/gcc-arm-none-eabi-6-2017-q2-update/bin/../lib/gcc/arm-none-eabi/6.3.1/../../../../arm-none-eabi/lib/thumb/v7-m/libg_nano.a(lib_a-memmove.o)
 .ARM.attributes
                0x0000000000000a30       0x2d /home/yusaku/eclipse/gcc-arm-none-eabi-6-2017-q2-update/bin/../lib/gcc/arm-none-eabi/6.3.1/../../../../arm-none-eabi/lib/thumb/v7-m/libg_nano.a(lib_a-nano-msizer.o)

.debug
 *(.debug)

.line
 *(.line)

.debug_srcinfo
 *(.debug_srcinfo)

.debug_sfnames
 *(.debug_sfnames)

.debug_aranges  0x0000000000000000      0xbc8
 *(.debug_aranges)
 .debug_aranges
                0x0000000000000000       0xa8 ./system/src/stm32f1-stdperiph/stm32f10x_gpio.o
 .debug_aranges
                0x00000000000000a8      0x118 ./system/src/stm32f1-stdperiph/stm32f10x_rcc.o
 .debug_aranges
                0x00000000000001c0       0xd0 ./system/src/stm32f1-stdperiph/stm32f10x_spi.o
 .debug_aranges
                0x0000000000000290      0x2f0 ./system/src/stm32f1-stdperiph/stm32f10x_tim.o
 .debug_aranges
                0x0000000000000580      0x100 ./system/src/stm32f1-stdperiph/stm32f10x_usart.o
 .debug_aranges
                0x0000000000000680       0x28 ./system/src/newlib/_exit.o
 .debug_aranges
                0x00000000000006a8       0x20 ./system/src/newlib/_sbrk.o
 .debug_aranges
                0x00000000000006c8       0x40 ./system/src/newlib/_startup.o
 .debug_aranges
                0x0000000000000708       0x30 ./system/src/newlib/_syscalls.o
 .debug_aranges
                0x0000000000000738       0x28 ./system/src/newlib/assert.o
 .debug_aranges
                0x0000000000000760       0x38 ./system/src/diag/Trace.o
 .debug_aranges
                0x0000000000000798       0x30 ./system/src/diag/trace_impl.o
 .debug_aranges
                0x00000000000007c8       0x28 ./system/src/cortexm/_initialize_hardware.o
 .debug_aranges
                0x00000000000007f0       0x90 ./system/src/cortexm/exception_handlers.o
 .debug_aranges
                0x0000000000000880       0x38 ./system/src/cmsis/system_stm32f10x.o
 .debug_aranges
                0x00000000000008b8       0x20 ./system/src/cmsis/vectors_stm32f10x.o
 .debug_aranges
                0x00000000000008d8       0x38 ./src/ros_lib/time.o
 .debug_aranges
                0x0000000000000910       0x30 ./src/Init.o
 .debug_aranges
                0x0000000000000940       0x50 ./src/MPU9250.o
 .debug_aranges
                0x0000000000000990       0x28 ./src/Timer.o
 .debug_aranges
                0x00000000000009b8       0x38 ./src/UartWithBuffer.o
 .debug_aranges
                0x00000000000009f0      0x1d8 ./src/main.o

.debug_pubnames
 *(.debug_pubnames)

.debug_info     0x0000000000000000    0x18f86
 *(.debug_info .gnu.linkonce.wi.*)
 .debug_info    0x0000000000000000      0xbd6 ./system/src/stm32f1-stdperiph/stm32f10x_gpio.o
 .debug_info    0x0000000000000bd6      0xc7b ./system/src/stm32f1-stdperiph/stm32f10x_rcc.o
 .debug_info    0x0000000000001851      0xfa9 ./system/src/stm32f1-stdperiph/stm32f10x_spi.o
 .debug_info    0x00000000000027fa     0x3931 ./system/src/stm32f1-stdperiph/stm32f10x_tim.o
 .debug_info    0x000000000000612b     0x128b ./system/src/stm32f1-stdperiph/stm32f10x_usart.o
 .debug_info    0x00000000000073b6      0x95d ./system/src/newlib/_exit.o
 .debug_info    0x0000000000007d13      0x949 ./system/src/newlib/_sbrk.o
 .debug_info    0x000000000000865c      0x435 ./system/src/newlib/_startup.o
 .debug_info    0x0000000000008a91      0xa20 ./system/src/newlib/_syscalls.o
 .debug_info    0x00000000000094b1      0xa06 ./system/src/newlib/assert.o
 .debug_info    0x0000000000009eb7      0xb31 ./system/src/diag/Trace.o
 .debug_info    0x000000000000a9e8      0x36d ./system/src/diag/trace_impl.o
 .debug_info    0x000000000000ad55      0x2bc ./system/src/cortexm/_initialize_hardware.o
 .debug_info    0x000000000000b011     0x1146 ./system/src/cortexm/exception_handlers.o
 .debug_info    0x000000000000c157      0x49a ./system/src/cmsis/system_stm32f10x.o
 .debug_info    0x000000000000c5f1       0xd1 ./system/src/cmsis/vectors_stm32f10x.o
 .debug_info    0x000000000000c6c2     0x1d71 ./src/ros_lib/time.o
 .debug_info    0x000000000000e433      0x9c9 ./src/Init.o
 .debug_info    0x000000000000edfc      0x853 ./src/MPU9250.o
 .debug_info    0x000000000000f64f      0x1c6 ./src/Timer.o
 .debug_info    0x000000000000f815      0x6f3 ./src/UartWithBuffer.o
 .debug_info    0x000000000000ff08     0x907e ./src/main.o

.debug_abbrev   0x0000000000000000     0x354e
 *(.debug_abbrev)
 .debug_abbrev  0x0000000000000000      0x205 ./system/src/stm32f1-stdperiph/stm32f10x_gpio.o
 .debug_abbrev  0x0000000000000205      0x209 ./system/src/stm32f1-stdperiph/stm32f10x_rcc.o
 .debug_abbrev  0x000000000000040e      0x1e0 ./system/src/stm32f1-stdperiph/stm32f10x_spi.o
 .debug_abbrev  0x00000000000005ee      0x1e9 ./system/src/stm32f1-stdperiph/stm32f10x_tim.o
 .debug_abbrev  0x00000000000007d7      0x1de ./system/src/stm32f1-stdperiph/stm32f10x_usart.o
 .debug_abbrev  0x00000000000009b5      0x1f3 ./system/src/newlib/_exit.o
 .debug_abbrev  0x0000000000000ba8      0x1fc ./system/src/newlib/_sbrk.o
 .debug_abbrev  0x0000000000000da4      0x1b3 ./system/src/newlib/_startup.o
 .debug_abbrev  0x0000000000000f57      0x234 ./system/src/newlib/_syscalls.o
 .debug_abbrev  0x000000000000118b      0x1f3 ./system/src/newlib/assert.o
 .debug_abbrev  0x000000000000137e      0x276 ./system/src/diag/Trace.o
 .debug_abbrev  0x00000000000015f4      0x1e2 ./system/src/diag/trace_impl.o
 .debug_abbrev  0x00000000000017d6       0xea ./system/src/cortexm/_initialize_hardware.o
 .debug_abbrev  0x00000000000018c0      0x329 ./system/src/cortexm/exception_handlers.o
 .debug_abbrev  0x0000000000001be9      0x175 ./system/src/cmsis/system_stm32f10x.o
 .debug_abbrev  0x0000000000001d5e       0x9d ./system/src/cmsis/vectors_stm32f10x.o
 .debug_abbrev  0x0000000000001dfb      0x3b7 ./src/ros_lib/time.o
 .debug_abbrev  0x00000000000021b2      0x15a ./src/Init.o
 .debug_abbrev  0x000000000000230c      0x294 ./src/MPU9250.o
 .debug_abbrev  0x00000000000025a0      0x192 ./src/Timer.o
 .debug_abbrev  0x0000000000002732      0x29c ./src/UartWithBuffer.o
 .debug_abbrev  0x00000000000029ce      0xb80 ./src/main.o

.debug_line     0x0000000000000000     0xa419
 *(.debug_line)
 .debug_line    0x0000000000000000      0x8ed ./system/src/stm32f1-stdperiph/stm32f10x_gpio.o
 .debug_line    0x00000000000008ed      0x84b ./system/src/stm32f1-stdperiph/stm32f10x_rcc.o
 .debug_line    0x0000000000001138      0x894 ./system/src/stm32f1-stdperiph/stm32f10x_spi.o
 .debug_line    0x00000000000019cc     0x2584 ./system/src/stm32f1-stdperiph/stm32f10x_tim.o
 .debug_line    0x0000000000003f50      0xae7 ./system/src/stm32f1-stdperiph/stm32f10x_usart.o
 .debug_line    0x0000000000004a37      0x34c ./system/src/newlib/_exit.o
 .debug_line    0x0000000000004d83      0x300 ./system/src/newlib/_sbrk.o
 .debug_line    0x0000000000005083      0x3ba ./system/src/newlib/_startup.o
 .debug_line    0x000000000000543d      0x417 ./system/src/newlib/_syscalls.o
 .debug_line    0x0000000000005854      0x387 ./system/src/newlib/assert.o
 .debug_line    0x0000000000005bdb      0x3ba ./system/src/diag/Trace.o
 .debug_line    0x0000000000005f95      0x632 ./system/src/diag/trace_impl.o
 .debug_line    0x00000000000065c7      0x372 ./system/src/cortexm/_initialize_hardware.o
 .debug_line    0x0000000000006939      0x6e8 ./system/src/cortexm/exception_handlers.o
 .debug_line    0x0000000000007021      0x3e6 ./system/src/cmsis/system_stm32f10x.o
 .debug_line    0x0000000000007407      0x102 ./system/src/cmsis/vectors_stm32f10x.o
 .debug_line    0x0000000000007509      0x4cf ./src/ros_lib/time.o
 .debug_line    0x00000000000079d8      0x394 ./src/Init.o
 .debug_line    0x0000000000007d6c      0x3fb ./src/MPU9250.o
 .debug_line    0x0000000000008167      0x396 ./src/Timer.o
 .debug_line    0x00000000000084fd      0x65c ./src/UartWithBuffer.o
 .debug_line    0x0000000000008b59     0x18c0 ./src/main.o

.debug_frame    0x0000000000000000     0x295c
 *(.debug_frame)
 .debug_frame   0x0000000000000000      0x1e8 ./system/src/stm32f1-stdperiph/stm32f10x_gpio.o
 .debug_frame   0x00000000000001e8      0x320 ./system/src/stm32f1-stdperiph/stm32f10x_rcc.o
 .debug_frame   0x0000000000000508      0x27c ./system/src/stm32f1-stdperiph/stm32f10x_spi.o
 .debug_frame   0x0000000000000784      0x9fc ./system/src/stm32f1-stdperiph/stm32f10x_tim.o
 .debug_frame   0x0000000000001180      0x320 ./system/src/stm32f1-stdperiph/stm32f10x_usart.o
 .debug_frame   0x00000000000014a0       0x38 ./system/src/newlib/_exit.o
 .debug_frame   0x00000000000014d8       0x28 ./system/src/newlib/_sbrk.o
 .debug_frame   0x0000000000001500       0x7c ./system/src/newlib/_startup.o
 .debug_frame   0x000000000000157c       0x50 ./system/src/newlib/_syscalls.o
 .debug_frame   0x00000000000015cc       0x40 ./system/src/newlib/assert.o
 .debug_frame   0x000000000000160c       0x94 ./system/src/diag/Trace.o
 .debug_frame   0x00000000000016a0       0x64 ./system/src/diag/trace_impl.o
 .debug_frame   0x0000000000001704       0x40 ./system/src/cortexm/_initialize_hardware.o
 .debug_frame   0x0000000000001744      0x158 ./system/src/cortexm/exception_handlers.o
 .debug_frame   0x000000000000189c       0x6c ./system/src/cmsis/system_stm32f10x.o
 .debug_frame   0x0000000000001908       0x20 ./system/src/cmsis/vectors_stm32f10x.o
 .debug_frame   0x0000000000001928       0x74 ./src/ros_lib/time.o
 .debug_frame   0x000000000000199c       0x70 ./src/Init.o
 .debug_frame   0x0000000000001a0c       0xd4 ./src/MPU9250.o
 .debug_frame   0x0000000000001ae0       0x30 ./src/Timer.o
 .debug_frame   0x0000000000001b10       0x6c ./src/UartWithBuffer.o
 .debug_frame   0x0000000000001b7c      0x55c ./src/main.o
 .debug_frame   0x00000000000020d8       0x28 /home/yusaku/eclipse/gcc-arm-none-eabi-6-2017-q2-update/bin/../lib/gcc/arm-none-eabi/6.3.1/../../../../arm-none-eabi/lib/thumb/v7-m/libstdc++_nano.a(new_op.o)
 .debug_frame   0x0000000000002100       0x20 /home/yusaku/eclipse/gcc-arm-none-eabi-6-2017-q2-update/bin/../lib/gcc/arm-none-eabi/6.3.1/../../../../arm-none-eabi/lib/thumb/v7-m/libstdc++_nano.a(new_opv.o)
 .debug_frame   0x0000000000002120       0x30 /home/yusaku/eclipse/gcc-arm-none-eabi-6-2017-q2-update/bin/../lib/gcc/arm-none-eabi/6.3.1/../../../../arm-none-eabi/lib/thumb/v7-m/libstdc++_nano.a(new_handler.o)
 .debug_frame   0x0000000000002150       0x38 /home/yusaku/eclipse/gcc-arm-none-eabi-6-2017-q2-update/bin/../lib/gcc/arm-none-eabi/6.3.1/../../../../arm-none-eabi/lib/thumb/v7-m/libm.a(lib_a-s_cos.o)
 .debug_frame   0x0000000000002188       0x38 /home/yusaku/eclipse/gcc-arm-none-eabi-6-2017-q2-update/bin/../lib/gcc/arm-none-eabi/6.3.1/../../../../arm-none-eabi/lib/thumb/v7-m/libm.a(lib_a-s_sin.o)
 .debug_frame   0x00000000000021c0       0x48 /home/yusaku/eclipse/gcc-arm-none-eabi-6-2017-q2-update/bin/../lib/gcc/arm-none-eabi/6.3.1/../../../../arm-none-eabi/lib/thumb/v7-m/libm.a(lib_a-e_rem_pio2.o)
 .debug_frame   0x0000000000002208       0x4c /home/yusaku/eclipse/gcc-arm-none-eabi-6-2017-q2-update/bin/../lib/gcc/arm-none-eabi/6.3.1/../../../../arm-none-eabi/lib/thumb/v7-m/libm.a(lib_a-k_cos.o)
 .debug_frame   0x0000000000002254       0x50 /home/yusaku/eclipse/gcc-arm-none-eabi-6-2017-q2-update/bin/../lib/gcc/arm-none-eabi/6.3.1/../../../../arm-none-eabi/lib/thumb/v7-m/libm.a(lib_a-k_rem_pio2.o)
 .debug_frame   0x00000000000022a4       0x48 /home/yusaku/eclipse/gcc-arm-none-eabi-6-2017-q2-update/bin/../lib/gcc/arm-none-eabi/6.3.1/../../../../arm-none-eabi/lib/thumb/v7-m/libm.a(lib_a-k_sin.o)
 .debug_frame   0x00000000000022ec       0x20 /home/yusaku/eclipse/gcc-arm-none-eabi-6-2017-q2-update/bin/../lib/gcc/arm-none-eabi/6.3.1/../../../../arm-none-eabi/lib/thumb/v7-m/libm.a(lib_a-s_fabs.o)
 .debug_frame   0x000000000000230c       0x34 /home/yusaku/eclipse/gcc-arm-none-eabi-6-2017-q2-update/bin/../lib/gcc/arm-none-eabi/6.3.1/../../../../arm-none-eabi/lib/thumb/v7-m/libm.a(lib_a-s_floor.o)
 .debug_frame   0x0000000000002340       0x30 /home/yusaku/eclipse/gcc-arm-none-eabi-6-2017-q2-update/bin/../lib/gcc/arm-none-eabi/6.3.1/../../../../arm-none-eabi/lib/thumb/v7-m/libm.a(lib_a-s_scalbn.o)
 .debug_frame   0x0000000000002370       0x20 /home/yusaku/eclipse/gcc-arm-none-eabi-6-2017-q2-update/bin/../lib/gcc/arm-none-eabi/6.3.1/../../../../arm-none-eabi/lib/thumb/v7-m/libm.a(lib_a-s_copysign.o)
 .debug_frame   0x0000000000002390       0xac /home/yusaku/eclipse/gcc-arm-none-eabi-6-2017-q2-update/bin/../lib/gcc/arm-none-eabi/6.3.1/thumb/v7-m/libgcc.a(_arm_addsubdf3.o)
 .debug_frame   0x000000000000243c       0x50 /home/yusaku/eclipse/gcc-arm-none-eabi-6-2017-q2-update/bin/../lib/gcc/arm-none-eabi/6.3.1/thumb/v7-m/libgcc.a(_arm_muldivdf3.o)
 .debug_frame   0x000000000000248c       0xc4 /home/yusaku/eclipse/gcc-arm-none-eabi-6-2017-q2-update/bin/../lib/gcc/arm-none-eabi/6.3.1/thumb/v7-m/libgcc.a(_arm_cmpdf2.o)
 .debug_frame   0x0000000000002550       0x24 /home/yusaku/eclipse/gcc-arm-none-eabi-6-2017-q2-update/bin/../lib/gcc/arm-none-eabi/6.3.1/thumb/v7-m/libgcc.a(_arm_fixdfsi.o)
 .debug_frame   0x0000000000002574       0x4c /home/yusaku/eclipse/gcc-arm-none-eabi-6-2017-q2-update/bin/../lib/gcc/arm-none-eabi/6.3.1/thumb/v7-m/libgcc.a(_arm_addsubsf3.o)
 .debug_frame   0x00000000000025c0       0x38 /home/yusaku/eclipse/gcc-arm-none-eabi-6-2017-q2-update/bin/../lib/gcc/arm-none-eabi/6.3.1/thumb/v7-m/libgcc.a(_arm_muldivsf3.o)
 .debug_frame   0x00000000000025f8       0x24 /home/yusaku/eclipse/gcc-arm-none-eabi-6-2017-q2-update/bin/../lib/gcc/arm-none-eabi/6.3.1/thumb/v7-m/libgcc.a(_arm_fixsfsi.o)
 .debug_frame   0x000000000000261c       0x20 /home/yusaku/eclipse/gcc-arm-none-eabi-6-2017-q2-update/bin/../lib/gcc/arm-none-eabi/6.3.1/../../../../arm-none-eabi/lib/thumb/v7-m/libg_nano.a(lib_a-errno.o)
 .debug_frame   0x000000000000263c       0x30 /home/yusaku/eclipse/gcc-arm-none-eabi-6-2017-q2-update/bin/../lib/gcc/arm-none-eabi/6.3.1/../../../../arm-none-eabi/lib/thumb/v7-m/libg_nano.a(lib_a-malloc.o)
 .debug_frame   0x000000000000266c       0x28 /home/yusaku/eclipse/gcc-arm-none-eabi-6-2017-q2-update/bin/../lib/gcc/arm-none-eabi/6.3.1/../../../../arm-none-eabi/lib/thumb/v7-m/libg_nano.a(lib_a-memcpy-stub.o)
 .debug_frame   0x0000000000002694       0x38 /home/yusaku/eclipse/gcc-arm-none-eabi-6-2017-q2-update/bin/../lib/gcc/arm-none-eabi/6.3.1/../../../../arm-none-eabi/lib/thumb/v7-m/libg_nano.a(lib_a-nano-freer.o)
 .debug_frame   0x00000000000026cc       0x2c /home/yusaku/eclipse/gcc-arm-none-eabi-6-2017-q2-update/bin/../lib/gcc/arm-none-eabi/6.3.1/../../../../arm-none-eabi/lib/thumb/v7-m/libg_nano.a(lib_a-nano-mallocr.o)
 .debug_frame   0x00000000000026f8       0x20 /home/yusaku/eclipse/gcc-arm-none-eabi-6-2017-q2-update/bin/../lib/gcc/arm-none-eabi/6.3.1/../../../../arm-none-eabi/lib/thumb/v7-m/libg_nano.a(lib_a-realloc.o)
 .debug_frame   0x0000000000002718       0x2c /home/yusaku/eclipse/gcc-arm-none-eabi-6-2017-q2-update/bin/../lib/gcc/arm-none-eabi/6.3.1/../../../../arm-none-eabi/lib/thumb/v7-m/libg_nano.a(lib_a-sbrkr.o)
 .debug_frame   0x0000000000002744       0x4c /home/yusaku/eclipse/gcc-arm-none-eabi-6-2017-q2-update/bin/../lib/gcc/arm-none-eabi/6.3.1/../../../../arm-none-eabi/lib/thumb/v7-m/libg_nano.a(lib_a-vsnprintf.o)
 .debug_frame   0x0000000000002790       0x30 /home/yusaku/eclipse/gcc-arm-none-eabi-6-2017-q2-update/bin/../lib/gcc/arm-none-eabi/6.3.1/../../../../arm-none-eabi/lib/thumb/v7-m/libg_nano.a(lib_a-mlock.o)
 .debug_frame   0x00000000000027c0       0x3c /home/yusaku/eclipse/gcc-arm-none-eabi-6-2017-q2-update/bin/../lib/gcc/arm-none-eabi/6.3.1/../../../../arm-none-eabi/lib/thumb/v7-m/libg_nano.a(lib_a-nano-reallocr.o)
 .debug_frame   0x00000000000027fc       0x90 /home/yusaku/eclipse/gcc-arm-none-eabi-6-2017-q2-update/bin/../lib/gcc/arm-none-eabi/6.3.1/../../../../arm-none-eabi/lib/thumb/v7-m/libg_nano.a(lib_a-nano-svfprintf.o)
 .debug_frame   0x000000000000288c       0x60 /home/yusaku/eclipse/gcc-arm-none-eabi-6-2017-q2-update/bin/../lib/gcc/arm-none-eabi/6.3.1/../../../../arm-none-eabi/lib/thumb/v7-m/libg_nano.a(lib_a-nano-vfprintf_i.o)
 .debug_frame   0x00000000000028ec       0x28 /home/yusaku/eclipse/gcc-arm-none-eabi-6-2017-q2-update/bin/../lib/gcc/arm-none-eabi/6.3.1/../../../../arm-none-eabi/lib/thumb/v7-m/libg_nano.a(lib_a-memchr-stub.o)
 .debug_frame   0x0000000000002914       0x28 /home/yusaku/eclipse/gcc-arm-none-eabi-6-2017-q2-update/bin/../lib/gcc/arm-none-eabi/6.3.1/../../../../arm-none-eabi/lib/thumb/v7-m/libg_nano.a(lib_a-memmove.o)
 .debug_frame   0x000000000000293c       0x20 /home/yusaku/eclipse/gcc-arm-none-eabi-6-2017-q2-update/bin/../lib/gcc/arm-none-eabi/6.3.1/../../../../arm-none-eabi/lib/thumb/v7-m/libg_nano.a(lib_a-nano-msizer.o)

.debug_str      0x0000000000000000    0x5e89b
 *(.debug_str)
 .debug_str     0x0000000000000000    0x4e3f4 ./system/src/stm32f1-stdperiph/stm32f10x_gpio.o
                                      0x4e5d2 (size before relaxing)
 .debug_str     0x000000000004e3f4      0xb45 ./system/src/stm32f1-stdperiph/stm32f10x_rcc.o
                                      0x4eba1 (size before relaxing)
 .debug_str     0x000000000004ef39      0x5fd ./system/src/stm32f1-stdperiph/stm32f10x_spi.o
                                      0x4e6fb (size before relaxing)
 .debug_str     0x000000000004f536      0xbd1 ./system/src/stm32f1-stdperiph/stm32f10x_tim.o
                                      0x4eced (size before relaxing)
 .debug_str     0x0000000000050107      0x7d1 ./system/src/stm32f1-stdperiph/stm32f10x_usart.o
                                      0x4e90b (size before relaxing)
 .debug_str     0x00000000000508d8     0x4da1 ./system/src/newlib/_exit.o
                                       0x7542 (size before relaxing)
 .debug_str     0x0000000000055679      0x4ed ./system/src/newlib/_sbrk.o