Archive member included to satisfy reference by file (symbol)

/home/yusaku/eclipse/gcc-arm-none-eabi-6-2017-q2-update/bin/../lib/gcc/arm-none-eabi/6.3.1/../../../../arm-none-eabi/lib/thumb/v7-m/libstdc++_nano.a(new_op.o)
                              ./src/UartWithBuffer.o (operator new(unsigned int))
/home/yusaku/eclipse/gcc-arm-none-eabi-6-2017-q2-update/bin/../lib/gcc/arm-none-eabi/6.3.1/../../../../arm-none-eabi/lib/thumb/v7-m/libstdc++_nano.a(new_opv.o)
                              ./src/UartWithBuffer.o (operator new[](unsigned int))
/home/yusaku/eclipse/gcc-arm-none-eabi-6-2017-q2-update/bin/../lib/gcc/arm-none-eabi/6.3.1/../../../../arm-none-eabi/lib/thumb/v7-m/libstdc++_nano.a(new_handler.o)
                              /home/yusaku/eclipse/gcc-arm-none-eabi-6-2017-q2-update/bin/../lib/gcc/arm-none-eabi/6.3.1/../../../../arm-none-eabi/lib/thumb/v7-m/libstdc++_nano.a(new_op.o) (std::get_new_handler())
/home/yusaku/eclipse/gcc-arm-none-eabi-6-2017-q2-update/bin/../lib/gcc/arm-none-eabi/6.3.1/../../../../arm-none-eabi/lib/thumb/v7-m/libm.a(lib_a-s_cos.o)
                              ./src/main.o (cos)
/home/yusaku/eclipse/gcc-arm-none-eabi-6-2017-q2-update/bin/../lib/gcc/arm-none-eabi/6.3.1/../../../../arm-none-eabi/lib/thumb/v7-m/libm.a(lib_a-s_sin.o)
                              ./src/main.o (sin)
/home/yusaku/eclipse/gcc-arm-none-eabi-6-2017-q2-update/bin/../lib/gcc/arm-none-eabi/6.3.1/../../../../arm-none-eabi/lib/thumb/v7-m/libm.a(lib_a-e_rem_pio2.o)
                              /home/yusaku/eclipse/gcc-arm-none-eabi-6-2017-q2-update/bin/../lib/gcc/arm-none-eabi/6.3.1/../../../../arm-none-eabi/lib/thumb/v7-m/libm.a(lib_a-s_cos.o) (__ieee754_rem_pio2)
/home/yusaku/eclipse/gcc-arm-none-eabi-6-2017-q2-update/bin/../lib/gcc/arm-none-eabi/6.3.1/../../../../arm-none-eabi/lib/thumb/v7-m/libm.a(lib_a-k_cos.o)
                              /home/yusaku/eclipse/gcc-arm-none-eabi-6-2017-q2-update/bin/../lib/gcc/arm-none-eabi/6.3.1/../../../../arm-none-eabi/lib/thumb/v7-m/libm.a(lib_a-s_cos.o) (__kernel_cos)
/home/yusaku/eclipse/gcc-arm-none-eabi-6-2017-q2-update/bin/../lib/gcc/arm-none-eabi/6.3.1/../../../../arm-none-eabi/lib/thumb/v7-m/libm.a(lib_a-k_rem_pio2.o)
                              /home/yusaku/eclipse/gcc-arm-none-eabi-6-2017-q2-update/bin/../lib/gcc/arm-none-eabi/6.3.1/../../../../arm-none-eabi/lib/thumb/v7-m/libm.a(lib_a-e_rem_pio2.o) (__kernel_rem_pio2)
/home/yusaku/eclipse/gcc-arm-none-eabi-6-2017-q2-update/bin/../lib/gcc/arm-none-eabi/6.3.1/../../../../arm-none-eabi/lib/thumb/v7-m/libm.a(lib_a-k_sin.o)
                              /home/yusaku/eclipse/gcc-arm-none-eabi-6-2017-q2-update/bin/../lib/gcc/arm-none-eabi/6.3.1/../../../../arm-none-eabi/lib/thumb/v7-m/libm.a(lib_a-s_cos.o) (__kernel_sin)
/home/yusaku/eclipse/gcc-arm-none-eabi-6-2017-q2-update/bin/../lib/gcc/arm-none-eabi/6.3.1/../../../../arm-none-eabi/lib/thumb/v7-m/libm.a(lib_a-s_fabs.o)
                              /home/yusaku/eclipse/gcc-arm-none-eabi-6-2017-q2-update/bin/../lib/gcc/arm-none-eabi/6.3.1/../../../../arm-none-eabi/lib/thumb/v7-m/libm.a(lib_a-e_rem_pio2.o) (fabs)
/home/yusaku/eclipse/gcc-arm-none-eabi-6-2017-q2-update/bin/../lib/gcc/arm-none-eabi/6.3.1/../../../../arm-none-eabi/lib/thumb/v7-m/libm.a(lib_a-s_floor.o)
                              /home/yusaku/eclipse/gcc-arm-none-eabi-6-2017-q2-update/bin/../lib/gcc/arm-none-eabi/6.3.1/../../../../arm-none-eabi/lib/thumb/v7-m/libm.a(lib_a-k_rem_pio2.o) (floor)
/home/yusaku/eclipse/gcc-arm-none-eabi-6-2017-q2-update/bin/../lib/gcc/arm-none-eabi/6.3.1/../../../../arm-none-eabi/lib/thumb/v7-m/libm.a(lib_a-s_scalbn.o)
                              /home/yusaku/eclipse/gcc-arm-none-eabi-6-2017-q2-update/bin/../lib/gcc/arm-none-eabi/6.3.1/../../../../arm-none-eabi/lib/thumb/v7-m/libm.a(lib_a-k_rem_pio2.o) (scalbn)
/home/yusaku/eclipse/gcc-arm-none-eabi-6-2017-q2-update/bin/../lib/gcc/arm-none-eabi/6.3.1/../../../../arm-none-eabi/lib/thumb/v7-m/libm.a(lib_a-s_copysign.o)
                              /home/yusaku/eclipse/gcc-arm-none-eabi-6-2017-q2-update/bin/../lib/gcc/arm-none-eabi/6.3.1/../../../../arm-none-eabi/lib/thumb/v7-m/libm.a(lib_a-s_scalbn.o) (copysign)
/home/yusaku/eclipse/gcc-arm-none-eabi-6-2017-q2-update/bin/../lib/gcc/arm-none-eabi/6.3.1/thumb/v7-m/libgcc.a(_arm_addsubdf3.o)
                              ./src/main.o (__aeabi_dsub)
/home/yusaku/eclipse/gcc-arm-none-eabi-6-2017-q2-update/bin/../lib/gcc/arm-none-eabi/6.3.1/thumb/v7-m/libgcc.a(_arm_muldivdf3.o)
                              ./src/ros_lib/duration.o (__aeabi_dmul)
/home/yusaku/eclipse/gcc-arm-none-eabi-6-2017-q2-update/bin/../lib/gcc/arm-none-eabi/6.3.1/thumb/v7-m/libgcc.a(_arm_cmpdf2.o)
                              /home/yusaku/eclipse/gcc-arm-none-eabi-6-2017-q2-update/bin/../lib/gcc/arm-none-eabi/6.3.1/../../../../arm-none-eabi/lib/thumb/v7-m/libm.a(lib_a-e_rem_pio2.o) (__aeabi_dcmpeq)
[...]
Memory Configuration

Name             Origin             Length             Attributes
RAM              0x0000000020000000 0x0000000000005000 xrw
CCMRAM           0x0000000000000000 0x0000000000000000 xrw
FLASH            0x0000000008000000 0x0000000000010000 xr
FLASHB1          0x0000000000000000 0x0000000000000000 xr
EXTMEMB0         0x0000000000000000 0x0000000000000000 xr
EXTMEMB1         0x0000000000000000 0x0000000000000000 xr
EXTMEMB2         0x0000000000000000 0x0000000000000000 xr
EXTMEMB3         0x0000000000000000 0x0000000000000000 xr
MEMORY_ARRAY     0x0000000000000000 0x0000000000000000 xrw
*default*        0x0000000000000000 0xffffffffffffffff

Linker script and memory map

LOAD ./system/src/stm32f1-stdperiph/misc.o
LOAD ./system/src/stm32f1-stdperiph/stm32f10x_adc.o
LOAD ./system/src/stm32f1-stdperiph/stm32f10x_bkp.o
LOAD ./system/src/stm32f1-stdperiph/stm32f10x_can.o
LOAD ./system/src/stm32f1-stdperiph/stm32f10x_cec.o
LOAD ./system/src/stm32f1-stdperiph/stm32f10x_crc.o
LOAD ./system/src/stm32f1-stdperiph/stm32f10x_dac.o
LOAD ./system/src/stm32f1-stdperiph/stm32f10x_dbgmcu.o
LOAD ./system/src/stm32f1-stdperiph/stm32f10x_dma.o
LOAD ./system/src/stm32f1-stdperiph/stm32f10x_exti.o
LOAD ./system/src/stm32f1-stdperiph/stm32f10x_flash.o
LOAD ./system/src/stm32f1-stdperiph/stm32f10x_fsmc.o
LOAD ./system/src/stm32f1-stdperiph/stm32f10x_gpio.o
LOAD ./system/src/stm32f1-stdperiph/stm32f10x_i2c.o
LOAD ./system/src/stm32f1-stdperiph/stm32f10x_iwdg.o
LOAD ./system/src/stm32f1-stdperiph/stm32f10x_pwr.o
LOAD ./system/src/stm32f1-stdperiph/stm32f10x_rcc.o
LOAD ./system/src/stm32f1-stdperiph/stm32f10x_rtc.o
LOAD ./system/src/stm32f1-stdperiph/stm32f10x_sdio.o
LOAD ./system/src/stm32f1-stdperiph/stm32f10x_spi.o
LOAD ./system/src/stm32f1-stdperiph/stm32f10x_tim.o
LOAD ./system/src/stm32f1-stdperiph/stm32f10x_usart.o
LOAD ./system/src/stm32f1-stdperiph/stm32f10x_wwdg.o
LOAD ./system/src/newlib/_cxx.o
LOAD ./system/src/newlib/_exit.o
LOAD ./system/src/newlib/_sbrk.o
LOAD ./system/src/newlib/_startup.o
LOAD ./system/src/newlib/_syscalls.o
LOAD ./system/src/newlib/assert.o
LOAD ./system/src/diag/Trace.o
LOAD ./system/src/diag/trace_impl.o
LOAD ./system/src/cortexm/_initialize_hardware.o
LOAD ./system/src/cortexm/_reset_hardware.o
LOAD ./system/src/cortexm/exception_handlers.o
LOAD ./system/src/cmsis/system_stm32f10x.o
LOAD ./system/src/cmsis/vectors_stm32f10x.o
LOAD ./src/ros_lib/duration.o
LOAD ./src/ros_lib/time.o
LOAD ./src/BlinkLed.o
LOAD ./src/Init.o
LOAD ./src/MPU9250.o
LOAD ./src/Timer.o
LOAD ./src/UartWithBuffer.o
LOAD ./src/_write.o
LOAD ./src/main.o
LOAD /home/yusaku/eclipse/gcc-arm-none-eabi-6-2017-q2-update/bin/../lib/gcc/arm-none-eabi/6.3.1/../../../../arm-none-eabi/lib/thumb/v7-m/libstdc++_nano.a
LOAD /home/yusaku/eclipse/gcc-arm-none-eabi-6-2017-q2-update/bin/../lib/gcc/arm-none-eabi/6.3.1/../../../../arm-none-eabi/lib/thumb/v7-m/libm.a
START GROUP
LOAD /home/yusaku/eclipse/gcc-arm-none-eabi-6-2017-q2-update/bin/../lib/gcc/arm-none-eabi/6.3.1/thumb/v7-m/libgcc.a
LOAD /home/yusaku/eclipse/gcc-arm-none-eabi-6-2017-q2-update/bin/../lib/gcc/arm-none-eabi/6.3.1/../../../../arm-none-eabi/lib/thumb/v7-m/libg_nano.a
LOAD /home/yusaku/eclipse/gcc-arm-none-eabi-6-2017-q2-update/bin/../lib/gcc/arm-none-eabi/6.3.1/../../../../arm-none-eabi/lib/thumb/v7-m/libc_nano.a
END GROUP
START GROUP
LOAD /home/yusaku/eclipse/gcc-arm-none-eabi-6-2017-q2-update/bin/../lib/gcc/arm-none-eabi/6.3.1/thumb/v7-m/libgcc.a
LOAD /home/yusaku/eclipse/gcc-arm-none-eabi-6-2017-q2-update/bin/../lib/gcc/arm-none-eabi/6.3.1/../../../../arm-none-eabi/lib/thumb/v7-m/libc_nano.a
END GROUP
                0x0000000020005000                __stack = (ORIGIN (RAM) + LENGTH (RAM))
                0x0000000020005000                _estack = __stack
                0x0000000000000400                __Main_Stack_Size = 0x400
                [!provide]                        PROVIDE (_Main_Stack_Size, __Main_Stack_Size)
                0x0000000020004c00                __Main_Stack_Limit = (__stack - __Main_Stack_Size)
                [!provide]                        PROVIDE (_Main_Stack_Limit, __Main_Stack_Limit)
                0x0000000000000100                _Minimum_Stack_Size = 0x100
                0x0000000020000aa4                PROVIDE (_Heap_Begin, _end_noinit)
                0x0000000020004c00                PROVIDE (_Heap_Limit, (__stack - __Main_Stack_Size))

.isr_vector     0x0000000008000000      0x22a
 FILL mask 0xff
                0x0000000008000000                __vectors_start = ABSOLUTE (.)
                0x0000000008000000                __vectors_start__ = ABSOLUTE (.)
 *(.isr_vector)
 .isr_vector    0x0000000008000000      0x10c ./system/src/cmsis/vectors_stm32f10x.o
                0x0000000008000000                __isr_vectors
 *(.cfmconfig)
 *(.after_vectors .after_vectors.*)
 .after_vectors
                0x000000000800010c       0xb8 ./system/src/newlib/_startup.o
                0x000000000800010c                _start
 .after_vectors
                0x00000000080001c4       0x64 ./system/src/cortexm/exception_handlers.o
                0x00000000080001c4                Reset_Handler
                0x00000000080001c8                NMI_Handler
                0x00000000080001ca                HardFault_Handler
                0x00000000080001de                HardFault_Handler_C
                0x00000000080001e0                MemManage_Handler
                0x00000000080001e2                BusFault_Handler
                0x00000000080001f6                BusFault_Handler_C
                0x00000000080001f8                UsageFault_Handler
                0x000000000800020c                UsageFault_Handler_C
                0x000000000800020e                SVC_Handler
                0x0000000008000210                DebugMon_Handler
                0x0000000008000212                PendSV_Handler
 .after_vectors
                0x0000000008000228        0x2 ./system/src/cmsis/vectors_stm32f10x.o
                0x0000000008000228                EXTI2_IRQHandler
                0x0000000008000228                TIM8_TRG_COM_IRQHandler
                0x0000000008000228                TIM8_CC_IRQHandler
                0x0000000008000228                TIM1_CC_IRQHandler
                0x0000000008000228                TIM6_IRQHandler
                0x0000000008000228                PVD_IRQHandler
                0x0000000008000228                SDIO_IRQHandler
                0x0000000008000228                CAN2_RX1_IRQHandler
                0x0000000008000228                EXTI3_IRQHandler
                0x0000000008000228                TIM8_TRG_COM_TIM14_IRQHandler
                0x0000000008000228                TIM1_UP_TIM10_IRQHandler
                0x0000000008000228                TIM8_UP_TIM13_IRQHandler
                0x0000000008000228                EXTI0_IRQHandler
                0x0000000008000228                I2C2_EV_IRQHandler
                0x0000000008000228                CAN1_RX0_IRQHandler
                0x0000000008000228                TIM1_UP_TIM16_IRQHandler
                0x0000000008000228                CAN2_SCE_IRQHandler
                0x0000000008000228                ADC1_2_IRQHandler
                0x0000000008000228                SPI1_IRQHandler
                0x0000000008000228                TAMPER_IRQHandler
                0x0000000008000228                TIM6_DAC_IRQHandler
                0x0000000008000228                TIM1_BRK_TIM9_IRQHandler
                0x0000000008000228                CAN2_RX0_IRQHandler
                0x0000000008000228                TIM8_UP_IRQHandler
                0x0000000008000228                DMA2_Channel2_IRQHandler
                0x0000000008000228                DMA1_Channel4_IRQHandler
                0x0000000008000228                USART3_IRQHandler
                0x0000000008000228                RTC_IRQHandler
                0x0000000008000228                DMA1_Channel7_IRQHandler
                0x0000000008000228                CAN1_RX1_IRQHandler
                0x0000000008000228                UART5_IRQHandler
                0x0000000008000228                ADC3_IRQHandler
                0x0000000008000228                DMA2_Channel1_IRQHandler
                0x0000000008000228                I2C1_EV_IRQHandler
                0x0000000008000228                DMA1_Channel6_IRQHandler
                0x0000000008000228                UART4_IRQHandler
                0x0000000008000228                DMA2_Channel4_IRQHandler
                0x0000000008000228                TIM3_IRQHandler
                0x0000000008000228                RCC_IRQHandler
                0x0000000008000228                TIM8_BRK_TIM12_IRQHandler
                0x0000000008000228                TIM1_TRG_COM_IRQHandler
                0x0000000008000228                DMA1_Channel1_IRQHandler
                0x0000000008000228                Default_Handler
                0x0000000008000228                CEC_IRQHandler
                0x0000000008000228                EXTI15_10_IRQHandler
                0x0000000008000228                TIM14_IRQHandler
                0x0000000008000228                TIM13_IRQHandler
                0x0000000008000228                TIM12_IRQHandler
                0x0000000008000228                TIM7_IRQHandler
                0x0000000008000228                CAN2_TX_IRQHandler
                0x0000000008000228                TIM5_IRQHandler
                0x0000000008000228                EXTI9_5_IRQHandler
                0x0000000008000228                ETH_WKUP_IRQHandler
                0x0000000008000228                SPI2_IRQHandler
                0x0000000008000228                CAN1_TX_IRQHandler
                0x0000000008000228                DMA2_Channel5_IRQHandler
                0x0000000008000228                DMA1_Channel5_IRQHandler
                0x0000000008000228                EXTI4_IRQHandler
                0x0000000008000228                USB_LP_CAN1_RX0_IRQHandler
                0x0000000008000228                TIM1_TRG_COM_TIM17_IRQHandler
                0x0000000008000228                USB_HP_CAN1_TX_IRQHandler
                0x0000000008000228                DMA1_Channel3_IRQHandler
                0x0000000008000228                FSMC_IRQHandler
                0x0000000008000228                ETH_IRQHandler
                0x0000000008000228                TIM1_UP_IRQHandler
                0x0000000008000228                WWDG_IRQHandler
                0x0000000008000228                TIM2_IRQHandler
                0x0000000008000228                OTG_FS_WKUP_IRQHandler
                0x0000000008000228                TIM1_TRG_COM_TIM11_IRQHandler
                0x0000000008000228                TIM1_BRK_IRQHandler
                0x0000000008000228                EXTI1_IRQHandler
                0x0000000008000228                RTCAlarm_IRQHandler
                0x0000000008000228                DMA2_Channel4_5_IRQHandler
                0x0000000008000228                USART2_IRQHandler
                0x0000000008000228                I2C2_ER_IRQHandler
                0x0000000008000228                DMA1_Channel2_IRQHandler
                0x0000000008000228                TIM8_BRK_IRQHandler
                0x0000000008000228                CAN1_SCE_IRQHandler
                0x0000000008000228                FLASH_IRQHandler
                0x0000000008000228                OTG_FS_IRQHandler
                0x0000000008000228                SPI3_IRQHandler
                0x0000000008000228                I2C1_ER_IRQHandler
                0x0000000008000228                USBWakeUp_IRQHandler
                0x0000000008000228                DMA2_Channel3_IRQHandler
                0x0000000008000228                TIM1_BRK_TIM15_IRQHandler

.inits          0x000000000800022c       0x30
                0x000000000800022c                __data_regions_array_start = .
                0x000000000800022c        0x4 LONG 0x8004920 LOADADDR (.data)
                0x0000000008000230        0x4 LONG 0x20000000 ADDR (.data)
                0x0000000008000234        0x4 LONG 0x20000094 (ADDR (.data) + SIZEOF (.data))
                0x0000000008000238        0x4 LONG 0x8004920 LOADADDR (.data_CCMRAM)
                0x000000000800023c        0x4 LONG 0x0 ADDR (.data_CCMRAM)
                0x0000000008000240        0x4 LONG 0x0 (ADDR (.data_CCMRAM) + SIZEOF (.data_CCMRAM))
                0x0000000008000244                __data_regions_array_end = .
                0x0000000008000244                __bss_regions_array_start = .
                0x0000000008000244        0x4 LONG 0x20000098 ADDR (.bss)
                0x0000000008000248        0x4 LONG 0x20000aa4 (ADDR (.bss) + SIZEOF (.bss))
                0x000000000800024c        0x4 LONG 0x0 ADDR (.bss_CCMRAM)
                0x0000000008000250        0x4 LONG 0x0 (ADDR (.bss_CCMRAM) + SIZEOF (.bss_CCMRAM))
                0x0000000008000254                __bss_regions_array_end = .
 *(.init)
 *(.fini)
                0x0000000008000254                . = ALIGN (0x4)
                0x0000000008000254                PROVIDE (__preinit_array_start, .)
 *(.preinit_array_sysinit .preinit_array_sysinit.*)
 *(.preinit_array_platform .preinit_array_platform.*)
 *(.preinit_array .preinit_array.*)
                0x0000000008000254                PROVIDE (__preinit_array_end, .)
                0x0000000008000254                . = ALIGN (0x4)
                0x0000000008000254                PROVIDE (__init_array_start, .)
 *(SORT(.init_array.*))
 *(.init_array)
 .init_array    0x0000000008000254        0x4 ./src/UartWithBuffer.o
 .init_array    0x0000000008000258        0x4 ./src/main.o
                0x000000000800025c                PROVIDE (__init_array_end, .)
                0x000000000800025c                . = ALIGN (0x4)
                0x000000000800025c                PROVIDE (__fini_array_start, .)
 *(SORT(.fini_array.*))
 *(.fini_array)
                0x000000000800025c                PROVIDE (__fini_array_end, .)

.flashtext
 *(.flashtext .flashtext.*)

.text           0x0000000008000260     0x46c0
 *(.text .text.*)
 .text.GPIO_Init
                0x0000000008000260       0xa4 ./system/src/stm32f1-stdperiph/stm32f10x_gpio.o
                0x0000000008000260                GPIO_Init
 .text.GPIO_StructInit
                0x0000000008000304       0x10 ./system/src/stm32f1-stdperiph/stm32f10x_gpio.o
                0x0000000008000304                GPIO_StructInit
 .text.GPIO_SetBits
                0x0000000008000314        0x4 ./system/src/stm32f1-stdperiph/stm32f10x_gpio.o
                0x0000000008000314                GPIO_SetBits
 .text.RCC_GetClocksFreq
                0x0000000008000318       0x88 ./system/src/stm32f1-stdperiph/stm32f10x_rcc.o
                0x0000000008000318                RCC_GetClocksFreq
 .text.RCC_APB2PeriphClockCmd
                0x00000000080003a0       0x18 ./system/src/stm32f1-stdperiph/stm32f10x_rcc.o
                0x00000000080003a0                RCC_APB2PeriphClockCmd
 .text.RCC_APB1PeriphClockCmd
                0x00000000080003b8       0x18 ./system/src/stm32f1-stdperiph/stm32f10x_rcc.o
                0x00000000080003b8                RCC_APB1PeriphClockCmd
 .text.SPI_Init
                0x00000000080003d0       0x3e ./system/src/stm32f1-stdperiph/stm32f10x_spi.o
                0x00000000080003d0                SPI_Init
 .text.SPI_Cmd  0x000000000800040e       0x18 ./system/src/stm32f1-stdperiph/stm32f10x_spi.o
                0x000000000800040e                SPI_Cmd
 *fill*         0x0000000008000426        0x2 
 .text.TIM_TimeBaseInit
                0x0000000008000428       0x94 ./system/src/stm32f1-stdperiph/stm32f10x_tim.o
                0x0000000008000428                TIM_TimeBaseInit
 .text.TIM_TimeBaseStructInit
                0x00000000080004bc       0x12 ./system/src/stm32f1-stdperiph/stm32f10x_tim.o
                0x00000000080004bc                TIM_TimeBaseStructInit
 .text.TIM_Cmd  0x00000000080004ce       0x18 ./system/src/stm32f1-stdperiph/stm32f10x_tim.o
                0x00000000080004ce                TIM_Cmd
 .text.TIM_DMACmd
                0x00000000080004e6       0x12 ./system/src/stm32f1-stdperiph/stm32f10x_tim.o
                0x00000000080004e6                TIM_DMACmd
 .text.TIM_ITConfig
                0x00000000080004f8        0x4 ./system/src/stm32f1-stdperiph/stm32f10x_tim.o
                0x00000000080004f8                TIM_ITConfig
 .text.TIM_EncoderInterfaceConfig
                0x00000000080004fc       0x3e ./system/src/stm32f1-stdperiph/stm32f10x_tim.o
                0x00000000080004fc                TIM_EncoderInterfaceConfig
 *fill*         0x000000000800053a        0x2 
 .text.USART_Init
                0x000000000800053c       0xac ./system/src/stm32f1-stdperiph/stm32f10x_usart.o
                0x000000000800053c                USART_Init
 .text.USART_StructInit
                0x00000000080005e8       0x16 ./system/src/stm32f1-stdperiph/stm32f10x_usart.o
                0x00000000080005e8                USART_StructInit
 .text.USART_Cmd
                0x00000000080005fe       0x18 ./system/src/stm32f1-stdperiph/stm32f10x_usart.o
                0x00000000080005fe                USART_Cmd
 .text.USART_ITConfig
                0x0000000008000616       0x30 ./system/src/stm32f1-stdperiph/stm32f10x_usart.o
                0x0000000008000616                USART_ITConfig
 .text.USART_GetITStatus
                0x0000000008000646       0x40 ./system/src/stm32f1-stdperiph/stm32f10x_usart.o
                0x0000000008000646                USART_GetITStatus
 .text.USART_ClearITPendingBit
                0x0000000008000686        0xe ./system/src/stm32f1-stdperiph/stm32f10x_usart.o
                0x0000000008000686                USART_ClearITPendingBit
 .text._exit    0x0000000008000694        0x6 ./system/src/newlib/_exit.o
                0x0000000008000694                _exit
 .text.abort    0x000000000800069a        0x8 ./system/src/newlib/_exit.o
                0x000000000800069a                abort
 *fill*         0x00000000080006a2        0x2 
 .text._sbrk    0x00000000080006a4       0x3c ./system/src/newlib/_sbrk.o
                0x00000000080006a4                _sbrk
 .text.__initialize_args
                0x00000000080006e0       0x10 ./system/src/newlib/_syscalls.o
                0x00000000080006e0                __initialize_args
 .text.__initialize_hardware_early
                0x00000000080006f0       0x18 ./system/src/cortexm/_initialize_hardware.o
                0x00000000080006f0                __initialize_hardware_early
 .text.__initialize_hardware
                0x0000000008000708        0x4 ./system/src/cortexm/_initialize_hardware.o
                0x0000000008000708                __initialize_hardware
 .text.__reset_hardware
                0x000000000800070c       0x24 ./system/src/cortexm/_reset_hardware.o
                0x000000000800070c                __reset_hardware
 .text.SystemInit
                0x0000000008000730       0xf0 ./system/src/cmsis/system_stm32f10x.o
                0x0000000008000730                SystemInit
 .text.SystemCoreClockUpdate
                0x0000000008000820       0x5c ./system/src/cmsis/system_stm32f10x.o
                0x0000000008000820                SystemCoreClockUpdate
 .text._ZN3ros16normalizeSecNSecERmS0_
                0x000000000800087c       0x1c ./src/ros_lib/time.o
                0x000000000800087c                ros::normalizeSecNSec(unsigned long&, unsigned long&)
 .text._ZN4Init8InitGPIOEv
                0x0000000008000898       0x30 ./src/Init.o
                0x0000000008000898                Init::InitGPIO()
 .text._ZN4Init7InitTIMEv
                0x00000000080008c8       0xd0 ./src/Init.o
                0x00000000080008c8                Init::InitTIM()
 .text._ZN4Init7InitSPIEv
                0x0000000008000998       0xbc ./src/Init.o
                0x0000000008000998                Init::InitSPI()
 .text._ZN7MPU9250C2EP11SPI_TypeDefP12GPIO_TypeDefm
                0x0000000008000a54        0xc ./src/MPU9250.o
                0x0000000008000a54                MPU9250::MPU9250(SPI_TypeDef*, GPIO_TypeDef*, unsigned long)
                0x0000000008000a54                MPU9250::MPU9250(SPI_TypeDef*, GPIO_TypeDef*, unsigned long)
 .text._ZNK7MPU92509_spiWriteEh
                0x0000000008000a60       0x18 ./src/MPU9250.o
                0x0000000008000a60                MPU9250::_spiWrite(unsigned char) const
 .text._ZNK7MPU92509WriteByteEhh
                0x0000000008000a78       0x32 ./src/MPU9250.o
                0x0000000008000a78                MPU9250::WriteByte(unsigned char, unsigned char) const
 .text._ZNK7MPU92509WriteWordEht
                0x0000000008000aaa       0x4c ./src/MPU9250.o
                0x0000000008000aaa                MPU9250::WriteWord(unsigned char, unsigned short) const
 *fill*         0x0000000008000af6        0x2 
 .text._ZN5Timer5sleepEy
                0x0000000008000af8       0x20 ./src/Timer.o
                0x0000000008000af8                Timer::sleep(unsigned long long)
 .text.SysTick_Handler
                0x0000000008000b18       0x18 ./src/Timer.o
                0x0000000008000b18                SysTick_Handler
 .text._ZN14FIFORingBufferIhEC2Et
                0x0000000008000b30       0x36 ./src/UartWithBuffer.o
                0x0000000008000b30                FIFORingBuffer<unsigned char>::FIFORingBuffer(unsigned short)
                0x0000000008000b30                FIFORingBuffer<unsigned char>::FIFORingBuffer(unsigned short)
 *fill*         0x0000000008000b66        0x2 
 .text.startup._GLOBAL__sub_I__ZN4Uart5Uart1E
                0x0000000008000b68       0x48 ./src/UartWithBuffer.o
 .text._ZNK8std_msgs4Time9serializeEPh
                0x0000000008000bb0       0x28 ./src/main.o
                0x0000000008000bb0                std_msgs::Time::serialize(unsigned char*) const
 .text._ZN8std_msgs4Time11deserializeEPh
                0x0000000008000bd8       0x3c ./src/main.o
                0x0000000008000bd8                std_msgs::Time::deserialize(unsigned char*)
 .text._ZN8std_msgs4Time7getTypeEv
                0x0000000008000c14        0x8 ./src/main.o
                0x0000000008000c14                std_msgs::Time::getType()
 .text._ZN8std_msgs4Time6getMD5Ev
                0x0000000008000c1c        0x8 ./src/main.o
                0x0000000008000c1c                std_msgs::Time::getMD5()
 .text._ZN14rosserial_msgs9TopicInfo7getTypeEv
                0x0000000008000c24        0x8 ./src/main.o
                0x0000000008000c24                rosserial_msgs::TopicInfo::getType()
 .text._ZN14rosserial_msgs9TopicInfo6getMD5Ev
                0x0000000008000c2c        0x8 ./src/main.o
                0x0000000008000c2c                rosserial_msgs::TopicInfo::getMD5()
 .text._ZN14rosserial_msgs3Log7getTypeEv
                0x0000000008000c34        0x8 ./src/main.o
                0x0000000008000c34                rosserial_msgs::Log::getType()
 .text._ZN14rosserial_msgs3Log6getMD5Ev
                0x0000000008000c3c        0x8 ./src/main.o
                0x0000000008000c3c                rosserial_msgs::Log::getMD5()
 .text._ZN14rosserial_msgs20RequestParamResponse7getTypeEv
                0x0000000008000c44        0x8 ./src/main.o
                0x0000000008000c44                rosserial_msgs::RequestParamResponse::getType()
 .text._ZN14rosserial_msgs20RequestParamResponse6getMD5Ev
                0x0000000008000c4c        0x8 ./src/main.o
                0x0000000008000c4c                rosserial_msgs::RequestParamResponse::getMD5()
 .text._ZNK8std_msgs6UInt329serializeEPh
                0x0000000008000c54       0x16 ./src/main.o
                0x0000000008000c54                std_msgs::UInt32::serialize(unsigned char*) const
 .text._ZN8std_msgs6UInt3211deserializeEPh
                0x0000000008000c6a       0x20 ./src/main.o
                0x0000000008000c6a                std_msgs::UInt32::deserialize(unsigned char*)
 *fill*         0x0000000008000c8a        0x2 
 .text._ZN8std_msgs6UInt327getTypeEv
                0x0000000008000c8c        0x8 ./src/main.o
                0x0000000008000c8c                std_msgs::UInt32::getType()
 .text._ZN8std_msgs6UInt326getMD5Ev
                0x0000000008000c94        0x8 ./src/main.o
                0x0000000008000c94                std_msgs::UInt32::getMD5()
 .text._ZN8std_msgs6Header7getTypeEv
                0x0000000008000c9c        0x8 ./src/main.o
                0x0000000008000c9c                std_msgs::Header::getType()
 .text._ZN8std_msgs6Header6getMD5Ev
                0x0000000008000ca4        0x8 ./src/main.o
                0x0000000008000ca4                std_msgs::Header::getMD5()
 .text._ZNK13geometry_msgs5Point9serializeEPh
                0x0000000008000cac       0x66 ./src/main.o
                0x0000000008000cac                geometry_msgs::Point::serialize(unsigned char*) const
 .text._ZN13geometry_msgs5Point11deserializeEPh
                0x0000000008000d12       0x1c ./src/main.o
                0x0000000008000d12                geometry_msgs::Point::deserialize(unsigned char*)
 *fill*         0x0000000008000d2e        0x2 
 .text._ZN13geometry_msgs5Point7getTypeEv
                0x0000000008000d30        0x8 ./src/main.o
                0x0000000008000d30                geometry_msgs::Point::getType()
 .text._ZN13geometry_msgs5Point6getMD5Ev
                0x0000000008000d38        0x8 ./src/main.o
                0x0000000008000d38                geometry_msgs::Point::getMD5()
 .text._ZNK13geometry_msgs10Quaternion9serializeEPh
                0x0000000008000d40       0x86 ./src/main.o
                0x0000000008000d40                geometry_msgs::Quaternion::serialize(unsigned char*) const
 .text._ZN13geometry_msgs10Quaternion11deserializeEPh
                0x0000000008000dc6       0x24 ./src/main.o
                0x0000000008000dc6                geometry_msgs::Quaternion::deserialize(unsigned char*)
 *fill*         0x0000000008000dea        0x2 
 .text._ZN13geometry_msgs10Quaternion7getTypeEv
                0x0000000008000dec        0x8 ./src/main.o
                0x0000000008000dec                geometry_msgs::Quaternion::getType()
 .text._ZN13geometry_msgs10Quaternion6getMD5Ev
                0x0000000008000df4        0x8 ./src/main.o
                0x0000000008000df4                geometry_msgs::Quaternion::getMD5()
 .text._ZNK13geometry_msgs4Pose9serializeEPh
                0x0000000008000dfc       0x1c ./src/main.o
                0x0000000008000dfc                geometry_msgs::Pose::serialize(unsigned char*) const
 .text._ZN13geometry_msgs4Pose11deserializeEPh
                0x0000000008000e18       0x1c ./src/main.o
                0x0000000008000e18                geometry_msgs::Pose::deserialize(unsigned char*)
 .text._ZN13geometry_msgs4Pose7getTypeEv
                0x0000000008000e34        0x8 ./src/main.o
                0x0000000008000e34                geometry_msgs::Pose::getType()
 .text._ZN13geometry_msgs4Pose6getMD5Ev
                0x0000000008000e3c        0x8 ./src/main.o
                0x0000000008000e3c                geometry_msgs::Pose::getMD5()
 .text._ZN13geometry_msgs11PoseStamped7getTypeEv
                0x0000000008000e44        0x8 ./src/main.o
                0x0000000008000e44                geometry_msgs::PoseStamped::getType()
 .text._ZN13geometry_msgs11PoseStamped6getMD5Ev
                0x0000000008000e4c        0x8 ./src/main.o
                0x0000000008000e4c                geometry_msgs::PoseStamped::getMD5()
 .text._ZN3ros11NodeHandle_I13STM32HardwareLi25ELi25ELi1024ELi1024EE9connectedEv
                0x0000000008000e54        0x6 ./src/main.o
                0x0000000008000e54                ros::NodeHandle_<STM32Hardware, 25, 25, 1024, 1024>::connected()
 .text._ZN3ros9Publisher7publishEPKNS_3MsgE
                0x0000000008000e5a       0x14 ./src/main.o
                0x0000000008000e5a                ros::Publisher::publish(ros::Msg const*)
 *fill*         0x0000000008000e6e        0x2 
 .text._Z12InitHardwarev
                0x0000000008000e70       0xa4 ./src/main.o
                0x0000000008000e70                InitHardware()
 .text._Z8InitGyrov
                0x0000000008000f14       0xb0 ./src/main.o
                0x0000000008000f14                InitGyro()
 *fill*         0x0000000008000fc4        0x4 
 .text._Z12ReadEncodersv
                0x0000000008000fc8      0x110 ./src/main.o
                0x0000000008000fc8                ReadEncoders()
 .text._Z8ReadGyrov
                0x00000000080010d8       0xac ./src/main.o
                0x00000000080010d8                ReadGyro()
 .text.TIM4_IRQHandler
                0x0000000008001184       0x38 ./src/main.o
                0x0000000008001184                TIM4_IRQHandler
 .text._ZN3ros3Msg8varToArrIPhmEEvT_T0_
                0x00000000080011bc       0x14 ./src/main.o
                0x00000000080011bc                void ros::Msg::varToArr<unsigned char*, unsigned long>(unsigned char*, unsigned long)
 .text._ZNK8std_msgs6Header9serializeEPh
                0x00000000080011d0       0x60 ./src/main.o
                0x00000000080011d0                std_msgs::Header::serialize(unsigned char*) const
 .text._ZNK13geometry_msgs11PoseStamped9serializeEPh
                0x0000000008001230       0x1c ./src/main.o
                0x0000000008001230                geometry_msgs::PoseStamped::serialize(unsigned char*) const
 .text._ZNK14rosserial_msgs20RequestParamResponse9serializeEPh
                0x000000000800124c       0xde ./src/main.o
                0x000000000800124c                rosserial_msgs::RequestParamResponse::serialize(unsigned char*) const
 .text._ZNK14rosserial_msgs3Log9serializeEPh
                0x000000000800132a       0x2c ./src/main.o
                0x000000000800132a                rosserial_msgs::Log::serialize(unsigned char*) const
 .text._ZNK14rosserial_msgs9TopicInfo9serializeEPh
                0x0000000008001356       0x86 ./src/main.o
                0x0000000008001356                rosserial_msgs::TopicInfo::serialize(unsigned char*) const
 .text._ZN3ros3Msg8arrToVarImPhEEvRT_T0_
                0x00000000080013dc       0x1e ./src/main.o
                0x00000000080013dc                void ros::Msg::arrToVar<unsigned long, unsigned char*>(unsigned long&, unsigned char*)
 .text._ZN14rosserial_msgs3Log11deserializeEPh
                0x00000000080013fa       0x36 ./src/main.o
                0x00000000080013fa                rosserial_msgs::Log::deserialize(unsigned char*)
 .text._ZN14rosserial_msgs9TopicInfo11deserializeEPh
                0x0000000008001430       0xb6 ./src/main.o
                0x0000000008001430                rosserial_msgs::TopicInfo::deserialize(unsigned char*)
 .text._ZN14rosserial_msgs20RequestParamResponse11deserializeEPh
                0x00000000080014e6      0x158 ./src/main.o
                0x00000000080014e6                rosserial_msgs::RequestParamResponse::deserialize(unsigned char*)
 .text._ZN8std_msgs6Header11deserializeEPh
                0x000000000800163e       0x9c ./src/main.o
                0x000000000800163e                std_msgs::Header::deserialize(unsigned char*)
 .text._ZN13geometry_msgs11PoseStamped11deserializeEPh
                0x00000000080016da       0x1c ./src/main.o
                0x00000000080016da                geometry_msgs::PoseStamped::deserialize(unsigned char*)
 .text._ZN14FIFORingBufferIhE12GetItemCountEv
                0x00000000080016f6       0x10 ./src/main.o
                0x00000000080016f6                FIFORingBuffer<unsigned char>::GetItemCount()
 .text._ZN14FIFORingBufferIhE7EnqueueEh
                0x0000000008001706       0x2e ./src/main.o
                0x0000000008001706                FIFORingBuffer<unsigned char>::Enqueue(unsigned char)
 .text.USART1_IRQHandler
                0x0000000008001734       0x80 ./src/main.o
                0x0000000008001734                USART1_IRQHandler
 .text._ZN3ros11NodeHandle_I13STM32HardwareLi25ELi25ELi1024ELi1024EE7publishEiPKNS_3MsgE
                0x00000000080017b4      0x108 ./src/main.o
                0x00000000080017b4                ros::NodeHandle_<STM32Hardware, 25, 25, 1024, 1024>::publish(int, ros::Msg const*)
 .text._ZN3ros11NodeHandle_I13STM32HardwareLi25ELi25ELi1024ELi1024EE3nowEv
                0x00000000080018bc       0x3c ./src/main.o
                0x00000000080018bc                ros::NodeHandle_<STM32Hardware, 25, 25, 1024, 1024>::now()
 .text._ZN3ros11NodeHandle_I13STM32HardwareLi25ELi25ELi1024ELi1024EE15requestSyncTimeEv
                0x00000000080018f8       0x2c ./src/main.o
                0x00000000080018f8                ros::NodeHandle_<STM32Hardware, 25, 25, 1024, 1024>::requestSyncTime()
 .text._ZN3ros11NodeHandle_I13STM32HardwareLi25ELi25ELi1024ELi1024EE15negotiateTopicsEv
                0x0000000008001924       0xbc ./src/main.o
                0x0000000008001924                ros::NodeHandle_<STM32Hardware, 25, 25, 1024, 1024>::negotiateTopics()
 .text._ZN3ros11NodeHandle_I13STM32HardwareLi25ELi25ELi1024ELi1024EE8syncTimeEPh
                0x00000000080019e0       0x84 ./src/main.o
                0x00000000080019e0                ros::NodeHandle_<STM32Hardware, 25, 25, 1024, 1024>::syncTime(unsigned char*)
 .text._ZN3ros11NodeHandle_I13STM32HardwareLi25ELi25ELi1024ELi1024EE8spinOnceEv
                0x0000000008001a64      0x20c ./src/main.o
                0x0000000008001a64                ros::NodeHandle_<STM32Hardware, 25, 25, 1024, 1024>::spinOnce()
 .text.startup.main
                0x0000000008001c70      0x230 ./src/main.o
                0x0000000008001c70                main
 .text.startup._GLOBAL__sub_I_USART1_IRQHandler
                0x0000000008001ea0      0x11c ./src/main.o
 .text._Znwj    0x0000000008001fbc       0x22 /home/yusaku/eclipse/gcc-arm-none-eabi-6-2017-q2-update/bin/../lib/gcc/arm-none-eabi/6.3.1/../../../../arm-none-eabi/lib/thumb/v7-m/libstdc++_nano.a(new_op.o)
                0x0000000008001fbc                operator new(unsigned int)
 .text._Znaj    0x0000000008001fde        0x4 /home/yusaku/eclipse/gcc-arm-none-eabi-6-2017-q2-update/bin/../lib/gcc/arm-none-eabi/6.3.1/../../../../arm-none-eabi/lib/thumb/v7-m/libstdc++_nano.a(new_opv.o)
                0x0000000008001fde                operator new[](unsigned int)
 *fill*         0x0000000008001fe2        0x2 
 .text._ZSt15get_new_handlerv
                0x0000000008001fe4       0x10 /home/yusaku/eclipse/gcc-arm-none-eabi-6-2017-q2-update/bin/../lib/gcc/arm-none-eabi/6.3.1/../../../../arm-none-eabi/lib/thumb/v7-m/libstdc++_nano.a(new_handler.o)
                0x0000000008001fe4                std::get_new_handler()
 .text.cos      0x0000000008001ff4       0x90 /home/yusaku/eclipse/gcc-arm-none-eabi-6-2017-q2-update/bin/../lib/gcc/arm-none-eabi/6.3.1/../../../../arm-none-eabi/lib/thumb/v7-m/libm.a(lib_a-s_cos.o)
                0x0000000008001ff4                cos
 .text.sin      0x0000000008002084       0x90 /home/yusaku/eclipse/gcc-arm-none-eabi-6-2017-q2-update/bin/../lib/gcc/arm-none-eabi/6.3.1/../../../../arm-none-eabi/lib/thumb/v7-m/libm.a(lib_a-s_sin.o)
                0x0000000008002084                sin
 *fill*         0x0000000008002114        0x4 
 .text.__ieee754_rem_pio2
                0x0000000008002118      0x42c /home/yusaku/eclipse/gcc-arm-none-eabi-6-2017-q2-update/bin/../lib/gcc/arm-none-eabi/6.3.1/../../../../arm-none-eabi/lib/thumb/v7-m/libm.a(lib_a-e_rem_pio2.o)
                0x0000000008002118                __ieee754_rem_pio2
 *fill*         0x0000000008002544        0x4 
 .text.__kernel_cos
                0x0000000008002548      0x248 /home/yusaku/eclipse/gcc-arm-none-eabi-6-2017-q2-update/bin/../lib/gcc/arm-none-eabi/6.3.1/../../../../arm-none-eabi/lib/thumb/v7-m/libm.a(lib_a-k_cos.o)
                0x0000000008002548                __kernel_cos
 .text.__kernel_rem_pio2
                0x0000000008002790      0x88c /home/yusaku/eclipse/gcc-arm-none-eabi-6-2017-q2-update/bin/../lib/gcc/arm-none-eabi/6.3.1/../../../../arm-none-eabi/lib/thumb/v7-m/libm.a(lib_a-k_rem_pio2.o)
                0x0000000008002790                __kernel_rem_pio2
 *fill*         0x000000000800301c        0x4 
 .text.__kernel_sin
                0x0000000008003020      0x16c /home/yusaku/eclipse/gcc-arm-none-eabi-6-2017-q2-update/bin/../lib/gcc/arm-none-eabi/6.3.1/../../../../arm-none-eabi/lib/thumb/v7-m/libm.a(lib_a-k_sin.o)
                0x0000000008003020                __kernel_sin
 .text.fabs     0x000000000800318c        0x8 /home/yusaku/eclipse/gcc-arm-none-eabi-6-2017-q2-update/bin/../lib/gcc/arm-none-eabi/6.3.1/../../../../arm-none-eabi/lib/thumb/v7-m/libm.a(lib_a-s_fabs.o)
                0x000000000800318c                fabs
 *fill*         0x0000000008003194        0x4 
 .text.floor    0x0000000008003198      0x118 /home/yusaku/eclipse/gcc-arm-none-eabi-6-2017-q2-update/bin/../lib/gcc/arm-none-eabi/6.3.1/../../../../arm-none-eabi/lib/thumb/v7-m/libm.a(lib_a-s_floor.o)
                0x0000000008003198                floor
 .text.scalbn   0x00000000080032b0       0xe4 /home/yusaku/eclipse/gcc-arm-none-eabi-6-2017-q2-update/bin/../lib/gcc/arm-none-eabi/6.3.1/../../../../arm-none-eabi/lib/thumb/v7-m/libm.a(lib_a-s_scalbn.o)
                0x00000000080032b0                scalbn
 .text.copysign
                0x0000000008003394       0x10 /home/yusaku/eclipse/gcc-arm-none-eabi-6-2017-q2-update/bin/../lib/gcc/arm-none-eabi/6.3.1/../../../../arm-none-eabi/lib/thumb/v7-m/libm.a(lib_a-s_copysign.o)
                0x0000000008003394                copysign
 .text          0x00000000080033a4      0x370 /home/yusaku/eclipse/gcc-arm-none-eabi-6-2017-q2-update/bin/../lib/gcc/arm-none-eabi/6.3.1/thumb/v7-m/libgcc.a(_arm_addsubdf3.o)
                0x00000000080033a4                __aeabi_drsub
                0x00000000080033ac                __aeabi_dsub
                0x00000000080033ac                __subdf3
                0x00000000080033b0                __adddf3
                0x00000000080033b0                __aeabi_dadd
                0x0000000008003628                __aeabi_ui2d
                0x0000000008003628                __floatunsidf
                0x0000000008003648                __floatsidf
                0x0000000008003648                __aeabi_i2d
                0x000000000800366c                __extendsfdf2
                0x000000000800366c                __aeabi_f2d
                0x00000000080036a8                __aeabi_ul2d
                0x00000000080036a8                __floatundidf
                0x00000000080036b8                __floatdidf
                0x00000000080036b8                __aeabi_l2d
 .text          0x0000000008003714      0x424 /home/yusaku/eclipse/gcc-arm-none-eabi-6-2017-q2-update/bin/../lib/gcc/arm-none-eabi/6.3.1/thumb/v7-m/libgcc.a(_arm_muldivdf3.o)
                0x0000000008003714                __aeabi_dmul
                0x0000000008003714                __muldf3
                0x0000000008003968                __aeabi_ddiv
                0x0000000008003968                __divdf3
 .text          0x0000000008003b38      0x110 /home/yusaku/eclipse/gcc-arm-none-eabi-6-2017-q2-update/bin/../lib/gcc/arm-none-eabi/6.3.1/thumb/v7-m/libgcc.a(_arm_cmpdf2.o)
                0x0000000008003b38                __gtdf2
                0x0000000008003b38                __gedf2
                0x0000000008003b40                __ltdf2
                0x0000000008003b40                __ledf2
                0x0000000008003b48                __cmpdf2
                0x0000000008003b48                __eqdf2
                0x0000000008003b48                __nedf2
                0x0000000008003bc4                __aeabi_cdrcmple
                0x0000000008003bd4                __aeabi_cdcmple
                0x0000000008003bd4                __aeabi_cdcmpeq
                0x0000000008003be4                __aeabi_dcmpeq
                0x0000000008003bf8                __aeabi_dcmplt
                0x0000000008003c0c                __aeabi_dcmple
                0x0000000008003c20                __aeabi_dcmpge
                0x0000000008003c34                __aeabi_dcmpgt
 .text          0x0000000008003c48       0x50 /home/yusaku/eclipse/gcc-arm-none-eabi-6-2017-q2-update/bin/../lib/gcc/arm-none-eabi/6.3.1/thumb/v7-m/libgcc.a(_arm_fixdfsi.o)
                0x0000000008003c48                __fixdfsi
                0x0000000008003c48                __aeabi_d2iz
 .text          0x0000000008003c98      0x21c /home/yusaku/eclipse/gcc-arm-none-eabi-6-2017-q2-update/bin/../lib/gcc/arm-none-eabi/6.3.1/thumb/v7-m/libgcc.a(_arm_addsubsf3.o)
                0x0000000008003c98                __aeabi_frsub
                0x0000000008003ca0                __subsf3
                0x0000000008003ca0                __aeabi_fsub
                0x0000000008003ca4                __aeabi_fadd
                0x0000000008003ca4                __addsf3
                0x0000000008003e04                __aeabi_ui2f
                0x0000000008003e04                __floatunsisf
                0x0000000008003e0c                __aeabi_i2f
                0x0000000008003e0c                __floatsisf
                0x0000000008003e28                __floatundisf
                0x0000000008003e28                __aeabi_ul2f
                0x0000000008003e38                __floatdisf
                0x0000000008003e38                __aeabi_l2f
 .text          0x0000000008003eb4      0x2a0 /home/yusaku/eclipse/gcc-arm-none-eabi-6-2017-q2-update/bin/../lib/gcc/arm-none-eabi/6.3.1/thumb/v7-m/libgcc.a(_arm_muldivsf3.o)
                0x0000000008003eb4                __mulsf3
                0x0000000008003eb4                __aeabi_fmul
                0x000000000800401c                __divsf3
                0x000000000800401c                __aeabi_fdiv
 .text          0x0000000008004154       0x4c /home/yusaku/eclipse/gcc-arm-none-eabi-6-2017-q2-update/bin/../lib/gcc/arm-none-eabi/6.3.1/thumb/v7-m/libgcc.a(_arm_fixsfsi.o)
                0x0000000008004154                __fixsfsi
                0x0000000008004154                __aeabi_f2iz
 .text.__errno  0x00000000080041a0        0xc /home/yusaku/eclipse/gcc-arm-none-eabi-6-2017-q2-update/bin/../lib/gcc/arm-none-eabi/6.3.1/../../../../arm-none-eabi/lib/thumb/v7-m/libg_nano.a(lib_a-errno.o)
                0x00000000080041a0                __errno
 .text.malloc   0x00000000080041ac       0x10 /home/yusaku/eclipse/gcc-arm-none-eabi-6-2017-q2-update/bin/../lib/gcc/arm-none-eabi/6.3.1/../../../../arm-none-eabi/lib/thumb/v7-m/libg_nano.a(lib_a-malloc.o)
                0x00000000080041ac                malloc
 .text.memcpy   0x00000000080041bc       0x16 /home/yusaku/eclipse/gcc-arm-none-eabi-6-2017-q2-update/bin/../lib/gcc/arm-none-eabi/6.3.1/../../../../arm-none-eabi/lib/thumb/v7-m/libg_nano.a(lib_a-memcpy-stub.o)
                0x00000000080041bc                memcpy
 *fill*         0x00000000080041d2        0x2 
 .text._free_r  0x00000000080041d4       0x98 /home/yusaku/eclipse/gcc-arm-none-eabi-6-2017-q2-update/bin/../lib/gcc/arm-none-eabi/6.3.1/../../../../arm-none-eabi/lib/thumb/v7-m/libg_nano.a(lib_a-nano-freer.o)
                0x00000000080041d4                _free_r
 .text._malloc_r
                0x000000000800426c       0xbc /home/yusaku/eclipse/gcc-arm-none-eabi-6-2017-q2-update/bin/../lib/gcc/arm-none-eabi/6.3.1/../../../../arm-none-eabi/lib/thumb/v7-m/libg_nano.a(lib_a-nano-mallocr.o)
                0x000000000800426c                _malloc_r
 .text.realloc  0x0000000008004328       0x10 /home/yusaku/eclipse/gcc-arm-none-eabi-6-2017-q2-update/bin/../lib/gcc/arm-none-eabi/6.3.1/../../../../arm-none-eabi/lib/thumb/v7-m/libg_nano.a(lib_a-realloc.o)
                0x0000000008004328                realloc
 .text._sbrk_r  0x0000000008004338       0x20 /home/yusaku/eclipse/gcc-arm-none-eabi-6-2017-q2-update/bin/../lib/gcc/arm-none-eabi/6.3.1/../../../../arm-none-eabi/lib/thumb/v7-m/libg_nano.a(lib_a-sbrkr.o)
                0x0000000008004338                _sbrk_r
 .text          0x0000000008004358       0x10 /home/yusaku/eclipse/gcc-arm-none-eabi-6-2017-q2-update/bin/../lib/gcc/arm-none-eabi/6.3.1/../../../../arm-none-eabi/lib/thumb/v7-m/libg_nano.a(lib_a-strlen.o)
                0x0000000008004358                strlen
 .text.__malloc_lock
                0x0000000008004368        0x2 /home/yusaku/eclipse/gcc-arm-none-eabi-6-2017-q2-update/bin/../lib/gcc/arm-none-eabi/6.3.1/../../../../arm-none-eabi/lib/thumb/v7-m/libg_nano.a(lib_a-mlock.o)
                0x0000000008004368                __malloc_lock
 .text.__malloc_unlock
                0x000000000800436a        0x2 /home/yusaku/eclipse/gcc-arm-none-eabi-6-2017-q2-update/bin/../lib/gcc/arm-none-eabi/6.3.1/../../../../arm-none-eabi/lib/thumb/v7-m/libg_nano.a(lib_a-mlock.o)
                0x000000000800436a                __malloc_unlock
 .text._realloc_r
                0x000000000800436c       0x4c /home/yusaku/eclipse/gcc-arm-none-eabi-6-2017-q2-update/bin/../lib/gcc/arm-none-eabi/6.3.1/../../../../arm-none-eabi/lib/thumb/v7-m/libg_nano.a(lib_a-nano-reallocr.o)
                0x000000000800436c                _realloc_r
 .text._malloc_usable_size_r
                0x00000000080043b8       0x12 /home/yusaku/eclipse/gcc-arm-none-eabi-6-2017-q2-update/bin/../lib/gcc/arm-none-eabi/6.3.1/../../../../arm-none-eabi/lib/thumb/v7-m/libg_nano.a(lib_a-nano-msizer.o)
                0x00000000080043b8                _malloc_usable_size_r
 *(.rodata .rodata.* .constdata .constdata.*)
 *fill*         0x00000000080043ca        0x2 
 .rodata._ZTVN8std_msgs4TimeE
                0x00000000080043cc       0x18 ./src/main.o
                0x00000000080043cc                vtable for std_msgs::Time
 .rodata._ZTVN14rosserial_msgs9TopicInfoE
                0x00000000080043e4       0x18 ./src/main.o
                0x00000000080043e4                vtable for rosserial_msgs::TopicInfo
 .rodata._ZTVN14rosserial_msgs3LogE
                0x00000000080043fc       0x18 ./src/main.o
                0x00000000080043fc                vtable for rosserial_msgs::Log
 .rodata._ZTVN14rosserial_msgs20RequestParamResponseE
                0x0000000008004414       0x18 ./src/main.o
                0x0000000008004414                vtable for rosserial_msgs::RequestParamResponse
 .rodata._ZTVN8std_msgs6UInt32E
                0x000000000800442c       0x18 ./src/main.o
                0x000000000800442c                vtable for std_msgs::UInt32
 .rodata._ZTVN8std_msgs6HeaderE
                0x0000000008004444       0x18 ./src/main.o
                0x0000000008004444                vtable for std_msgs::Header
 .rodata._ZTVN13geometry_msgs5PointE
                0x000000000800445c       0x18 ./src/main.o
                0x000000000800445c                vtable for geometry_msgs::Point
 .rodata._ZTVN13geometry_msgs10QuaternionE
                0x0000000008004474       0x18 ./src/main.o
                0x0000000008004474                vtable for geometry_msgs::Quaternion
 .rodata._ZTVN13geometry_msgs4PoseE
                0x000000000800448c       0x18 ./src/main.o
                0x000000000800448c                vtable for geometry_msgs::Pose
 .rodata._ZTVN13geometry_msgs11PoseStampedE
                0x00000000080044a4       0x18 ./src/main.o
                0x00000000080044a4                vtable for geometry_msgs::PoseStamped
 .rodata._ZTVN3ros11NodeHandle_I13STM32HardwareLi25ELi25ELi1024ELi1024EEE
                0x00000000080044bc       0x14 ./src/main.o
                0x00000000080044bc                vtable for ros::NodeHandle_<STM32Hardware, 25, 25, 1024, 1024>
 .rodata._GLOBAL__sub_I_USART1_IRQHandler.str1.1
                0x00000000080044d0       0x1c ./src/main.o
 .rodata._ZN13geometry_msgs10Quaternion6getMD5Ev.str1.1
                0x00000000080044ec       0x21 ./src/main.o
 .rodata._ZN13geometry_msgs10Quaternion7getTypeEv.str1.1
                0x000000000800450d       0x19 ./src/main.o
 .rodata._ZN13geometry_msgs11PoseStamped6getMD5Ev.str1.1
                0x0000000008004526       0x21 ./src/main.o
 .rodata._ZN13geometry_msgs11PoseStamped7getTypeEv.str1.1
                0x0000000008004547       0x1a ./src/main.o
 .rodata._ZN13geometry_msgs4Pose6getMD5Ev.str1.1
                0x0000000008004561       0x21 ./src/main.o
 .rodata._ZN13geometry_msgs4Pose7getTypeEv.str1.1
                0x0000000008004582       0x13 ./src/main.o
 .rodata._ZN13geometry_msgs5Point6getMD5Ev.str1.1
                0x0000000008004595       0x21 ./src/main.o
 .rodata._ZN13geometry_msgs5Point7getTypeEv.str1.1
                0x00000000080045b6       0x14 ./src/main.o
 .rodata._ZN14rosserial_msgs20RequestParamResponse6getMD5Ev.str1.1
                0x00000000080045ca       0x21 ./src/main.o
 .rodata._ZN14rosserial_msgs3Log6getMD5Ev.str1.1
                0x00000000080045eb       0x21 ./src/main.o
 .rodata._ZN14rosserial_msgs3Log7getTypeEv.str1.1
                0x000000000800460c       0x13 ./src/main.o
 .rodata._ZN14rosserial_msgs9TopicInfo6getMD5Ev.str1.1
                0x000000000800461f       0x21 ./src/main.o
 .rodata._ZN14rosserial_msgs9TopicInfo7getTypeEv.str1.1
                0x0000000008004640       0x19 ./src/main.o
 .rodata._ZN14rosserial_msgsL12REQUESTPARAME
                0x0000000008004659       0x1c ./src/main.o
 .rodata._ZN3ros11NodeHandle_I13STM32HardwareLi25ELi25ELi1024ELi1024EE15negotiateTopicsEv.str1.1
                0x0000000008004675       0x19 ./src/main.o
                                          0x1 (size before relaxing)
 .rodata._ZN3ros11NodeHandle_I13STM32HardwareLi25ELi25ELi1024ELi1024EE7publishEiPKNS_3MsgE.str1.1
                0x0000000008004675       0x39 ./src/main.o
 .rodata._ZN8std_msgs4Time6getMD5Ev.str1.1
                0x00000000080046ae       0x21 ./src/main.o
 .rodata._ZN8std_msgs4Time7getTypeEv.str1.1
                0x00000000080046cf        0xe ./src/main.o
 .rodata._ZN8std_msgs6Header6getMD5Ev.str1.1
                0x00000000080046dd       0x21 ./src/main.o
 .rodata._ZN8std_msgs6Header7getTypeEv.str1.1
                0x00000000080046fe       0x10 ./src/main.o
 .rodata._ZN8std_msgs6UInt326getMD5Ev.str1.1
                0x000000000800470e       0x21 ./src/main.o
 .rodata._ZN8std_msgs6UInt327getTypeEv.str1.1
                0x000000000800472f       0x10 ./src/main.o
 .rodata.main.str1.1
                0x000000000800473f        0x5 ./src/main.o
 .rodata.npio2_hw
                0x0000000008004744       0x80 /home/yusaku/eclipse/gcc-arm-none-eabi-6-2017-q2-update/bin/../lib/gcc/arm-none-eabi/6.3.1/../../../../arm-none-eabi/lib/thumb/v7-m/libm.a(lib_a-e_rem_pio2.o)
 .rodata.two_over_pi
                0x00000000080047c4      0x108 /home/yusaku/eclipse/gcc-arm-none-eabi-6-2017-q2-update/bin/../lib/gcc/arm-none-eabi/6.3.1/../../../../arm-none-eabi/lib/thumb/v7-m/libm.a(lib_a-e_rem_pio2.o)
 *fill*         0x00000000080048cc        0x4 
 .rodata.PIo2   0x00000000080048d0       0x40 /home/yusaku/eclipse/gcc-arm-none-eabi-6-2017-q2-update/bin/../lib/gcc/arm-none-eabi/6.3.1/../../../../arm-none-eabi/lib/thumb/v7-m/libm.a(lib_a-k_rem_pio2.o)
 .rodata.init_jk
                0x0000000008004910       0x10 /home/yusaku/eclipse/gcc-arm-none-eabi-6-2017-q2-update/bin/../lib/gcc/arm-none-eabi/6.3.1/../../../../arm-none-eabi/lib/thumb/v7-m/libm.a(lib_a-k_rem_pio2.o)
 *(vtable)
 *(.eh_frame*)
 *(.glue_7)
 .glue_7        0x0000000008004920        0x0 linker stubs
 *(.glue_7t)
 .glue_7t       0x0000000008004920        0x0 linker stubs

.vfp11_veneer   0x0000000008004920        0x0
 .vfp11_veneer  0x0000000008004920        0x0 linker stubs

.v4_bx          0x0000000008004920        0x0
 .v4_bx         0x0000000008004920        0x0 linker stubs

.iplt           0x0000000008004920        0x0
 .iplt          0x0000000008004920        0x0 ./system/src/stm32f1-stdperiph/misc.o

.rel.dyn        0x0000000008004920        0x0
 .rel.iplt      0x0000000008004920        0x0 ./system/src/stm32f1-stdperiph/misc.o

.ARM.extab
 *(.ARM.extab* .gnu.linkonce.armextab.*)
                0x0000000008004920                . = ALIGN (0x4)
                0x0000000008004920                __exidx_start = .

.ARM.exidx
 *(.ARM.exidx* .gnu.linkonce.armexidx.*)
                0x0000000008004920                __exidx_end = .
                0x0000000008004920                . = ALIGN (0x4)
                0x0000000008004920                _etext = .
                0x0000000008004920                __etext = .

.data_CCMRAM    0x0000000000000000        0x0 load address 0x0000000008004920
 FILL mask 0xff
 *(.data.CCMRAM .data.CCMRAM.*)
                0x0000000000000000                . = ALIGN (0x4)
                0x0000000008004920                _sidata = LOADADDR (.data)

.data           0x0000000020000000       0x94 load address 0x0000000008004920
 FILL mask 0xff
                0x0000000020000000                _sdata = .
                0x0000000020000000                __data_start__ = .
 *(.data_begin .data_begin.*)
 *(.data .data.*)
 .data.ADCPrescTable
                0x0000000020000000        0x4 ./system/src/stm32f1-stdperiph/stm32f10x_rcc.o
 .data.APBAHBPrescTable
                0x0000000020000004       0x10 ./system/src/stm32f1-stdperiph/stm32f10x_rcc.o
 .data.argv.4263
                0x0000000020000014        0x8 ./system/src/newlib/_syscalls.o
 .data.AHBPrescTable
                0x000000002000001c       0x10 ./system/src/cmsis/system_stm32f10x.o
                0x000000002000001c                AHBPrescTable
 .data.SystemCoreClock
                0x000000002000002c        0x4 ./system/src/cmsis/system_stm32f10x.o
                0x000000002000002c                SystemCoreClock
 .data._impure_ptr
                0x0000000020000030        0x4 /home/yusaku/eclipse/gcc-arm-none-eabi-6-2017-q2-update/bin/../lib/gcc/arm-none-eabi/6.3.1/../../../../arm-none-eabi/lib/thumb/v7-m/libg_nano.a(lib_a-impure.o)
                0x0000000020000030                _impure_ptr
 .data.impure_data
                0x0000000020000034       0x60 /home/yusaku/eclipse/gcc-arm-none-eabi-6-2017-q2-update/bin/../lib/gcc/arm-none-eabi/6.3.1/../../../../arm-none-eabi/lib/thumb/v7-m/libg_nano.a(lib_a-impure.o)
 *(.data_end .data_end.*)
                0x0000000020000094                . = ALIGN (0x4)
                0x0000000020000094                _edata = .
                0x0000000020000094                __data_end__ = .

.igot.plt       0x0000000020000094        0x0 load address 0x00000000080049b4
 .igot.plt      0x0000000020000094        0x0 ./system/src/stm32f1-stdperiph/misc.o

.bss_CCMRAM     0x0000000000000000        0x0
 *(.bss.CCMRAM .bss.CCMRAM.*)

.bss            0x0000000020000098      0xa0c
                0x0000000020000098                __bss_start__ = .
                0x0000000020000098                _sbss = .
 *(.bss_begin .bss_begin.*)
 *(.bss .bss.*)
 .bss.current_heap_end.3947
                0x0000000020000098        0x4 ./system/src/newlib/_sbrk.o
 .bss.name.4262
                0x000000002000009c        0x1 ./system/src/newlib/_syscalls.o
 *fill*         0x000000002000009d        0x3 
 .bss._ZN5Timer12currentTicksE
                0x00000000200000a0        0x8 ./src/Timer.o
                0x00000000200000a0                Timer::currentTicks
 .bss._ZN4Uart5Uart1E
                0x00000000200000a8        0x4 ./src/UartWithBuffer.o
                0x00000000200000a8                Uart::Uart1
 .bss._ZL6movavg
                0x00000000200000ac        0x4 ./src/main.o
 .bss.mpu9250   0x00000000200000b0        0x4 ./src/main.o
                0x00000000200000b0                mpu9250
 .bss.nh        0x00000000200000b4      0x930 ./src/main.o
                0x00000000200000b4                nh
 *fill*         0x00000000200009e4        0x4 
 .bss.pose_msg  0x00000000200009e8       0x68 ./src/main.o
                0x00000000200009e8                pose_msg
 .bss.pose_pub  0x0000000020000a50       0x14 ./src/main.o
                0x0000000020000a50                pose_pub
 .bss.txbufcnt_msg
                0x0000000020000a64        0x8 ./src/main.o
                0x0000000020000a64                txbufcnt_msg
 .bss.txbufcnt_pub
                0x0000000020000a6c       0x14 ./src/main.o
                0x0000000020000a6c                txbufcnt_pub
 .bss.x         0x0000000020000a80        0x8 ./src/main.o
                0x0000000020000a80                x
 .bss.y         0x0000000020000a88        0x8 ./src/main.o
                0x0000000020000a88                y
 .bss.yaw       0x0000000020000a90        0x4 ./src/main.o
                0x0000000020000a90                yaw
 .bss._ZN12_GLOBAL__N_113__new_handlerE
                0x0000000020000a94        0x4 /home/yusaku/eclipse/gcc-arm-none-eabi-6-2017-q2-update/bin/../lib/gcc/arm-none-eabi/6.3.1/../../../../arm-none-eabi/lib/thumb/v7-m/libstdc++_nano.a(new_handler.o)
 .bss.__malloc_free_list
                0x0000000020000a98        0x4 /home/yusaku/eclipse/gcc-arm-none-eabi-6-2017-q2-update/bin/../lib/gcc/arm-none-eabi/6.3.1/../../../../arm-none-eabi/lib/thumb/v7-m/libg_nano.a(lib_a-nano-mallocr.o)
                0x0000000020000a98                __malloc_free_list
 .bss.__malloc_sbrk_start
                0x0000000020000a9c        0x4 /home/yusaku/eclipse/gcc-arm-none-eabi-6-2017-q2-update/bin/../lib/gcc/arm-none-eabi/6.3.1/../../../../arm-none-eabi/lib/thumb/v7-m/libg_nano.a(lib_a-nano-mallocr.o)
                0x0000000020000a9c                __malloc_sbrk_start
 *(COMMON)
 COMMON         0x0000000020000aa0        0x4 ./system/src/newlib/_syscalls.o
                0x0000000020000aa0                errno
 *(.bss_end .bss_end.*)
                0x0000000020000aa4                . = ALIGN (0x4)
                0x0000000020000aa4                __bss_end__ = .
                0x0000000020000aa4                _ebss = .

.noinit_CCMRAM
 *(.noinit.CCMRAM .noinit.CCMRAM.*)

.noinit         0x0000000020000aa4        0x0
                0x0000000020000aa4                _noinit = .
 *(.noinit .noinit.*)
                0x0000000020000aa4                . = ALIGN (0x4)
                0x0000000020000aa4                _end_noinit = .
                [!provide]                        PROVIDE (end, _end_noinit)
                [!provide]                        PROVIDE (_end, _end_noinit)
                [!provide]                        PROVIDE (__end, _end_noinit)
                [!provide]                        PROVIDE (__end__, _end_noinit)

._check_stack   0x0000000020000aa4      0x100
                0x0000000020000ba4                . = (. + _Minimum_Stack_Size)
 *fill*         0x0000000020000aa4      0x100 

.b1text
 *(.b1text)
 *(.b1rodata)
 *(.b1rodata.*)

.eb0text
 *(.eb0text)
 *(.eb0rodata)
 *(.eb0rodata.*)

.eb1text
 *(.eb1text)
 *(.eb1rodata)
 *(.eb1rodata.*)

.eb2text
 *(.eb2text)
 *(.eb2rodata)
 *(.eb2rodata.*)

.eb3text
 *(.eb3text)
 *(.eb3rodata)
 *(.eb3rodata.*)

.stab
 *(.stab)

.stabstr
 *(.stabstr)

.stab.excl
 *(.stab.excl)

.stab.exclstr
 *(.stab.exclstr)

.stab.index
 *(.stab.index)

.stab.indexstr
 *(.stab.indexstr)

.comment        0x0000000000000000       0x7f
 *(.comment)
 .comment       0x0000000000000000       0x7f ./system/src/stm32f1-stdperiph/stm32f10x_gpio.o
                                         0x80 (size before relaxing)
 .comment       0x000000000000007f       0x80 ./system/src/stm32f1-stdperiph/stm32f10x_rcc.o
 .comment       0x000000000000007f       0x80 ./system/src/stm32f1-stdperiph/stm32f10x_spi.o
 .comment       0x000000000000007f       0x80 ./system/src/stm32f1-stdperiph/stm32f10x_tim.o
 .comment       0x000000000000007f       0x80 ./system/src/stm32f1-stdperiph/stm32f10x_usart.o
 .comment       0x000000000000007f       0x80 ./system/src/newlib/_exit.o
 .comment       0x000000000000007f       0x80 ./system/src/newlib/_sbrk.o
 .comment       0x000000000000007f       0x80 ./system/src/newlib/_startup.o
 .comment       0x000000000000007f       0x80 ./system/src/newlib/_syscalls.o
 .comment       0x000000000000007f       0x80 ./system/src/cortexm/_initialize_hardware.o
 .comment       0x000000000000007f       0x80 ./system/src/cortexm/_reset_hardware.o
 .comment       0x000000000000007f       0x80 ./system/src/cortexm/exception_handlers.o
 .comment       0x000000000000007f       0x80 ./system/src/cmsis/system_stm32f10x.o
 .comment       0x000000000000007f       0x80 ./system/src/cmsis/vectors_stm32f10x.o
 .comment       0x000000000000007f       0x80 ./src/ros_lib/time.o
 .comment       0x000000000000007f       0x80 ./src/Init.o
 .comment       0x000000000000007f       0x80 ./src/MPU9250.o
 .comment       0x000000000000007f       0x80 ./src/Timer.o
 .comment       0x000000000000007f       0x80 ./src/UartWithBuffer.o
 .comment       0x000000000000007f       0x80 ./src/main.o

.ARM.attributes
                0x0000000000000000       0x31
 .ARM.attributes
                0x0000000000000000       0x33 ./system/src/stm32f1-stdperiph/stm32f10x_gpio.o
 .ARM.attributes
                0x0000000000000033       0x33 ./system/src/stm32f1-stdperiph/stm32f10x_rcc.o
 .ARM.attributes
                0x0000000000000066       0x33 ./system/src/stm32f1-stdperiph/stm32f10x_spi.o
 .ARM.attributes
                0x0000000000000099       0x33 ./system/src/stm32f1-stdperiph/stm32f10x_tim.o
 .ARM.attributes
                0x00000000000000cc       0x33 ./system/src/stm32f1-stdperiph/stm32f10x_usart.o
 .ARM.attributes
                0x00000000000000ff       0x33 ./system/src/newlib/_exit.o
 .ARM.attributes
                0x0000000000000132       0x33 ./system/src/newlib/_sbrk.o
 .ARM.attributes
                0x0000000000000165       0x33 ./system/src/newlib/_startup.o
 .ARM.attributes
                0x0000000000000198       0x33 ./system/src/newlib/_syscalls.o
 .ARM.attributes
                0x00000000000001cb       0x33 ./system/src/cortexm/_initialize_hardware.o
 .ARM.attributes
                0x00000000000001fe       0x33 ./system/src/cortexm/_reset_hardware.o
 .ARM.attributes
                0x0000000000000231       0x33 ./system/src/cortexm/exception_handlers.o
 .ARM.attributes
                0x0000000000000264       0x33 ./system/src/cmsis/system_stm32f10x.o
 .ARM.attributes
                0x0000000000000297       0x33 ./system/src/cmsis/vectors_stm32f10x.o
 .ARM.attributes
                0x00000000000002ca       0x33 ./src/ros_lib/time.o
 .ARM.attributes
                0x00000000000002fd       0x33 ./src/Init.o
 .ARM.attributes
                0x0000000000000330       0x33 ./src/MPU9250.o
 .ARM.attributes
                0x0000000000000363       0x33 ./src/Timer.o
 .ARM.attributes
                0x0000000000000396       0x33 ./src/UartWithBuffer.o
 .ARM.attributes
                0x00000000000003c9       0x33 ./src/main.o
 .ARM.attributes
                0x00000000000003fc       0x2d /home/yusaku/eclipse/gcc-arm-none-eabi-6-2017-q2-update/bin/../lib/gcc/arm-none-eabi/6.3.1/../../../../arm-none-eabi/lib/thumb/v7-m/libstdc++_nano.a(new_op.o)
 .ARM.attributes
                0x0000000000000429       0x2d /home/yusaku/eclipse/gcc-arm-none-eabi-6-2017-q2-update/bin/../lib/gcc/arm-none-eabi/6.3.1/../../../../arm-none-eabi/lib/thumb/v7-m/libstdc++_nano.a(new_opv.o)
 .ARM.attributes
                0x0000000000000456       0x2d /home/yusaku/eclipse/gcc-arm-none-eabi-6-2017-q2-update/bin/../lib/gcc/arm-none-eabi/6.3.1/../../../../arm-none-eabi/lib/thumb/v7-m/libstdc++_nano.a(new_handler.o)
 .ARM.attributes
                0x0000000000000483       0x2d /home/yusaku/eclipse/gcc-arm-none-eabi-6-2017-q2-update/bin/../lib/gcc/arm-none-eabi/6.3.1/../../../../arm-none-eabi/lib/thumb/v7-m/libm.a(lib_a-s_cos.o)
 .ARM.attributes
                0x00000000000004b0       0x2d /home/yusaku/eclipse/gcc-arm-none-eabi-6-2017-q2-update/bin/../lib/gcc/arm-none-eabi/6.3.1/../../../../arm-none-eabi/lib/thumb/v7-m/libm.a(lib_a-s_sin.o)
 .ARM.attributes
                0x00000000000004dd       0x2d /home/yusaku/eclipse/gcc-arm-none-eabi-6-2017-q2-update/bin/../lib/gcc/arm-none-eabi/6.3.1/../../../../arm-none-eabi/lib/thumb/v7-m/libm.a(lib_a-e_rem_pio2.o)
 .ARM.attributes
                0x000000000000050a       0x2d /home/yusaku/eclipse/gcc-arm-none-eabi-6-2017-q2-update/bin/../lib/gcc/arm-none-eabi/6.3.1/../../../../arm-none-eabi/lib/thumb/v7-m/libm.a(lib_a-k_cos.o)
 .ARM.attributes
                0x0000000000000537       0x2d /home/yusaku/eclipse/gcc-arm-none-eabi-6-2017-q2-update/bin/../lib/gcc/arm-none-eabi/6.3.1/../../../../arm-none-eabi/lib/thumb/v7-m/libm.a(lib_a-k_rem_pio2.o)
 .ARM.attributes
                0x0000000000000564       0x2d /home/yusaku/eclipse/gcc-arm-none-eabi-6-2017-q2-update/bin/../lib/gcc/arm-none-eabi/6.3.1/../../../../arm-none-eabi/lib/thumb/v7-m/libm.a(lib_a-k_sin.o)
 .ARM.attributes
                0x0000000000000591       0x2d /home/yusaku/eclipse/gcc-arm-none-eabi-6-2017-q2-update/bin/../lib/gcc/arm-none-eabi/6.3.1/../../../../arm-none-eabi/lib/thumb/v7-m/libm.a(lib_a-s_fabs.o)
 .ARM.attributes
                0x00000000000005be       0x2d /home/yusaku/eclipse/gcc-arm-none-eabi-6-2017-q2-update/bin/../lib/gcc/arm-none-eabi/6.3.1/../../../../arm-none-eabi/lib/thumb/v7-m/libm.a(lib_a-s_floor.o)
 .ARM.attributes
                0x00000000000005eb       0x2d /home/yusaku/eclipse/gcc-arm-none-eabi-6-2017-q2-update/bin/../lib/gcc/arm-none-eabi/6.3.1/../../../../arm-none-eabi/lib/thumb/v7-m/libm.a(lib_a-s_scalbn.o)
 .ARM.attributes
                0x0000000000000618       0x2d /home/yusaku/eclipse/gcc-arm-none-eabi-6-2017-q2-update/bin/../lib/gcc/arm-none-eabi/6.3.1/../../../../arm-none-eabi/lib/thumb/v7-m/libm.a(lib_a-s_copysign.o)
 .ARM.attributes
                0x0000000000000645       0x1d /home/yusaku/eclipse/gcc-arm-none-eabi-6-2017-q2-update/bin/../lib/gcc/arm-none-eabi/6.3.1/thumb/v7-m/libgcc.a(_arm_addsubdf3.o)
 .ARM.attributes
                0x0000000000000662       0x1d /home/yusaku/eclipse/gcc-arm-none-eabi-6-2017-q2-update/bin/../lib/gcc/arm-none-eabi/6.3.1/thumb/v7-m/libgcc.a(_arm_muldivdf3.o)
 .ARM.attributes
                0x000000000000067f       0x1d /home/yusaku/eclipse/gcc-arm-none-eabi-6-2017-q2-update/bin/../lib/gcc/arm-none-eabi/6.3.1/thumb/v7-m/libgcc.a(_arm_cmpdf2.o)
 .ARM.attributes
                0x000000000000069c       0x1d /home/yusaku/eclipse/gcc-arm-none-eabi-6-2017-q2-update/bin/../lib/gcc/arm-none-eabi/6.3.1/thumb/v7-m/libgcc.a(_arm_fixdfsi.o)
 .ARM.attributes
                0x00000000000006b9       0x1d /home/yusaku/eclipse/gcc-arm-none-eabi-6-2017-q2-update/bin/../lib/gcc/arm-none-eabi/6.3.1/thumb/v7-m/libgcc.a(_arm_addsubsf3.o)
 .ARM.attributes
                0x00000000000006d6       0x1d /home/yusaku/eclipse/gcc-arm-none-eabi-6-2017-q2-update/bin/../lib/gcc/arm-none-eabi/6.3.1/thumb/v7-m/libgcc.a(_arm_muldivsf3.o)
 .ARM.attributes
                0x00000000000006f3       0x1d /home/yusaku/eclipse/gcc-arm-none-eabi-6-2017-q2-update/bin/../lib/gcc/arm-none-eabi/6.3.1/thumb/v7-m/libgcc.a(_arm_fixsfsi.o)
 .ARM.attributes
                0x0000000000000710       0x2d /home/yusaku/eclipse/gcc-arm-none-eabi-6-2017-q2-update/bin/../lib/gcc/arm-none-eabi/6.3.1/../../../../arm-none-eabi/lib/thumb/v7-m/libg_nano.a(lib_a-errno.o)
 .ARM.attributes
                0x000000000000073d       0x2d /home/yusaku/eclipse/gcc-arm-none-eabi-6-2017-q2-update/bin/../lib/gcc/arm-none-eabi/6.3.1/../../../../arm-none-eabi/lib/thumb/v7-m/libg_nano.a(lib_a-impure.o)
 .ARM.attributes
                0x000000000000076a       0x2d /home/yusaku/eclipse/gcc-arm-none-eabi-6-2017-q2-update/bin/../lib/gcc/arm-none-eabi/6.3.1/../../../../arm-none-eabi/lib/thumb/v7-m/libg_nano.a(lib_a-malloc.o)
 .ARM.attributes
                0x0000000000000797       0x2d /home/yusaku/eclipse/gcc-arm-none-eabi-6-2017-q2-update/bin/../lib/gcc/arm-none-eabi/6.3.1/../../../../arm-none-eabi/lib/thumb/v7-m/libg_nano.a(lib_a-memcpy-stub.o)
 .ARM.attributes
                0x00000000000007c4       0x2d /home/yusaku/eclipse/gcc-arm-none-eabi-6-2017-q2-update/bin/../lib/gcc/arm-none-eabi/6.3.1/../../../../arm-none-eabi/lib/thumb/v7-m/libg_nano.a(lib_a-nano-freer.o)
 .ARM.attributes
                0x00000000000007f1       0x2d /home/yusaku/eclipse/gcc-arm-none-eabi-6-2017-q2-update/bin/../lib/gcc/arm-none-eabi/6.3.1/../../../../arm-none-eabi/lib/thumb/v7-m/libg_nano.a(lib_a-nano-mallocr.o)
 .ARM.attributes
                0x000000000000081e       0x2d /home/yusaku/eclipse/gcc-arm-none-eabi-6-2017-q2-update/bin/../lib/gcc/arm-none-eabi/6.3.1/../../../../arm-none-eabi/lib/thumb/v7-m/libg_nano.a(lib_a-realloc.o)
 .ARM.attributes
                0x000000000000084b       0x2d /home/yusaku/eclipse/gcc-arm-none-eabi-6-2017-q2-update/bin/../lib/gcc/arm-none-eabi/6.3.1/../../../../arm-none-eabi/lib/thumb/v7-m/libg_nano.a(lib_a-sbrkr.o)
 .ARM.attributes
                0x0000000000000878       0x17 /home/yusaku/eclipse/gcc-arm-none-eabi-6-2017-q2-update/bin/../lib/gcc/arm-none-eabi/6.3.1/../../../../arm-none-eabi/lib/thumb/v7-m/libg_nano.a(lib_a-strlen.o)
 .ARM.attributes
                0x000000000000088f       0x2d /home/yusaku/eclipse/gcc-arm-none-eabi-6-2017-q2-update/bin/../lib/gcc/arm-none-eabi/6.3.1/../../../../arm-none-eabi/lib/thumb/v7-m/libg_nano.a(lib_a-mlock.o)
 .ARM.attributes
                0x00000000000008bc       0x2d /home/yusaku/eclipse/gcc-arm-none-eabi-6-2017-q2-update/bin/../lib/gcc/arm-none-eabi/6.3.1/../../../../arm-none-eabi/lib/thumb/v7-m/libg_nano.a(lib_a-nano-reallocr.o)
 .ARM.attributes
                0x00000000000008e9       0x2d /home/yusaku/eclipse/gcc-arm-none-eabi-6-2017-q2-update/bin/../lib/gcc/arm-none-eabi/6.3.1/../../../../arm-none-eabi/lib/thumb/v7-m/libg_nano.a(lib_a-nano-msizer.o)

.debug
 *(.debug)

.line
 *(.line)

.debug_srcinfo
 *(.debug_srcinfo)

.debug_sfnames
 *(.debug_sfnames)

.debug_aranges  0x0000000000000000      0xb28
 *(.debug_aranges)
 .debug_aranges
                0x0000000000000000       0xa8 ./system/src/stm32f1-stdperiph/stm32f10x_gpio.o
 .debug_aranges
                0x00000000000000a8      0x118 ./system/src/stm32f1-stdperiph/stm32f10x_rcc.o
 .debug_aranges
                0x00000000000001c0       0xd0 ./system/src/stm32f1-stdperiph/stm32f10x_spi.o
 .debug_aranges
                0x0000000000000290      0x2d0 ./system/src/stm32f1-stdperiph/stm32f10x_tim.o
 .debug_aranges
                0x0000000000000560      0x100 ./system/src/stm32f1-stdperiph/stm32f10x_usart.o
 .debug_aranges
                0x0000000000000660       0x28 ./system/src/newlib/_exit.o
 .debug_aranges
                0x0000000000000688       0x20 ./system/src/newlib/_sbrk.o
 .debug_aranges
                0x00000000000006a8       0x40 ./system/src/newlib/_startup.o
 .debug_aranges
                0x00000000000006e8       0x30 ./system/src/newlib/_syscalls.o
 .debug_aranges
                0x0000000000000718       0x28 ./system/src/cortexm/_initialize_hardware.o
 .debug_aranges
                0x0000000000000740       0x20 ./system/src/cortexm/_reset_hardware.o
 .debug_aranges
                0x0000000000000760       0x80 ./system/src/cortexm/exception_handlers.o
 .debug_aranges
                0x00000000000007e0       0x28 ./system/src/cmsis/system_stm32f10x.o
 .debug_aranges
                0x0000000000000808       0x20 ./system/src/cmsis/vectors_stm32f10x.o
 .debug_aranges
                0x0000000000000828       0x38 ./src/ros_lib/time.o
 .debug_aranges
                0x0000000000000860       0x30 ./src/Init.o
 .debug_aranges
                0x0000000000000890       0x50 ./src/MPU9250.o
 .debug_aranges
                0x00000000000008e0       0x28 ./src/Timer.o
 .debug_aranges
                0x0000000000000908       0x28 ./src/UartWithBuffer.o
 .debug_aranges
                0x0000000000000930      0x1f8 ./src/main.o

.debug_pubnames
 *(.debug_pubnames)

.debug_info     0x0000000000000000    0x146b9
 *(.debug_info .gnu.linkonce.wi.*)
 .debug_info    0x0000000000000000      0x7cc ./system/src/stm32f1-stdperiph/stm32f10x_gpio.o
 .debug_info    0x00000000000007cc      0x8b8 ./system/src/stm32f1-stdperiph/stm32f10x_rcc.o
 .debug_info    0x0000000000001084      0x981 ./system/src/stm32f1-stdperiph/stm32f10x_spi.o
 .debug_info    0x0000000000001a05     0x2032 ./system/src/stm32f1-stdperiph/stm32f10x_tim.o
 .debug_info    0x0000000000003a37      0xaa8 ./system/src/stm32f1-stdperiph/stm32f10x_usart.o
 .debug_info    0x00000000000044df      0x967 ./system/src/newlib/_exit.o
 .debug_info    0x0000000000004e46      0x945 ./system/src/newlib/_sbrk.o
 .debug_info    0x000000000000578b      0x3d1 ./system/src/newlib/_startup.o
 .debug_info    0x0000000000005b5c      0xa1c ./system/src/newlib/_syscalls.o
 .debug_info    0x0000000000006578      0x2b8 ./system/src/cortexm/_initialize_hardware.o
 .debug_info    0x0000000000006830      0x2ca ./system/src/cortexm/_reset_hardware.o
 .debug_info    0x0000000000006afa      0xad2 ./system/src/cortexm/exception_handlers.o
 .debug_info    0x00000000000075cc      0x49f ./system/src/cmsis/system_stm32f10x.o
 .debug_info    0x0000000000007a6b       0xcd ./system/src/cmsis/vectors_stm32f10x.o
 .debug_info    0x0000000000007b38     0x1d52 ./src/ros_lib/time.o
 .debug_info    0x000000000000988a      0x9c5 ./src/Init.o
 .debug_info    0x000000000000a24f      0x84f ./src/MPU9250.o
 .debug_info    0x000000000000aa9e      0x1c2 ./src/Timer.o
 .debug_info    0x000000000000ac60      0x6fc ./src/UartWithBuffer.o
 .debug_info    0x000000000000b35c     0x935d ./src/main.o

.debug_abbrev   0x0000000000000000     0x30f6
 *(.debug_abbrev)
 .debug_abbrev  0x0000000000000000      0x21c ./system/src/stm32f1-stdperiph/stm32f10x_gpio.o
 .debug_abbrev  0x000000000000021c      0x1f5 ./system/src/stm32f1-stdperiph/stm32f10x_rcc.o
 .debug_abbrev  0x0000000000000411      0x1f9 ./system/src/stm32f1-stdperiph/stm32f10x_spi.o
 .debug_abbrev  0x000000000000060a      0x2e5 ./system/src/stm32f1-stdperiph/stm32f10x_tim.o
 .debug_abbrev  0x00000000000008ef      0x1f7 ./system/src/stm32f1-stdperiph/stm32f10x_usart.o
 .debug_abbrev  0x0000000000000ae6      0x210 ./system/src/newlib/_exit.o
 .debug_abbrev  0x0000000000000cf6      0x1f9 ./system/src/newlib/_sbrk.o
 .debug_abbrev  0x0000000000000eef      0x173 ./system/src/newlib/_startup.o
 .debug_abbrev  0x0000000000001062      0x231 ./system/src/newlib/_syscalls.o
 .debug_abbrev  0x0000000000001293       0xf5 ./system/src/cortexm/_initialize_hardware.o
 .debug_abbrev  0x0000000000001388      0x10d ./system/src/cortexm/_reset_hardware.o
 .debug_abbrev  0x0000000000001495      0x1fe ./system/src/cortexm/exception_handlers.o
 .debug_abbrev  0x0000000000001693      0x18c ./system/src/cmsis/system_stm32f10x.o
 .debug_abbrev  0x000000000000181f       0x9a ./system/src/cmsis/vectors_stm32f10x.o
 .debug_abbrev  0x00000000000018b9      0x3a5 ./src/ros_lib/time.o
 .debug_abbrev  0x0000000000001c5e      0x157 ./src/Init.o
 .debug_abbrev  0x0000000000001db5      0x2a2 ./src/MPU9250.o
 .debug_abbrev  0x0000000000002057      0x18f ./src/Timer.o
 .debug_abbrev  0x00000000000021e6      0x2ab ./src/UartWithBuffer.o
 .debug_abbrev  0x0000000000002491      0xc65 ./src/main.o

.debug_line     0x0000000000000000     0x4262
 *(.debug_line)
 .debug_line    0x0000000000000000      0x327 ./system/src/stm32f1-stdperiph/stm32f10x_gpio.o
 .debug_line    0x0000000000000327      0x3f9 ./system/src/stm32f1-stdperiph/stm32f10x_rcc.o
 .debug_line    0x0000000000000720      0x3a9 ./system/src/stm32f1-stdperiph/stm32f10x_spi.o
 .debug_line    0x0000000000000ac9      0xa9d ./system/src/stm32f1-stdperiph/stm32f10x_tim.o
 .debug_line    0x0000000000001566      0x41d ./system/src/stm32f1-stdperiph/stm32f10x_usart.o
 .debug_line    0x0000000000001983      0x1c1 ./system/src/newlib/_exit.o
 .debug_line    0x0000000000001b44      0x150 ./system/src/newlib/_sbrk.o
 .debug_line    0x0000000000001c94      0x10d ./system/src/newlib/_startup.o
 .debug_line    0x0000000000001da1      0x1d9 ./system/src/newlib/_syscalls.o
 .debug_line    0x0000000000001f7a      0x117 ./system/src/cortexm/_initialize_hardware.o
 .debug_line    0x0000000000002091      0x126 ./system/src/cortexm/_reset_hardware.o
 .debug_line    0x00000000000021b7      0x1ea ./system/src/cortexm/exception_handlers.o
 .debug_line    0x00000000000023a1      0x168 ./system/src/cmsis/system_stm32f10x.o
 .debug_line    0x0000000000002509       0x58 ./system/src/cmsis/vectors_stm32f10x.o
 .debug_line    0x0000000000002561      0x2fe ./src/ros_lib/time.o
 .debug_line    0x000000000000285f      0x1f1 ./src/Init.o
 .debug_line    0x0000000000002a50      0x1c8 ./src/MPU9250.o
 .debug_line    0x0000000000002c18      0x117 ./src/Timer.o
 .debug_line    0x0000000000002d2f      0x1f0 ./src/UartWithBuffer.o
 .debug_line    0x0000000000002f1f     0x1343 ./src/main.o

.debug_frame    0x0000000000000000     0x1fac
 *(.debug_frame)
 .debug_frame   0x0000000000000000      0x170 ./system/src/stm32f1-stdperiph/stm32f10x_gpio.o
 .debug_frame   0x0000000000000170      0x220 ./system/src/stm32f1-stdperiph/stm32f10x_rcc.o
 .debug_frame   0x0000000000000390      0x1c0 ./system/src/stm32f1-stdperiph/stm32f10x_spi.o
 .debug_frame   0x0000000000000550      0x6a4 ./system/src/stm32f1-stdperiph/stm32f10x_tim.o
 .debug_frame   0x0000000000000bf4      0x224 ./system/src/stm32f1-stdperiph/stm32f10x_usart.o
 .debug_frame   0x0000000000000e18       0x40 ./system/src/newlib/_exit.o
 .debug_frame   0x0000000000000e58       0x28 ./system/src/newlib/_sbrk.o
 .debug_frame   0x0000000000000e80       0x80 ./system/src/newlib/_startup.o
 .debug_frame   0x0000000000000f00       0x50 ./system/src/newlib/_syscalls.o
 .debug_frame   0x0000000000000f50       0x38 ./system/src/cortexm/_initialize_hardware.o
 .debug_frame   0x0000000000000f88       0x20 ./system/src/cortexm/_reset_hardware.o
 .debug_frame   0x0000000000000fa8       0xe0 ./system/src/cortexm/exception_handlers.o
 .debug_frame   0x0000000000001088       0x3c ./system/src/cmsis/system_stm32f10x.o
 .debug_frame   0x00000000000010c4       0x20 ./system/src/cmsis/vectors_stm32f10x.o
 .debug_frame   0x00000000000010e4       0x74 ./src/ros_lib/time.o
 .debug_frame   0x0000000000001158       0x68 ./src/Init.o
 .debug_frame   0x00000000000011c0       0xc0 ./src/MPU9250.o
 .debug_frame   0x0000000000001280       0x3c ./src/Timer.o
 .debug_frame   0x00000000000012bc       0x48 ./src/UartWithBuffer.o
 .debug_frame   0x0000000000001304      0x5b0 ./src/main.o
 .debug_frame   0x00000000000018b4       0x28 /home/yusaku/eclipse/gcc-arm-none-eabi-6-2017-q2-update/bin/../lib/gcc/arm-none-eabi/6.3.1/../../../../arm-none-eabi/lib/thumb/v7-m/libstdc++_nano.a(new_op.o)
 .debug_frame   0x00000000000018dc       0x20 /home/yusaku/eclipse/gcc-arm-none-eabi-6-2017-q2-update/bin/../lib/gcc/arm-none-eabi/6.3.1/../../../../arm-none-eabi/lib/thumb/v7-m/libstdc++_nano.a(new_opv.o)
 .debug_frame   0x00000000000018fc       0x30 /home/yusaku/eclipse/gcc-arm-none-eabi-6-2017-q2-update/bin/../lib/gcc/arm-none-eabi/6.3.1/../../../../arm-none-eabi/lib/thumb/v7-m/libstdc++_nano.a(new_handler.o)
 .debug_frame   0x000000000000192c       0x38 /home/yusaku/eclipse/gcc-arm-none-eabi-6-2017-q2-update/bin/../lib/gcc/arm-none-eabi/6.3.1/../../../../arm-none-eabi/lib/thumb/v7-m/libm.a(lib_a-s_cos.o)
 .debug_frame   0x0000000000001964       0x38 /home/yusaku/eclipse/gcc-arm-none-eabi-6-2017-q2-update/bin/../lib/gcc/arm-none-eabi/6.3.1/../../../../arm-none-eabi/lib/thumb/v7-m/libm.a(lib_a-s_sin.o)
 .debug_frame   0x000000000000199c       0x48 /home/yusaku/eclipse/gcc-arm-none-eabi-6-2017-q2-update/bin/../lib/gcc/arm-none-eabi/6.3.1/../../../../arm-none-eabi/lib/thumb/v7-m/libm.a(lib_a-e_rem_pio2.o)
 .debug_frame   0x00000000000019e4       0x4c /home/yusaku/eclipse/gcc-arm-none-eabi-6-2017-q2-update/bin/../lib/gcc/arm-none-eabi/6.3.1/../../../../arm-none-eabi/lib/thumb/v7-m/libm.a(lib_a-k_cos.o)
 .debug_frame   0x0000000000001a30       0x50 /home/yusaku/eclipse/gcc-arm-none-eabi-6-2017-q2-update/bin/../lib/gcc/arm-none-eabi/6.3.1/../../../../arm-none-eabi/lib/thumb/v7-m/libm.a(lib_a-k_rem_pio2.o)
 .debug_frame   0x0000000000001a80       0x48 /home/yusaku/eclipse/gcc-arm-none-eabi-6-2017-q2-update/bin/../lib/gcc/arm-none-eabi/6.3.1/../../../../arm-none-eabi/lib/thumb/v7-m/libm.a(lib_a-k_sin.o)
 .debug_frame   0x0000000000001ac8       0x20 /home/yusaku/eclipse/gcc-arm-none-eabi-6-2017-q2-update/bin/../lib/gcc/arm-none-eabi/6.3.1/../../../../arm-none-eabi/lib/thumb/v7-m/libm.a(lib_a-s_fabs.o)
 .debug_frame   0x0000000000001ae8       0x34 /home/yusaku/eclipse/gcc-arm-none-eabi-6-2017-q2-update/bin/../lib/gcc/arm-none-eabi/6.3.1/../../../../arm-none-eabi/lib/thumb/v7-m/libm.a(lib_a-s_floor.o)
 .debug_frame   0x0000000000001b1c       0x30 /home/yusaku/eclipse/gcc-arm-none-eabi-6-2017-q2-update/bin/../lib/gcc/arm-none-eabi/6.3.1/../../../../arm-none-eabi/lib/thumb/v7-m/libm.a(lib_a-s_scalbn.o)
 .debug_frame   0x0000000000001b4c       0x20 /home/yusaku/eclipse/gcc-arm-none-eabi-6-2017-q2-update/bin/../lib/gcc/arm-none-eabi/6.3.1/../../../../arm-none-eabi/lib/thumb/v7-m/libm.a(lib_a-s_copysign.o)
 .debug_frame   0x0000000000001b6c       0xac /home/yusaku/eclipse/gcc-arm-none-eabi-6-2017-q2-update/bin/../lib/gcc/arm-none-eabi/6.3.1/thumb/v7-m/libgcc.a(_arm_addsubdf3.o)
 .debug_frame   0x0000000000001c18       0x50 /home/yusaku/eclipse/gcc-arm-none-eabi-6-2017-q2-update/bin/../lib/gcc/arm-none-eabi/6.3.1/thumb/v7-m/libgcc.a(_arm_muldivdf3.o)
 .debug_frame   0x0000000000001c68       0xc4 /home/yusaku/eclipse/gcc-arm-none-eabi-6-2017-q2-update/bin/../lib/gcc/arm-none-eabi/6.3.1/thumb/v7-m/libgcc.a(_arm_cmpdf2.o)
 .debug_frame   0x0000000000001d2c       0x24 /home/yusaku/eclipse/gcc-arm-none-eabi-6-2017-q2-update/bin/../lib/gcc/arm-none-eabi/6.3.1/thumb/v7-m/libgcc.a(_arm_fixdfsi.o)
 .debug_frame   0x0000000000001d50       0x4c /home/yusaku/eclipse/gcc-arm-none-eabi-6-2017-q2-update/bin/../lib/gcc/arm-none-eabi/6.3.1/thumb/v7-m/libgcc.a(_arm_addsubsf3.o)
 .debug_frame   0x0000000000001d9c       0x38 /home/yusaku/eclipse/gcc-arm-none-eabi-6-2017-q2-update/bin/../lib/gcc/arm-none-eabi/6.3.1/thumb/v7-m/libgcc.a(_arm_muldivsf3.o)
 .debug_frame   0x0000000000001dd4       0x24 /home/yusaku/eclipse/gcc-arm-none-eabi-6-2017-q2-update/bin/../lib/gcc/arm-none-eabi/6.3.1/thumb/v7-m/libgcc.a(_arm_fixsfsi.o)
 .debug_frame   0x0000000000001df8       0x20 /home/yusaku/eclipse/gcc-arm-none-eabi-6-2017-q2-update/bin/../lib/gcc/arm-none-eabi/6.3.1/../../../../arm-none-eabi/lib/thumb/v7-m/libg_nano.a(lib_a-errno.o)
 .debug_frame   0x0000000000001e18       0x30 /home/yusaku/eclipse/gcc-arm-none-eabi-6-2017-q2-update/bin/../lib/gcc/arm-none-eabi/6.3.1/../../../../arm-none-eabi/lib/thumb/v7-m/libg_nano.a(lib_a-malloc.o)
 .debug_frame   0x0000000000001e48       0x28 /home/yusaku/eclipse/gcc-arm-none-eabi-6-2017-q2-update/bin/../lib/gcc/arm-none-eabi/6.3.1/../../../../arm-none-eabi/lib/thumb/v7-m/libg_nano.a(lib_a-memcpy-stub.o)
 .debug_frame   0x0000000000001e70       0x38 /home/yusaku/eclipse/gcc-arm-none-eabi-6-2017-q2-update/bin/../lib/gcc/arm-none-eabi/6.3.1/../../../../arm-none-eabi/lib/thumb/v7-m/libg_nano.a(lib_a-nano-freer.o)
 .debug_frame   0x0000000000001ea8       0x2c /home/yusaku/eclipse/gcc-arm-none-eabi-6-2017-q2-update/bin/../lib/gcc/arm-none-eabi/6.3.1/../../../../arm-none-eabi/lib/thumb/v7-m/libg_nano.a(lib_a-nano-mallocr.o)
 .debug_frame   0x0000000000001ed4       0x20 /home/yusaku/eclipse/gcc-arm-none-eabi-6-2017-q2-update/bin/../lib/gcc/arm-none-eabi/6.3.1/../../../../arm-none-eabi/lib/thumb/v7-m/libg_nano.a(lib_a-realloc.o)
 .debug_frame   0x0000000000001ef4       0x2c /home/yusaku/eclipse/gcc-arm-none-eabi-6-2017-q2-update/bin/../lib/gcc/arm-none-eabi/6.3.1/../../../../arm-none-eabi/lib/thumb/v7-m/libg_nano.a(lib_a-sbrkr.o)
 .debug_frame   0x0000000000001f20       0x30 /home/yusaku/eclipse/gcc-arm-none-eabi-6-2017-q2-update/bin/../lib/gcc/arm-none-eabi/6.3.1/../../../../arm-none-eabi/lib/thumb/v7-m/libg_nano.a(lib_a-mlock.o)
 .debug_frame   0x0000000000001f50       0x3c /home/yusaku/eclipse/gcc-arm-none-eabi-6-2017-q2-update/bin/../lib/gcc/arm-none-eabi/6.3.1/../../../../arm-none-eabi/lib/thumb/v7-m/libg_nano.a(lib_a-nano-reallocr.o)
 .debug_frame   0x0000000000001f8c       0x20 /home/yusaku/eclipse/gcc-arm-none-eabi-6-2017-q2-update/bin/../lib/gcc/arm-none-eabi/6.3.1/../../../../arm-none-eabi/lib/thumb/v7-m/libg_nano.a(lib_a-nano-msizer.o)

.debug_str      0x0000000000000000     0x67b9
 *(.debug_str)
 .debug_str     0x0000000000000000      0x4e9 ./system/src/stm32f1-stdperiph/stm32f10x_gpio.o
                                        0x590 (size before relaxing)
 .debug_str     0x00000000000004e9      0x425 ./system/src/stm32f1-stdperiph/stm32f10x_rcc.o
                                        0x67a (size before relaxing)
 .debug_str     0x000000000000090e      0x3a0 ./system/src/stm32f1-stdperiph/stm32f10x_spi.o
                                        0x69d (size before relaxing)
 .debug_str     0x0000000000000cae      0xb50 ./system/src/stm32f1-stdperiph/stm32f10x_tim.o
                                        0xe6b (size before relaxing)
 .debug_str     0x00000000000017fe      0x3f7 ./system/src/stm32f1-stdperiph/stm32f10x_usart.o
                                        0x730 (size before relaxing)
 .debug_str     0x0000000000001bf5      0x418 ./system/src/newlib/_exit.o
                                        0x5fa (size before relaxing)
 .debug_str     0x000000000000200d       0x8e ./system/src/newlib/_sbrk.o
                                        0x607 (size before relaxing)
 .debug_str     0x000000000000209b      0x16d ./system/src/newlib/_startup.o
                                        0x32c (size before relaxing)
 .debug_str     0x0000000000002208       0x6b ./system/src/newlib/_syscalls.o
                                        0x62b (size before relaxing)
 .debug_str     0x0000000000002273       0xa9 ./system/src/cortexm/_initialize_hardware.o
                                        0x2b0 (size before relaxing)
 .debug_str     0x000000000000231c       0x45 ./system/src/cortexm/_reset_hardware.o
                                        0x276 (size before relaxing)
 .debug_str     0x0000000000002361      0x11f ./system/src/cortexm/exception_handlers.o
                                        0x6f3 (size before relaxing)
 .debug_str     0x0000000000002480       0x67 ./system/src/cmsis/system_stm32f10x.o
                                        0x334 (size before relaxing)
 .debug_str     0x00000000000024e7       0x57 ./system/src/cmsis/vectors_stm32f10x.o
                                        0x1e3 (size before relaxing)
 .debug_str     0x000000000000253e      0x6ce ./src/ros_lib/time.o
                                        0xc16 (size before relaxing)
 .debug_str     0x0000000000002c0c      0x13e ./src/Init.o
                                        0x7a3 (size before relaxing)
 .debug_str     0x0000000000002d4a      0x2db ./src/MPU9250.o
                                        0x5ea (size before relaxing)
 .debug_str     0x0000000000003025       0xd1 ./src/Timer.o
                                        0x304 (size before relaxing)
 .debug_str     0x00000000000030f6      0x54b ./src/UartWithBuffer.o
                                        0x869 (size before relaxing)
 .debug_str     0x0000000000003641     0x3178 ./src/main.o
                                       0x4c5c (size before relaxing)

.debug_loc      0x0000000000000000     0x5c60
 *(.debug_loc)
 .debug_loc     0x0000000000000000      0x520 ./system/src/stm32f1-stdperiph/stm32f10x_gpio.o
 .debug_loc     0x0000000000000520      0x6b8 ./system/src/stm32f1-stdperiph/stm32f10x_rcc.o
 .debug_loc     0x0000000000000bd8      0x572 ./system/src/stm32f1-stdperiph/stm32f10x_spi.o
 .debug_loc     0x000000000000114a     0x1a90 ./system/src/stm32f1-stdperiph/stm32f10x_tim.o
 .debug_loc     0x0000000000002bda      0x781 ./system/src/stm32f1-stdperiph/stm32f10x_usart.o
 .debug_loc     0x000000000000335b       0x21 ./system/src/newlib/_exit.o
 .debug_loc     0x000000000000337c       0x6a ./system/src/newlib/_sbrk.o
 .debug_loc     0x00000000000033e6      0x148 ./system/src/newlib/_startup.o
 .debug_loc     0x000000000000352e       0x63 ./system/src/newlib/_syscalls.o
 .debug_loc     0x0000000000003591       0xb1 ./system/src/cmsis/system_stm32f10x.o
 .debug_loc     0x0000000000003642       0xc3 ./src/ros_lib/time.o
 .debug_loc     0x0000000000003705      0x27c ./src/MPU9250.o
 .debug_loc     0x0000000000003981       0x28 ./src/Timer.o
 .debug_loc     0x00000000000039a9      0x105 ./src/UartWithBuffer.o
 .debug_loc     0x0000000000003aae     0x21b2 ./src/main.o

.debug_macinfo
 *(.debug_macinfo)

.debug_weaknames
 *(.debug_weaknames)

.debug_funcnames
 *(.debug_funcnames)

.debug_typenames
 *(.debug_typenames)

.debug_varnames
 *(.debug_varnames)
OUTPUT(NHK2018_Odometry.elf elf32-littlearm)

.debug_ranges   0x0000000000000000     0x10a8
 .debug_ranges  0x0000000000000000       0x98 ./system/src/stm32f1-stdperiph/stm32f10x_gpio.o
 .debug_ranges  0x0000000000000098      0x108 ./system/src/stm32f1-stdperiph/stm32f10x_rcc.o
 .debug_ranges  0x00000000000001a0       0xc0 ./system/src/stm32f1-stdperiph/stm32f10x_spi.o
 .debug_ranges  0x0000000000000260      0x308 ./system/src/stm32f1-stdperiph/stm32f10x_tim.o
 .debug_ranges  0x0000000000000568       0xf0 ./system/src/stm32f1-stdperiph/stm32f10x_usart.o
 .debug_ranges  0x0000000000000658       0x18 ./system/src/newlib/_exit.o
 .debug_ranges  0x0000000000000670       0x10 ./system/src/newlib/_sbrk.o
 .debug_ranges  0x0000000000000680       0xa0 ./system/src/newlib/_startup.o
 .debug_ranges  0x0000000000000720       0x20 ./system/src/newlib/_syscalls.o
 .debug_ranges  0x0000000000000740       0x18 ./system/src/cortexm/_initialize_hardware.o
 .debug_ranges  0x0000000000000758       0x10 ./system/src/cortexm/_reset_hardware.o
 .debug_ranges  0x0000000000000768       0x70 ./system/src/cortexm/exception_handlers.o
 .debug_ranges  0x00000000000007d8       0x30 ./system/src/cmsis/system_stm32f10x.o
 .debug_ranges  0x0000000000000808       0x10 ./system/src/cmsis/vectors_stm32f10x.o
 .debug_ranges  0x0000000000000818       0x28 ./src/ros_lib/time.o
 .debug_ranges  0x0000000000000840       0x20 ./src/Init.o
 .debug_ranges  0x0000000000000860       0x78 ./src/MPU9250.o
 .debug_ranges  0x00000000000008d8       0x18 ./src/Timer.o
 .debug_ranges  0x00000000000008f0       0x50 ./src/UartWithBuffer.o
 .debug_ranges  0x0000000000000940      0x768 ./src/main.o
